ASxxxx Linker V03.00 + NoICE + sdld,  page 1.
Hexadecimal  [32-Bits]

Area                                    Addr        Size        Decimal Bytes (Attributes)
--------------------------------        ----        ----        ------- ----- ------------
CABS                                00000000    00000000 =           0. bytes (ABS,CON,CODE)

      Value  Global                              Global Defined In Module
      -----  --------------------------------   ------------------------
C:   00000000  l_CABS                          
C:   00000000  l_GSINIT                        
C:   00000000  l_GSINIT1                       
C:   00000000  l_GSINIT5                       
C:   00000000  l_IABS                          
C:   00000000  l_ISEG                          
C:   00000000  l_PSEG                          
C:   00000000  l_REG_BANK_1                    
C:   00000000  l_REG_BANK_2                    
C:   00000000  l_REG_BANK_3                    
C:   00000000  l_RSEG                          
C:   00000000  l_RSEG0                         
C:   00000000  l_RSEG1                         
C:   00000000  l_XABS                          
C:   00000000  l__CODE                         
C:   00000000  s_BSEG                          
C:   00000000  s_CABS                          
C:   00000000  s_DSEG                          
C:   00000000  s_IABS                          
C:   00000000  s_ISEG                          
C:   00000000  s_REG_BANK_0                    
C:   00000000  s_RSEG                          
C:   00000000  s_RSEG0                         
C:   00000000  s_RSEG1                         
C:   00000000  s_XABS                          
C:   00000001  l_BIT_BANK                      
C:   00000001  l_BSEG_BYTES                    
C:   00000001  l_OSEG                          
C:   00000002  l_BSEG                          
C:   00000003  l_GSFINAL                       
C:   00000003  l_GSINIT0                       
C:   00000003  l_XINIT                         
C:   00000003  l_XISEG                         
C:   00000008  l_REG_BANK_0                    
C:   00000008  s_REG_BANK_1                    
C:   00000009  l_HOME                          
C:   0000000A  l_GSINIT2                       
C:   00000010  s_REG_BANK_2                    
C:   00000018  s_REG_BANK_3                    
C:   0000001C  s_OSEG                          
C:   00000020  s_BSEG_BYTES                    
C:   00000020  s__CODE                         
C:   00000021  s_BIT_BANK                      
C:   00000022  l_GSINIT3                       
C:   00000022  s_SSEG                          
C:   0000002A  l_GSINIT4                       
C:   0000005E  l_SSEG                          
C:   0000007D  l_DSEG                          
C:   00000080  l_IRAM                          
C:   0000008C  l_XSEG                          
ASxxxx Linker V03.00 + NoICE + sdld,  page 2.
Hexadecimal  [32-Bits]

Area                                    Addr        Size        Decimal Bytes (Attributes)
--------------------------------        ----        ----        ------- ----- ------------
CABS                                00000000    00000000 =           0. bytes (ABS,CON,CODE)

      Value  Global                              Global Defined In Module
      -----  --------------------------------   ------------------------
C:   00000400  s_PSEG                          
C:   00000400  s_XSEG                          
C:   00000489  l_CONST                         
C:   0000048C  s_XISEG                         
C:   00001784  l_CSEG                          
C:   00002000  s_HOME                          
C:   00002009  s_GSINIT0                       
C:   0000200C  s_GSINIT1                       
C:   0000200C  s_GSINIT2                       
C:   00002016  s_GSINIT3                       
C:   00002038  s_GSINIT4                       
C:   00002062  s_GSFINAL                       
C:   00002062  s_GSINIT                        
C:   00002062  s_GSINIT5                       
C:   00002065  s_CSEG                          
C:   000037E9  s_CONST                         
C:   00003C72  s_XINIT                         

ASxxxx Linker V03.00 + NoICE + sdld,  page 3.
Hexadecimal  [32-Bits]

Area                                    Addr        Size        Decimal Bytes (Attributes)
--------------------------------        ----        ----        ------- ----- ------------
.  .ABS.                            00000000    00000000 =           0. bytes (ABS,CON)

      Value  Global                              Global Defined In Module
      -----  --------------------------------   ------------------------
     00000000  .__.ABS.                           _bp
     00000080  G$P0$0_0$0                         IO_Expander
     00000080  G$P0_0$0_0$0                       IO_Expander
     00000080  _P0                                IO_Expander
     00000080  _P0_0                              IO_Expander
     00000081  G$P0_1$0_0$0                       IO_Expander
     00000081  G$SP$0_0$0                         IO_Expander
     00000081  _P0_1                              IO_Expander
     00000081  _SP                                IO_Expander
     00000082  G$DPL$0_0$0                        IO_Expander
     00000082  G$P0_2$0_0$0                       IO_Expander
     00000082  _DPL                               IO_Expander
     00000082  _P0_2                              IO_Expander
     00000083  G$DPH$0_0$0                        IO_Expander
     00000083  G$P0_3$0_0$0                       IO_Expander
     00000083  _DPH                               IO_Expander
     00000083  _P0_3                              IO_Expander
     00000084  G$P0_4$0_0$0                       IO_Expander
     00000084  _P0_4                              IO_Expander
     00000085  G$P0_5$0_0$0                       IO_Expander
     00000085  _P0_5                              IO_Expander
     00000086  G$P0_6$0_0$0                       IO_Expander
     00000086  _P0_6                              IO_Expander
     00000087  G$P0_7$0_0$0                       IO_Expander
     00000087  G$PCON$0_0$0                       IO_Expander
     00000087  _P0_7                              IO_Expander
     00000087  _PCON                              IO_Expander
     00000088  G$IT0$0_0$0                        IO_Expander
     00000088  G$TCON$0_0$0                       IO_Expander
     00000088  _IT0                               IO_Expander
     00000088  _TCON                              IO_Expander
     00000089  G$IE0$0_0$0                        IO_Expander
     00000089  G$TMOD$0_0$0                       IO_Expander
     00000089  _IE0                               IO_Expander
     00000089  _TMOD                              IO_Expander
     0000008A  G$IT1$0_0$0                        IO_Expander
     0000008A  G$TL0$0_0$0                        IO_Expander
     0000008A  _IT1                               IO_Expander
     0000008A  _TL0                               IO_Expander
     0000008B  G$IE1$0_0$0                        IO_Expander
     0000008B  G$TL1$0_0$0                        IO_Expander
     0000008B  _IE1                               IO_Expander
     0000008B  _TL1                               IO_Expander
     0000008C  G$TH0$0_0$0                        IO_Expander
     0000008C  G$TR0$0_0$0                        IO_Expander
     0000008C  _TH0                               IO_Expander
     0000008C  _TR0                               IO_Expander
     0000008D  G$TF0$0_0$0                        IO_Expander
     0000008D  G$TH1$0_0$0                        IO_Expander
     0000008D  _TF0                               IO_Expander
ASxxxx Linker V03.00 + NoICE + sdld,  page 4.
Hexadecimal  [32-Bits]

Area                                    Addr        Size        Decimal Bytes (Attributes)
--------------------------------        ----        ----        ------- ----- ------------
.  .ABS.                            00000000    00000000 =           0. bytes (ABS,CON)

      Value  Global                              Global Defined In Module
      -----  --------------------------------   ------------------------
     0000008D  _TH1                               IO_Expander
     0000008E  G$TR1$0_0$0                        IO_Expander
     0000008E  _TR1                               IO_Expander
     0000008F  G$TF1$0_0$0                        IO_Expander
     0000008F  _TF1                               IO_Expander
     00000090  G$P1$0_0$0                         IO_Expander
     00000090  G$P1_0$0_0$0                       IO_Expander
     00000090  _P1                                IO_Expander
     00000090  _P1_0                              IO_Expander
     00000091  G$P1_1$0_0$0                       IO_Expander
     00000091  _P1_1                              IO_Expander
     00000092  G$P1_2$0_0$0                       IO_Expander
     00000092  _P1_2                              IO_Expander
     00000093  G$P1_3$0_0$0                       IO_Expander
     00000093  _P1_3                              IO_Expander
     00000094  G$P1_4$0_0$0                       IO_Expander
     00000094  _P1_4                              IO_Expander
     00000095  G$P1_5$0_0$0                       IO_Expander
     00000095  _P1_5                              IO_Expander
     00000096  G$P1_6$0_0$0                       IO_Expander
     00000096  _P1_6                              IO_Expander
     00000097  G$P1_7$0_0$0                       IO_Expander
     00000097  _P1_7                              IO_Expander
     00000098  G$RI$0_0$0                         IO_Expander
     00000098  G$SCON$0_0$0                       IO_Expander
     00000098  _RI                                IO_Expander
     00000098  _SCON                              IO_Expander
     00000099  G$SBUF$0_0$0                       IO_Expander
     00000099  G$TI$0_0$0                         IO_Expander
     00000099  _SBUF                              IO_Expander
     00000099  _TI                                IO_Expander
     0000009A  G$RB8$0_0$0                        IO_Expander
     0000009A  _RB8                               IO_Expander
     0000009B  G$TB8$0_0$0                        IO_Expander
     0000009B  _TB8                               IO_Expander
     0000009C  G$REN$0_0$0                        IO_Expander
     0000009C  _REN                               IO_Expander
     0000009D  G$SM2$0_0$0                        IO_Expander
     0000009D  _SM2                               IO_Expander
     0000009E  G$SM1$0_0$0                        IO_Expander
     0000009E  _SM1                               IO_Expander
     0000009F  G$SM0$0_0$0                        IO_Expander
     0000009F  _SM0                               IO_Expander
     000000A0  G$P2$0_0$0                         IO_Expander
     000000A0  G$P2_0$0_0$0                       IO_Expander
     000000A0  _P2                                IO_Expander
     000000A0  _P2_0                              IO_Expander
     000000A0  __XPAGE                            
     000000A1  G$P2_1$0_0$0                       IO_Expander
     000000A1  _P2_1                              IO_Expander
     000000A2  G$P2_2$0_0$0                       IO_Expander
ASxxxx Linker V03.00 + NoICE + sdld,  page 5.
Hexadecimal  [32-Bits]

Area                                    Addr        Size        Decimal Bytes (Attributes)
--------------------------------        ----        ----        ------- ----- ------------
.  .ABS.                            00000000    00000000 =           0. bytes (ABS,CON)

      Value  Global                              Global Defined In Module
      -----  --------------------------------   ------------------------
     000000A2  _P2_2                              IO_Expander
     000000A3  G$P2_3$0_0$0                       IO_Expander
     000000A3  _P2_3                              IO_Expander
     000000A4  G$P2_4$0_0$0                       IO_Expander
     000000A4  _P2_4                              IO_Expander
     000000A5  G$P2_5$0_0$0                       IO_Expander
     000000A5  _P2_5                              IO_Expander
     000000A6  G$P2_6$0_0$0                       IO_Expander
     000000A6  _P2_6                              IO_Expander
     000000A7  G$P2_7$0_0$0                       IO_Expander
     000000A7  _P2_7                              IO_Expander
     000000A8  G$EX0$0_0$0                        IO_Expander
     000000A8  G$IE$0_0$0                         IO_Expander
     000000A8  _EX0                               IO_Expander
     000000A8  _IE                                IO_Expander
     000000A9  G$ET0$0_0$0                        IO_Expander
     000000A9  _ET0                               IO_Expander
     000000AA  G$EX1$0_0$0                        IO_Expander
     000000AA  _EX1                               IO_Expander
     000000AB  G$ET1$0_0$0                        IO_Expander
     000000AB  _ET1                               IO_Expander
     000000AC  G$ES$0_0$0                         IO_Expander
     000000AC  _ES                                IO_Expander
     000000AF  G$EA$0_0$0                         IO_Expander
     000000AF  _EA                                IO_Expander
     000000B0  G$P3$0_0$0                         IO_Expander
     000000B0  G$P3_0$0_0$0                       IO_Expander
     000000B0  G$RXD$0_0$0                        IO_Expander
     000000B0  _P3                                IO_Expander
     000000B0  _P3_0                              IO_Expander
     000000B0  _RXD                               IO_Expander
     000000B1  G$P3_1$0_0$0                       IO_Expander
     000000B1  G$TXD$0_0$0                        IO_Expander
     000000B1  _P3_1                              IO_Expander
     000000B1  _TXD                               IO_Expander
     000000B2  G$INT0$0_0$0                       IO_Expander
     000000B2  G$P3_2$0_0$0                       IO_Expander
     000000B2  _INT0                              IO_Expander
     000000B2  _P3_2                              IO_Expander
     000000B3  G$INT1$0_0$0                       IO_Expander
     000000B3  G$P3_3$0_0$0                       IO_Expander
     000000B3  _INT1                              IO_Expander
     000000B3  _P3_3                              IO_Expander
     000000B4  G$P3_4$0_0$0                       IO_Expander
     000000B4  G$T0$0_0$0                         IO_Expander
     000000B4  _P3_4                              IO_Expander
     000000B4  _T0                                IO_Expander
     000000B5  G$P3_5$0_0$0                       IO_Expander
     000000B5  G$T1$0_0$0                         IO_Expander
     000000B5  _P3_5                              IO_Expander
     000000B5  _T1                                IO_Expander
ASxxxx Linker V03.00 + NoICE + sdld,  page 6.
Hexadecimal  [32-Bits]

Area                                    Addr        Size        Decimal Bytes (Attributes)
--------------------------------        ----        ----        ------- ----- ------------
.  .ABS.                            00000000    00000000 =           0. bytes (ABS,CON)

      Value  Global                              Global Defined In Module
      -----  --------------------------------   ------------------------
     000000B6  G$P3_6$0_0$0                       IO_Expander
     000000B6  G$WR$0_0$0                         IO_Expander
     000000B6  _P3_6                              IO_Expander
     000000B6  _WR                                IO_Expander
     000000B7  G$P3_7$0_0$0                       IO_Expander
     000000B7  G$RD$0_0$0                         IO_Expander
     000000B7  _P3_7                              IO_Expander
     000000B7  _RD                                IO_Expander
     000000B8  G$IP$0_0$0                         IO_Expander
     000000B8  G$PX0$0_0$0                        IO_Expander
     000000B8  _IP                                IO_Expander
     000000B8  _PX0                               IO_Expander
     000000B9  G$PT0$0_0$0                        IO_Expander
     000000B9  _PT0                               IO_Expander
     000000BA  G$PX1$0_0$0                        IO_Expander
     000000BA  _PX1                               IO_Expander
     000000BB  G$PT1$0_0$0                        IO_Expander
     000000BB  _PT1                               IO_Expander
     000000BC  G$PS$0_0$0                         IO_Expander
     000000BC  _PS                                IO_Expander
     000000D0  G$P$0_0$0                          IO_Expander
     000000D0  G$PSW$0_0$0                        IO_Expander
     000000D0  _P                                 IO_Expander
     000000D0  _PSW                               IO_Expander
     000000D1  G$F1$0_0$0                         IO_Expander
     000000D1  _F1                                IO_Expander
     000000D2  G$OV$0_0$0                         IO_Expander
     000000D2  _OV                                IO_Expander
     000000D3  G$RS0$0_0$0                        IO_Expander
     000000D3  _RS0                               IO_Expander
     000000D4  G$RS1$0_0$0                        IO_Expander
     000000D4  _RS1                               IO_Expander
     000000D5  G$F0$0_0$0                         IO_Expander
     000000D5  _F0                                IO_Expander
     000000D6  G$AC$0_0$0                         IO_Expander
     000000D6  _AC                                IO_Expander
     000000D7  G$CY$0_0$0                         IO_Expander
     000000D7  _CY                                IO_Expander
     000000E0  G$ACC$0_0$0                        IO_Expander
     000000E0  _ACC                               IO_Expander
     000000F0  G$B$0_0$0                          IO_Expander
     000000F0  _B                                 IO_Expander
     000000F5  _B_5                               _gptrget
     000000F6  _B_6                               _gptrget
     000000F7  _B_7                               _gptrget

ASxxxx Linker V03.00 + NoICE + sdld,  page 7.
Hexadecimal  [32-Bits]

Area                                    Addr        Size        Decimal Bytes (Attributes)
--------------------------------        ----        ----        ------- ----- ------------
BSEG_BYTES                          00000020    00000001 =           1. bytes (REL,CON)

      Value  Global                              Global Defined In Module
      -----  --------------------------------   ------------------------
ASxxxx Linker V03.00 + NoICE + sdld,  page 8.
Hexadecimal  [32-Bits]

Area                                    Addr        Size        Decimal Bytes (Attributes)
--------------------------------        ----        ----        ------- ----- ------------
REG_BANK_0                          00000000    00000008 =           8. bytes (REL,OVR)

      Value  Global                              Global Defined In Module
      -----  --------------------------------   ------------------------
ASxxxx Linker V03.00 + NoICE + sdld,  page 9.
Hexadecimal  [32-Bits]

Area                                    Addr        Size        Decimal Bytes (Attributes)
--------------------------------        ----        ----        ------- ----- ------------
BIT_BANK                            00000021    00000001 =           1. bytes (REL,OVR)

      Value  Global                              Global Defined In Module
      -----  --------------------------------   ------------------------
ASxxxx Linker V03.00 + NoICE + sdld,  page 10.
Hexadecimal  [32-Bits]

Area                                    Addr        Size        Decimal Bytes (Attributes)
--------------------------------        ----        ----        ------- ----- ------------
DSEG                                00000000    0000007D =         125. bytes (REL,CON)

      Value  Global                              Global Defined In Module
      -----  --------------------------------   ------------------------
     00000008  FIO_Expander$ret_byte$0_0$0        IO_Expander
     00000009  FIO_Expander$device_addr$0_0$0     IO_Expander
     0000000A  FIO_Expander$addr_low$0_0$0        IO_Expander
     0000000B  FIO_Expander$asm_data$0_0$0        IO_Expander
     0000000C  FIO_Expander$asm_result$0_0$0      IO_Expander
     0000000D  LIO_Expander.hex_dump_menu$sloc0   IO_Expander
     0000000F  LIO_Expander.hex_dump_menu$sloc1   IO_Expander
     0000001B  _bp                                _bp

ASxxxx Linker V03.00 + NoICE + sdld,  page 11.
Hexadecimal  [32-Bits]

Area                                    Addr        Size        Decimal Bytes (Attributes)
--------------------------------        ----        ----        ------- ----- ------------
OSEG                                0000001C    00000001 =           1. bytes (REL,OVR)

      Value  Global                              Global Defined In Module
      -----  --------------------------------   ------------------------
ASxxxx Linker V03.00 + NoICE + sdld,  page 12.
Hexadecimal  [32-Bits]

Area                                    Addr        Size        Decimal Bytes (Attributes)
--------------------------------        ----        ----        ------- ----- ------------
SSEG                                00000022    0000005E =          94. bytes (REL,OVR)

      Value  Global                              Global Defined In Module
      -----  --------------------------------   ------------------------
     00000022  __start__stack                     IO_Expander

ASxxxx Linker V03.00 + NoICE + sdld,  page 13.
Hexadecimal  [32-Bits]

Area                                    Addr        Size        Decimal Bytes (Attributes)
--------------------------------        ----        ----        ------- ----- ------------
XSEG                                00000400    0000008C =         140. bytes (REL,CON,XDATA)

      Value  Global                              Global Defined In Module
      -----  --------------------------------   ------------------------
D:   00000400  LIO_Expander.putchar$c$1_0$71      IO_Expander
D:   00000402  LIO_Expander.putstr$s$1_0$75       IO_Expander
D:   00000405  LIO_Expander.putchar_blue$c$1_0$   IO_Expander
D:   00000407  LIO_Expander.putstr_blue$s$1_0$8   IO_Expander
D:   0000040A  LIO_Expander.putstr_green$s$1_0$   IO_Expander
D:   0000040D  LIO_Expander.simple_hex_to_int$h   IO_Expander
D:   00000410  LIO_Expander.simple_hex_to_int$r   IO_Expander
D:   00000412  LIO_Expander.print_hex_dump_line   IO_Expander
D:   00000412  _print_hex_dump_line_PARM_2        IO_Expander
D:   00000415  LIO_Expander.print_hex_dump_line   IO_Expander
D:   00000415  _print_hex_dump_line_PARM_3        IO_Expander
D:   00000416  LIO_Expander.print_hex_dump_line   IO_Expander
D:   00000418  LIO_Expander.get_user_input$max_   IO_Expander
D:   00000418  _get_user_input_PARM_2             IO_Expander
D:   00000419  LIO_Expander.get_user_input$buff   IO_Expander
D:   0000041C  LIO_Expander.get_user_input$coun   IO_Expander
D:   0000041D  LIO_Expander.PCF8574A_write$data   IO_Expander
D:   0000041E  LIO_Expander.PCF8574A_read$data$   IO_Expander
D:   00000421  LIO_Expander.set_P0_out$state$1_   IO_Expander
D:   00000422  LIO_Expander.set_P0_out$new_stat   IO_Expander
D:   00000423  LIO_Expander.int0_isr$port_data$   IO_Expander
D:   00000424  FIO_Expander$input_buffer$0_0$0    IO_Expander
D:   00000438  LIO_Expander.main$port_data$4_0$   IO_Expander
D:   00000439  LIO_Expander.main$port_data$4_0$   IO_Expander
D:   0000043A  LIO_Expander.hex_dump_menu$curre   IO_Expander
D:   0000043C  LIO_Expander.hex_dump_menu$data_   IO_Expander
D:   0000044C  LIO_Expander.hex_dump_menu$bytes   IO_Expander
D:   0000044E  LIO_Expander.eereset$i$1_0$185     IO_Expander
D:   0000044F  __gptrput_PARM_2                   _gptrput
D:   00000453  _vprintf_PARM_2                    vprintf
D:   00000468  __print_format_PARM_2              printf_large
D:   0000046B  __print_format_PARM_3              printf_large
D:   0000046E  __print_format_PARM_4              printf_large
D:   0000048A  __mulint_PARM_2                    _mulint

ASxxxx Linker V03.00 + NoICE + sdld,  page 14.
Hexadecimal  [32-Bits]

Area                                    Addr        Size        Decimal Bytes (Attributes)
--------------------------------        ----        ----        ------- ----- ------------
XISEG                               0000048C    00000003 =           3. bytes (REL,CON,XDATA)

      Value  Global                              Global Defined In Module
      -----  --------------------------------   ------------------------
D:   0000048C  G$IO_Expander_port_state$0_0$0     IO_Expander
D:   0000048C  _IO_Expander_port_state            IO_Expander
D:   0000048D  G$PCF8574A_input_state$0_0$0       IO_Expander
D:   0000048D  _PCF8574A_input_state              IO_Expander
D:   0000048E  G$io_link$0_0$0                    IO_Expander
D:   0000048E  _io_link                           IO_Expander
ASxxxx Linker V03.00 + NoICE + sdld,  page 15.
Hexadecimal  [32-Bits]

Area                                    Addr        Size        Decimal Bytes (Attributes)
--------------------------------        ----        ----        ------- ----- ------------
HOME                                00002000    00000009 =           9. bytes (REL,CON,CODE)

      Value  Global                              Global Defined In Module
      -----  --------------------------------   ------------------------
C:   00002000  A$IO_Expander$538                  IO_Expander
C:   00002003  A$IO_Expander$539                  IO_Expander
C:   00002006  A$IO_Expander$561                  IO_Expander
C:   00002006  __sdcc_program_startup             IO_Expander

ASxxxx Linker V03.00 + NoICE + sdld,  page 16.
Hexadecimal  [32-Bits]

Area                                    Addr        Size        Decimal Bytes (Attributes)
--------------------------------        ----        ----        ------- ----- ------------
GSINIT0                             00002009    00000003 =           3. bytes (REL,CON,CODE)

      Value  Global                              Global Defined In Module
      -----  --------------------------------   ------------------------
C:   00002009  __sdcc_gsinit_startup              

ASxxxx Linker V03.00 + NoICE + sdld,  page 17.
Hexadecimal  [32-Bits]

Area                                    Addr        Size        Decimal Bytes (Attributes)
--------------------------------        ----        ----        ------- ----- ------------
GSINIT2                             0000200C    0000000A =          10. bytes (REL,CON,CODE)

      Value  Global                              Global Defined In Module
      -----  --------------------------------   ------------------------
ASxxxx Linker V03.00 + NoICE + sdld,  page 18.
Hexadecimal  [32-Bits]

Area                                    Addr        Size        Decimal Bytes (Attributes)
--------------------------------        ----        ----        ------- ----- ------------
GSINIT3                             00002016    00000022 =          34. bytes (REL,CON,CODE)

      Value  Global                              Global Defined In Module
      -----  --------------------------------   ------------------------
C:   00002016  __mcs51_genXINIT                   

ASxxxx Linker V03.00 + NoICE + sdld,  page 19.
Hexadecimal  [32-Bits]

Area                                    Addr        Size        Decimal Bytes (Attributes)
--------------------------------        ----        ----        ------- ----- ------------
GSINIT4                             00002038    0000002A =          42. bytes (REL,CON,CODE)

      Value  Global                              Global Defined In Module
      -----  --------------------------------   ------------------------
C:   00002038  __mcs51_genRAMCLEAR                
C:   0000203E  __mcs51_genXRAMCLEAR               

ASxxxx Linker V03.00 + NoICE + sdld,  page 20.
Hexadecimal  [32-Bits]

Area                                    Addr        Size        Decimal Bytes (Attributes)
--------------------------------        ----        ----        ------- ----- ------------
GSFINAL                             00002062    00000003 =           3. bytes (REL,CON,CODE)

      Value  Global                              Global Defined In Module
      -----  --------------------------------   ------------------------
C:   00002062  A$IO_Expander$554                  IO_Expander

ASxxxx Linker V03.00 + NoICE + sdld,  page 21.
Hexadecimal  [32-Bits]

Area                                    Addr        Size        Decimal Bytes (Attributes)
--------------------------------        ----        ----        ------- ----- ------------
CSEG                                00002065    00001784 =        6020. bytes (REL,CON,CODE)

      Value  Global                              Global Defined In Module
      -----  --------------------------------   ------------------------
C:   00002065  A$IO_Expander$587                  IO_Expander
C:   00002065  C$IO_Expander.c$52$0_0$72          IO_Expander
C:   00002065  G$putchar$0$0                      IO_Expander
C:   00002065  _putchar                           IO_Expander
C:   00002067  A$IO_Expander$588                  IO_Expander
C:   00002069  A$IO_Expander$589                  IO_Expander
C:   0000206C  A$IO_Expander$590                  IO_Expander
C:   0000206D  A$IO_Expander$591                  IO_Expander
C:   0000206E  A$IO_Expander$592                  IO_Expander
C:   0000206F  A$IO_Expander$593                  IO_Expander
C:   00002070  A$IO_Expander$597                  IO_Expander
C:   00002070  C$IO_Expander.c$53$1_0$72          IO_Expander
C:   00002073  A$IO_Expander$600                  IO_Expander
C:   00002073  C$IO_Expander.c$54$1_0$72          IO_Expander
C:   00002076  A$IO_Expander$601                  IO_Expander
C:   00002077  A$IO_Expander$602                  IO_Expander
C:   00002078  A$IO_Expander$603                  IO_Expander
C:   00002079  A$IO_Expander$604                  IO_Expander
C:   0000207A  A$IO_Expander$605                  IO_Expander
C:   0000207B  A$IO_Expander$606                  IO_Expander
C:   0000207D  A$IO_Expander$610                  IO_Expander
C:   0000207D  C$IO_Expander.c$55$1_0$72          IO_Expander
C:   0000207F  A$IO_Expander$613                  IO_Expander
C:   0000207F  C$IO_Expander.c$56$1_0$72          IO_Expander
C:   00002081  A$IO_Expander$614                  IO_Expander
C:   00002083  A$IO_Expander$619                  IO_Expander
C:   00002083  C$IO_Expander.c$57$1_0$72          IO_Expander
C:   00002083  XG$putchar$0$0                     IO_Expander
C:   00002084  A$IO_Expander$636                  IO_Expander
C:   00002084  C$IO_Expander.c$60$1_0$74          IO_Expander
C:   00002084  C$IO_Expander.c$61$1_0$74          IO_Expander
C:   00002084  C$IO_Expander.c$62$1_0$74          IO_Expander
C:   00002084  G$getchar$0$0                      IO_Expander
C:   00002084  _getchar                           IO_Expander
C:   00002087  A$IO_Expander$637                  IO_Expander
C:   00002089  A$IO_Expander$641                  IO_Expander
C:   00002089  C$IO_Expander.c$63$1_0$74          IO_Expander
C:   0000208B  A$IO_Expander$642                  IO_Expander
C:   0000208D  A$IO_Expander$643                  IO_Expander
C:   0000208F  A$IO_Expander$644                  IO_Expander
C:   00002091  A$IO_Expander$649                  IO_Expander
C:   00002091  C$IO_Expander.c$64$1_0$74          IO_Expander
C:   00002091  XG$getchar$0$0                     IO_Expander
C:   00002092  A$IO_Expander$663                  IO_Expander
C:   00002092  C$IO_Expander.c$67$1_0$76          IO_Expander
C:   00002092  G$putstr$0$0                       IO_Expander
C:   00002092  _putstr                            IO_Expander
C:   00002094  A$IO_Expander$664                  IO_Expander
C:   00002096  A$IO_Expander$665                  IO_Expander
C:   00002098  A$IO_Expander$666                  IO_Expander
ASxxxx Linker V03.00 + NoICE + sdld,  page 22.
Hexadecimal  [32-Bits]

Area                                    Addr        Size        Decimal Bytes (Attributes)
--------------------------------        ----        ----        ------- ----- ------------
CSEG                                00002065    00001784 =        6020. bytes (REL,CON,CODE)

      Value  Global                              Global Defined In Module
      -----  --------------------------------   ------------------------
C:   0000209B  A$IO_Expander$667                  IO_Expander
C:   0000209C  A$IO_Expander$668                  IO_Expander
C:   0000209D  A$IO_Expander$669                  IO_Expander
C:   0000209E  A$IO_Expander$670                  IO_Expander
C:   0000209F  A$IO_Expander$671                  IO_Expander
C:   000020A0  A$IO_Expander$672                  IO_Expander
C:   000020A1  A$IO_Expander$673                  IO_Expander
C:   000020A2  A$IO_Expander$676                  IO_Expander
C:   000020A2  C$IO_Expander.c$69$1_0$76          IO_Expander
C:   000020A5  A$IO_Expander$677                  IO_Expander
C:   000020A6  A$IO_Expander$678                  IO_Expander
C:   000020A7  A$IO_Expander$679                  IO_Expander
C:   000020A8  A$IO_Expander$680                  IO_Expander
C:   000020A9  A$IO_Expander$681                  IO_Expander
C:   000020AA  A$IO_Expander$682                  IO_Expander
C:   000020AB  A$IO_Expander$683                  IO_Expander
C:   000020AC  A$IO_Expander$684                  IO_Expander
C:   000020AD  A$IO_Expander$685                  IO_Expander
C:   000020AF  A$IO_Expander$686                  IO_Expander
C:   000020B1  A$IO_Expander$688                  IO_Expander
C:   000020B3  A$IO_Expander$689                  IO_Expander
C:   000020B5  A$IO_Expander$690                  IO_Expander
C:   000020B7  A$IO_Expander$691                  IO_Expander
C:   000020BA  A$IO_Expander$692                  IO_Expander
C:   000020BB  A$IO_Expander$693                  IO_Expander
C:   000020BD  A$IO_Expander$696                  IO_Expander
C:   000020BD  C$IO_Expander.c$70$2_0$77          IO_Expander
C:   000020BE  A$IO_Expander$697                  IO_Expander
C:   000020C1  A$IO_Expander$698                  IO_Expander
C:   000020C2  A$IO_Expander$700                  IO_Expander
C:   000020C5  A$IO_Expander$701                  IO_Expander
C:   000020C6  A$IO_Expander$702                  IO_Expander
C:   000020C7  A$IO_Expander$703                  IO_Expander
C:   000020C8  A$IO_Expander$704                  IO_Expander
C:   000020C9  A$IO_Expander$705                  IO_Expander
C:   000020CA  A$IO_Expander$706                  IO_Expander
C:   000020CB  A$IO_Expander$707                  IO_Expander
C:   000020CC  A$IO_Expander$708                  IO_Expander
C:   000020CD  A$IO_Expander$709                  IO_Expander
C:   000020CF  A$IO_Expander$710                  IO_Expander
C:   000020D1  A$IO_Expander$711                  IO_Expander
C:   000020D3  A$IO_Expander$712                  IO_Expander
C:   000020D5  A$IO_Expander$713                  IO_Expander
C:   000020D7  A$IO_Expander$714                  IO_Expander
C:   000020D9  A$IO_Expander$715                  IO_Expander
C:   000020DB  A$IO_Expander$716                  IO_Expander
C:   000020DD  A$IO_Expander$717                  IO_Expander
C:   000020DF  A$IO_Expander$718                  IO_Expander
C:   000020E2  A$IO_Expander$719                  IO_Expander
C:   000020E4  A$IO_Expander$720                  IO_Expander
C:   000020E6  A$IO_Expander$721                  IO_Expander
ASxxxx Linker V03.00 + NoICE + sdld,  page 23.
Hexadecimal  [32-Bits]

Area                                    Addr        Size        Decimal Bytes (Attributes)
--------------------------------        ----        ----        ------- ----- ------------
CSEG                                00002065    00001784 =        6020. bytes (REL,CON,CODE)

      Value  Global                              Global Defined In Module
      -----  --------------------------------   ------------------------
C:   000020E8  A$IO_Expander$722                  IO_Expander
C:   000020EA  A$IO_Expander$723                  IO_Expander
C:   000020EC  A$IO_Expander$726                  IO_Expander
C:   000020EC  C$IO_Expander.c$71$2_0$77          IO_Expander
C:   000020ED  A$IO_Expander$727                  IO_Expander
C:   000020F0  A$IO_Expander$728                  IO_Expander
C:   000020F1  A$IO_Expander$729                  IO_Expander
C:   000020F3  A$IO_Expander$731                  IO_Expander
C:   000020F6  A$IO_Expander$732                  IO_Expander
C:   000020F7  A$IO_Expander$733                  IO_Expander
C:   000020F8  A$IO_Expander$734                  IO_Expander
C:   000020F9  A$IO_Expander$735                  IO_Expander
C:   000020FA  A$IO_Expander$736                  IO_Expander
C:   000020FB  A$IO_Expander$737                  IO_Expander
C:   000020FC  A$IO_Expander$738                  IO_Expander
C:   000020FD  A$IO_Expander$739                  IO_Expander
C:   000020FE  A$IO_Expander$742                  IO_Expander
C:   000020FE  C$IO_Expander.c$73$1_0$76          IO_Expander
C:   000020FF  A$IO_Expander$743                  IO_Expander
C:   00002102  A$IO_Expander$744                  IO_Expander
C:   00002103  A$IO_Expander$746                  IO_Expander
C:   00002105  A$IO_Expander$747                  IO_Expander
C:   00002107  A$IO_Expander$752                  IO_Expander
C:   00002107  C$IO_Expander.c$74$1_0$76          IO_Expander
C:   00002107  XG$putstr$0$0                      IO_Expander
C:   00002108  A$IO_Expander$765                  IO_Expander
C:   00002108  C$IO_Expander.c$76$1_0$79          IO_Expander
C:   00002108  G$putchar_blue$0$0                 IO_Expander
C:   00002108  _putchar_blue                      IO_Expander
C:   0000210A  A$IO_Expander$766                  IO_Expander
C:   0000210C  A$IO_Expander$767                  IO_Expander
C:   0000210F  A$IO_Expander$768                  IO_Expander
C:   00002110  A$IO_Expander$769                  IO_Expander
C:   00002111  A$IO_Expander$770                  IO_Expander
C:   00002112  A$IO_Expander$771                  IO_Expander
C:   00002113  A$IO_Expander$774                  IO_Expander
C:   00002113  C$IO_Expander.c$77$1_0$79          IO_Expander
C:   00002116  A$IO_Expander$775                  IO_Expander
C:   00002119  A$IO_Expander$776                  IO_Expander
C:   0000211C  A$IO_Expander$779                  IO_Expander
C:   0000211C  C$IO_Expander.c$78$1_0$79          IO_Expander
C:   0000211F  A$IO_Expander$780                  IO_Expander
C:   00002120  A$IO_Expander$781                  IO_Expander
C:   00002121  A$IO_Expander$782                  IO_Expander
C:   00002122  A$IO_Expander$783                  IO_Expander
C:   00002123  A$IO_Expander$784                  IO_Expander
C:   00002124  A$IO_Expander$785                  IO_Expander
C:   00002126  A$IO_Expander$786                  IO_Expander
C:   00002128  A$IO_Expander$787                  IO_Expander
C:   0000212B  A$IO_Expander$790                  IO_Expander
C:   0000212B  C$IO_Expander.c$79$1_0$79          IO_Expander
ASxxxx Linker V03.00 + NoICE + sdld,  page 24.
Hexadecimal  [32-Bits]

Area                                    Addr        Size        Decimal Bytes (Attributes)
--------------------------------        ----        ----        ------- ----- ------------
CSEG                                00002065    00001784 =        6020. bytes (REL,CON,CODE)

      Value  Global                              Global Defined In Module
      -----  --------------------------------   ------------------------
C:   0000212E  A$IO_Expander$791                  IO_Expander
C:   00002131  A$IO_Expander$792                  IO_Expander
C:   00002134  A$IO_Expander$797                  IO_Expander
C:   00002134  C$IO_Expander.c$80$1_0$79          IO_Expander
C:   00002134  XG$putchar_blue$0$0                IO_Expander
C:   00002135  A$IO_Expander$810                  IO_Expander
C:   00002135  C$IO_Expander.c$82$1_0$81          IO_Expander
C:   00002135  G$putstr_blue$0$0                  IO_Expander
C:   00002135  _putstr_blue                       IO_Expander
C:   00002137  A$IO_Expander$811                  IO_Expander
C:   00002139  A$IO_Expander$812                  IO_Expander
C:   0000213B  A$IO_Expander$813                  IO_Expander
C:   0000213E  A$IO_Expander$814                  IO_Expander
C:   0000213F  A$IO_Expander$815                  IO_Expander
C:   00002140  A$IO_Expander$816                  IO_Expander
C:   00002141  A$IO_Expander$817                  IO_Expander
C:   00002142  A$IO_Expander$818                  IO_Expander
C:   00002143  A$IO_Expander$819                  IO_Expander
C:   00002144  A$IO_Expander$820                  IO_Expander
C:   00002145  A$IO_Expander$823                  IO_Expander
C:   00002145  C$IO_Expander.c$83$1_0$81          IO_Expander
C:   00002148  A$IO_Expander$824                  IO_Expander
C:   0000214B  A$IO_Expander$825                  IO_Expander
C:   0000214E  A$IO_Expander$828                  IO_Expander
C:   0000214E  C$IO_Expander.c$84$1_0$81          IO_Expander
C:   00002151  A$IO_Expander$829                  IO_Expander
C:   00002152  A$IO_Expander$830                  IO_Expander
C:   00002153  A$IO_Expander$831                  IO_Expander
C:   00002154  A$IO_Expander$832                  IO_Expander
C:   00002155  A$IO_Expander$833                  IO_Expander
C:   00002156  A$IO_Expander$834                  IO_Expander
C:   00002157  A$IO_Expander$835                  IO_Expander
C:   00002158  A$IO_Expander$836                  IO_Expander
C:   00002159  A$IO_Expander$837                  IO_Expander
C:   0000215B  A$IO_Expander$838                  IO_Expander
C:   0000215D  A$IO_Expander$839                  IO_Expander
C:   0000215F  A$IO_Expander$840                  IO_Expander
C:   00002162  A$IO_Expander$843                  IO_Expander
C:   00002162  C$IO_Expander.c$85$1_0$81          IO_Expander
C:   00002165  A$IO_Expander$844                  IO_Expander
C:   00002168  A$IO_Expander$845                  IO_Expander
C:   0000216B  A$IO_Expander$850                  IO_Expander
C:   0000216B  C$IO_Expander.c$86$1_0$81          IO_Expander
C:   0000216B  XG$putstr_blue$0$0                 IO_Expander
C:   0000216C  A$IO_Expander$863                  IO_Expander
C:   0000216C  C$IO_Expander.c$88$1_0$83          IO_Expander
C:   0000216C  G$putstr_green$0$0                 IO_Expander
C:   0000216C  _putstr_green                      IO_Expander
C:   0000216E  A$IO_Expander$864                  IO_Expander
C:   00002170  A$IO_Expander$865                  IO_Expander
C:   00002172  A$IO_Expander$866                  IO_Expander
ASxxxx Linker V03.00 + NoICE + sdld,  page 25.
Hexadecimal  [32-Bits]

Area                                    Addr        Size        Decimal Bytes (Attributes)
--------------------------------        ----        ----        ------- ----- ------------
CSEG                                00002065    00001784 =        6020. bytes (REL,CON,CODE)

      Value  Global                              Global Defined In Module
      -----  --------------------------------   ------------------------
C:   00002175  A$IO_Expander$867                  IO_Expander
C:   00002176  A$IO_Expander$868                  IO_Expander
C:   00002177  A$IO_Expander$869                  IO_Expander
C:   00002178  A$IO_Expander$870                  IO_Expander
C:   00002179  A$IO_Expander$871                  IO_Expander
C:   0000217A  A$IO_Expander$872                  IO_Expander
C:   0000217B  A$IO_Expander$873                  IO_Expander
C:   0000217C  A$IO_Expander$876                  IO_Expander
C:   0000217C  C$IO_Expander.c$89$1_0$83          IO_Expander
C:   0000217F  A$IO_Expander$877                  IO_Expander
C:   00002182  A$IO_Expander$878                  IO_Expander
C:   00002185  A$IO_Expander$881                  IO_Expander
C:   00002185  C$IO_Expander.c$90$1_0$83          IO_Expander
C:   00002188  A$IO_Expander$882                  IO_Expander
C:   00002189  A$IO_Expander$883                  IO_Expander
C:   0000218A  A$IO_Expander$884                  IO_Expander
C:   0000218B  A$IO_Expander$885                  IO_Expander
C:   0000218C  A$IO_Expander$886                  IO_Expander
C:   0000218D  A$IO_Expander$887                  IO_Expander
C:   0000218E  A$IO_Expander$888                  IO_Expander
C:   0000218F  A$IO_Expander$889                  IO_Expander
C:   00002190  A$IO_Expander$890                  IO_Expander
C:   00002192  A$IO_Expander$891                  IO_Expander
C:   00002194  A$IO_Expander$892                  IO_Expander
C:   00002196  A$IO_Expander$893                  IO_Expander
C:   00002199  A$IO_Expander$896                  IO_Expander
C:   00002199  C$IO_Expander.c$91$1_0$83          IO_Expander
C:   0000219C  A$IO_Expander$897                  IO_Expander
C:   0000219F  A$IO_Expander$898                  IO_Expander
C:   000021A2  A$IO_Expander$903                  IO_Expander
C:   000021A2  C$IO_Expander.c$92$1_0$83          IO_Expander
C:   000021A2  XG$putstr_green$0$0                IO_Expander
C:   000021A3  A$IO_Expander$916                  IO_Expander
C:   000021A3  C$IO_Expander.c$95$1_0$85          IO_Expander
C:   000021A3  C$IO_Expander.c$96$1_0$85          IO_Expander
C:   000021A3  G$print_newline$0$0                IO_Expander
C:   000021A3  _print_newline                     IO_Expander
C:   000021A6  A$IO_Expander$917                  IO_Expander
C:   000021A9  A$IO_Expander$920                  IO_Expander
C:   000021A9  C$IO_Expander.c$97$1_0$85          IO_Expander
C:   000021AC  A$IO_Expander$921                  IO_Expander
C:   000021AF  A$IO_Expander$926                  IO_Expander
C:   000021AF  C$IO_Expander.c$98$1_0$85          IO_Expander
C:   000021AF  XG$print_newline$0$0               IO_Expander
C:   000021B0  A$IO_Expander$941                  IO_Expander
C:   000021B0  C$IO_Expander.c$100$1_0$87         IO_Expander
C:   000021B0  G$simple_hex_to_int$0$0            IO_Expander
C:   000021B0  _simple_hex_to_int                 IO_Expander
C:   000021B2  A$IO_Expander$942                  IO_Expander
C:   000021B4  A$IO_Expander$943                  IO_Expander
C:   000021B6  A$IO_Expander$944                  IO_Expander
ASxxxx Linker V03.00 + NoICE + sdld,  page 26.
Hexadecimal  [32-Bits]

Area                                    Addr        Size        Decimal Bytes (Attributes)
--------------------------------        ----        ----        ------- ----- ------------
CSEG                                00002065    00001784 =        6020. bytes (REL,CON,CODE)

      Value  Global                              Global Defined In Module
      -----  --------------------------------   ------------------------
C:   000021B9  A$IO_Expander$945                  IO_Expander
C:   000021BA  A$IO_Expander$946                  IO_Expander
C:   000021BB  A$IO_Expander$947                  IO_Expander
C:   000021BC  A$IO_Expander$948                  IO_Expander
C:   000021BD  A$IO_Expander$949                  IO_Expander
C:   000021BE  A$IO_Expander$950                  IO_Expander
C:   000021BF  A$IO_Expander$951                  IO_Expander
C:   000021C0  A$IO_Expander$954                  IO_Expander
C:   000021C0  C$IO_Expander.c$101$2_0$87         IO_Expander
C:   000021C3  A$IO_Expander$955                  IO_Expander
C:   000021C4  A$IO_Expander$956                  IO_Expander
C:   000021C5  A$IO_Expander$957                  IO_Expander
C:   000021C6  A$IO_Expander$958                  IO_Expander
C:   000021C7  A$IO_Expander$961                  IO_Expander
C:   000021C7  C$IO_Expander.c$104$1_0$87         IO_Expander
C:   000021CA  A$IO_Expander$962                  IO_Expander
C:   000021CB  A$IO_Expander$963                  IO_Expander
C:   000021CC  A$IO_Expander$964                  IO_Expander
C:   000021CD  A$IO_Expander$965                  IO_Expander
C:   000021CE  A$IO_Expander$966                  IO_Expander
C:   000021CF  A$IO_Expander$967                  IO_Expander
C:   000021D0  A$IO_Expander$968                  IO_Expander
C:   000021D1  A$IO_Expander$969                  IO_Expander
C:   000021D2  A$IO_Expander$971                  IO_Expander
C:   000021D4  A$IO_Expander$972                  IO_Expander
C:   000021D6  A$IO_Expander$973                  IO_Expander
C:   000021D8  A$IO_Expander$974                  IO_Expander
C:   000021DB  A$IO_Expander$975                  IO_Expander
C:   000021DC  A$IO_Expander$976                  IO_Expander
C:   000021DD  A$IO_Expander$977                  IO_Expander
C:   000021DF  A$IO_Expander$978                  IO_Expander
C:   000021E1  A$IO_Expander$979                  IO_Expander
C:   000021E4  A$IO_Expander$980                  IO_Expander
C:   000021E5  A$IO_Expander$981                  IO_Expander
C:   000021E6  A$IO_Expander$982                  IO_Expander
C:   000021E7  A$IO_Expander$983                  IO_Expander
C:   000021E8  A$IO_Expander$984                  IO_Expander
C:   000021E9  A$IO_Expander$985                  IO_Expander
C:   000021EA  A$IO_Expander$986                  IO_Expander
C:   000021EB  A$IO_Expander$987                  IO_Expander
C:   000021EC  A$IO_Expander$988                  IO_Expander
C:   000021ED  A$IO_Expander$989                  IO_Expander
C:   000021EF  A$IO_Expander$990                  IO_Expander
C:   000021F2  A$IO_Expander$994                  IO_Expander
C:   000021F2  C$IO_Expander.c$105$2_0$88         IO_Expander
C:   000021F5  A$IO_Expander$995                  IO_Expander
C:   000021F6  A$IO_Expander$996                  IO_Expander
C:   000021F7  A$IO_Expander$997                  IO_Expander
C:   000021F8  A$IO_Expander$998                  IO_Expander
C:   000021F9  A$IO_Expander$999                  IO_Expander
C:   000021FA  A$IO_Expander$1000                 IO_Expander
ASxxxx Linker V03.00 + NoICE + sdld,  page 27.
Hexadecimal  [32-Bits]

Area                                    Addr        Size        Decimal Bytes (Attributes)
--------------------------------        ----        ----        ------- ----- ------------
CSEG                                00002065    00001784 =        6020. bytes (REL,CON,CODE)

      Value  Global                              Global Defined In Module
      -----  --------------------------------   ------------------------
C:   000021FC  A$IO_Expander$1001                 IO_Expander
C:   000021FD  A$IO_Expander$1002                 IO_Expander
C:   000021FE  A$IO_Expander$1003                 IO_Expander
C:   000021FF  A$IO_Expander$1004                 IO_Expander
C:   00002200  A$IO_Expander$1005                 IO_Expander
C:   00002201  A$IO_Expander$1006                 IO_Expander
C:   00002203  A$IO_Expander$1007                 IO_Expander
C:   00002204  A$IO_Expander$1008                 IO_Expander
C:   00002205  A$IO_Expander$1009                 IO_Expander
C:   00002206  A$IO_Expander$1010                 IO_Expander
C:   00002209  A$IO_Expander$1011                 IO_Expander
C:   0000220A  A$IO_Expander$1012                 IO_Expander
C:   0000220B  A$IO_Expander$1013                 IO_Expander
C:   0000220C  A$IO_Expander$1014                 IO_Expander
C:   0000220D  A$IO_Expander$1015                 IO_Expander
C:   0000220E  A$IO_Expander$1018                 IO_Expander
C:   0000220E  C$IO_Expander.c$106$2_0$88         IO_Expander
C:   00002211  A$IO_Expander$1020                 IO_Expander
C:   00002213  A$IO_Expander$1021                 IO_Expander
C:   00002214  A$IO_Expander$1022                 IO_Expander
C:   00002216  A$IO_Expander$1023                 IO_Expander
C:   00002218  A$IO_Expander$1026                 IO_Expander
C:   00002218  C$IO_Expander.c$107$3_0$89         IO_Expander
C:   0000221A  A$IO_Expander$1027                 IO_Expander
C:   0000221C  A$IO_Expander$1028                 IO_Expander
C:   0000221D  A$IO_Expander$1029                 IO_Expander
C:   0000221F  A$IO_Expander$1030                 IO_Expander
C:   00002220  A$IO_Expander$1031                 IO_Expander
C:   00002221  A$IO_Expander$1032                 IO_Expander
C:   00002223  A$IO_Expander$1033                 IO_Expander
C:   00002224  A$IO_Expander$1034                 IO_Expander
C:   00002227  A$IO_Expander$1035                 IO_Expander
C:   00002228  A$IO_Expander$1036                 IO_Expander
C:   00002229  A$IO_Expander$1037                 IO_Expander
C:   0000222A  A$IO_Expander$1038                 IO_Expander
C:   0000222B  A$IO_Expander$1039                 IO_Expander
C:   0000222C  A$IO_Expander$1040                 IO_Expander
C:   0000222D  A$IO_Expander$1041                 IO_Expander
C:   0000222F  A$IO_Expander$1042                 IO_Expander
C:   00002230  A$IO_Expander$1043                 IO_Expander
C:   00002232  A$IO_Expander$1044                 IO_Expander
C:   00002235  A$IO_Expander$1045                 IO_Expander
C:   00002236  A$IO_Expander$1046                 IO_Expander
C:   00002237  A$IO_Expander$1047                 IO_Expander
C:   00002238  A$IO_Expander$1048                 IO_Expander
C:   00002239  A$IO_Expander$1049                 IO_Expander
C:   0000223A  A$IO_Expander$1050                 IO_Expander
C:   0000223C  A$IO_Expander$1054                 IO_Expander
C:   0000223C  C$IO_Expander.c$108$2_0$88         IO_Expander
C:   0000223F  A$IO_Expander$1056                 IO_Expander
C:   00002241  A$IO_Expander$1057                 IO_Expander
ASxxxx Linker V03.00 + NoICE + sdld,  page 28.
Hexadecimal  [32-Bits]

Area                                    Addr        Size        Decimal Bytes (Attributes)
--------------------------------        ----        ----        ------- ----- ------------
CSEG                                00002065    00001784 =        6020. bytes (REL,CON,CODE)

      Value  Global                              Global Defined In Module
      -----  --------------------------------   ------------------------
C:   00002242  A$IO_Expander$1058                 IO_Expander
C:   00002244  A$IO_Expander$1059                 IO_Expander
C:   00002246  A$IO_Expander$1062                 IO_Expander
C:   00002246  C$IO_Expander.c$109$3_0$90         IO_Expander
C:   00002248  A$IO_Expander$1063                 IO_Expander
C:   0000224A  A$IO_Expander$1064                 IO_Expander
C:   0000224C  A$IO_Expander$1065                 IO_Expander
C:   0000224D  A$IO_Expander$1066                 IO_Expander
C:   0000224E  A$IO_Expander$1067                 IO_Expander
C:   00002250  A$IO_Expander$1068                 IO_Expander
C:   00002251  A$IO_Expander$1069                 IO_Expander
C:   00002252  A$IO_Expander$1070                 IO_Expander
C:   00002255  A$IO_Expander$1071                 IO_Expander
C:   00002256  A$IO_Expander$1072                 IO_Expander
C:   00002257  A$IO_Expander$1073                 IO_Expander
C:   00002258  A$IO_Expander$1074                 IO_Expander
C:   00002259  A$IO_Expander$1075                 IO_Expander
C:   0000225A  A$IO_Expander$1076                 IO_Expander
C:   0000225B  A$IO_Expander$1077                 IO_Expander
C:   0000225D  A$IO_Expander$1078                 IO_Expander
C:   0000225E  A$IO_Expander$1079                 IO_Expander
C:   00002260  A$IO_Expander$1080                 IO_Expander
C:   00002263  A$IO_Expander$1081                 IO_Expander
C:   00002264  A$IO_Expander$1082                 IO_Expander
C:   00002265  A$IO_Expander$1083                 IO_Expander
C:   00002266  A$IO_Expander$1084                 IO_Expander
C:   00002267  A$IO_Expander$1085                 IO_Expander
C:   00002268  A$IO_Expander$1086                 IO_Expander
C:   0000226B  A$IO_Expander$1090                 IO_Expander
C:   0000226B  C$IO_Expander.c$110$2_0$88         IO_Expander
C:   0000226E  A$IO_Expander$1092                 IO_Expander
C:   00002270  A$IO_Expander$1093                 IO_Expander
C:   00002271  A$IO_Expander$1094                 IO_Expander
C:   00002273  A$IO_Expander$1095                 IO_Expander
C:   00002275  A$IO_Expander$1098                 IO_Expander
C:   00002275  C$IO_Expander.c$111$3_0$91         IO_Expander
C:   00002277  A$IO_Expander$1099                 IO_Expander
C:   00002279  A$IO_Expander$1100                 IO_Expander
C:   0000227A  A$IO_Expander$1101                 IO_Expander
C:   0000227B  A$IO_Expander$1102                 IO_Expander
C:   0000227D  A$IO_Expander$1103                 IO_Expander
C:   0000227E  A$IO_Expander$1104                 IO_Expander
C:   0000227F  A$IO_Expander$1105                 IO_Expander
C:   00002282  A$IO_Expander$1106                 IO_Expander
C:   00002283  A$IO_Expander$1107                 IO_Expander
C:   00002284  A$IO_Expander$1108                 IO_Expander
C:   00002285  A$IO_Expander$1109                 IO_Expander
C:   00002286  A$IO_Expander$1110                 IO_Expander
C:   00002287  A$IO_Expander$1111                 IO_Expander
C:   00002288  A$IO_Expander$1112                 IO_Expander
C:   0000228A  A$IO_Expander$1113                 IO_Expander
ASxxxx Linker V03.00 + NoICE + sdld,  page 29.
Hexadecimal  [32-Bits]

Area                                    Addr        Size        Decimal Bytes (Attributes)
--------------------------------        ----        ----        ------- ----- ------------
CSEG                                00002065    00001784 =        6020. bytes (REL,CON,CODE)

      Value  Global                              Global Defined In Module
      -----  --------------------------------   ------------------------
C:   0000228B  A$IO_Expander$1114                 IO_Expander
C:   0000228D  A$IO_Expander$1115                 IO_Expander
C:   00002290  A$IO_Expander$1116                 IO_Expander
C:   00002291  A$IO_Expander$1117                 IO_Expander
C:   00002292  A$IO_Expander$1118                 IO_Expander
C:   00002293  A$IO_Expander$1119                 IO_Expander
C:   00002294  A$IO_Expander$1120                 IO_Expander
C:   00002295  A$IO_Expander$1121                 IO_Expander
C:   00002298  A$IO_Expander$1125                 IO_Expander
C:   00002298  C$IO_Expander.c$113$3_0$92         IO_Expander
C:   0000229B  A$IO_Expander$1126                 IO_Expander
C:   0000229D  A$IO_Expander$1130                 IO_Expander
C:   0000229D  C$IO_Expander.c$116$1_0$87         IO_Expander
C:   000022A0  A$IO_Expander$1131                 IO_Expander
C:   000022A1  A$IO_Expander$1132                 IO_Expander
C:   000022A2  A$IO_Expander$1133                 IO_Expander
C:   000022A3  A$IO_Expander$1134                 IO_Expander
C:   000022A4  A$IO_Expander$1139                 IO_Expander
C:   000022A4  C$IO_Expander.c$117$1_0$87         IO_Expander
C:   000022A4  XG$simple_hex_to_int$0$0           IO_Expander
C:   000022A6  A$IO_Expander$1140                 IO_Expander
C:   000022A8  A$IO_Expander$1142                 IO_Expander
C:   000022A9  A$IO_Expander$1158                 IO_Expander
C:   000022A9  C$IO_Expander.c$119$1_0$94         IO_Expander
C:   000022A9  G$print_hex_dump_line$0$0          IO_Expander
C:   000022A9  _print_hex_dump_line               IO_Expander
C:   000022AB  A$IO_Expander$1159                 IO_Expander
C:   000022AD  A$IO_Expander$1160                 IO_Expander
C:   000022B0  A$IO_Expander$1161                 IO_Expander
C:   000022B1  A$IO_Expander$1162                 IO_Expander
C:   000022B2  A$IO_Expander$1163                 IO_Expander
C:   000022B3  A$IO_Expander$1164                 IO_Expander
C:   000022B4  A$IO_Expander$1167                 IO_Expander
C:   000022B4  C$IO_Expander.c$123$1_0$94         IO_Expander
C:   000022B7  A$IO_Expander$1168                 IO_Expander
C:   000022B8  A$IO_Expander$1169                 IO_Expander
C:   000022BA  A$IO_Expander$1170                 IO_Expander
C:   000022BB  A$IO_Expander$1171                 IO_Expander
C:   000022BC  A$IO_Expander$1172                 IO_Expander
C:   000022BE  A$IO_Expander$1173                 IO_Expander
C:   000022C0  A$IO_Expander$1174                 IO_Expander
C:   000022C2  A$IO_Expander$1175                 IO_Expander
C:   000022C4  A$IO_Expander$1176                 IO_Expander
C:   000022C6  A$IO_Expander$1177                 IO_Expander
C:   000022C8  A$IO_Expander$1178                 IO_Expander
C:   000022CA  A$IO_Expander$1179                 IO_Expander
C:   000022CD  A$IO_Expander$1180                 IO_Expander
C:   000022CF  A$IO_Expander$1181                 IO_Expander
C:   000022D1  A$IO_Expander$1182                 IO_Expander
C:   000022D3  A$IO_Expander$1185                 IO_Expander
C:   000022D3  C$IO_Expander.c$126$3_0$96         IO_Expander
ASxxxx Linker V03.00 + NoICE + sdld,  page 30.
Hexadecimal  [32-Bits]

Area                                    Addr        Size        Decimal Bytes (Attributes)
--------------------------------        ----        ----        ------- ----- ------------
CSEG                                00002065    00001784 =        6020. bytes (REL,CON,CODE)

      Value  Global                              Global Defined In Module
      -----  --------------------------------   ------------------------
C:   000022D6  A$IO_Expander$1186                 IO_Expander
C:   000022D7  A$IO_Expander$1187                 IO_Expander
C:   000022D8  A$IO_Expander$1188                 IO_Expander
C:   000022D9  A$IO_Expander$1189                 IO_Expander
C:   000022DA  A$IO_Expander$1190                 IO_Expander
C:   000022DB  A$IO_Expander$1191                 IO_Expander
C:   000022DC  A$IO_Expander$1192                 IO_Expander
C:   000022DD  A$IO_Expander$1193                 IO_Expander
C:   000022DE  A$IO_Expander$1194                 IO_Expander
C:   000022E1  A$IO_Expander$1195                 IO_Expander
C:   000022E2  A$IO_Expander$1196                 IO_Expander
C:   000022E3  A$IO_Expander$1197                 IO_Expander
C:   000022E5  A$IO_Expander$1199                 IO_Expander
C:   000022E6  A$IO_Expander$1200                 IO_Expander
C:   000022E7  A$IO_Expander$1201                 IO_Expander
C:   000022E8  A$IO_Expander$1202                 IO_Expander
C:   000022EA  A$IO_Expander$1203                 IO_Expander
C:   000022ED  A$IO_Expander$1205                 IO_Expander
C:   000022EF  A$IO_Expander$1208                 IO_Expander
C:   000022EF  C$IO_Expander.c$127$3_0$96         IO_Expander
C:   000022F0  A$IO_Expander$1209                 IO_Expander
C:   000022F1  A$IO_Expander$1210                 IO_Expander
C:   000022F2  A$IO_Expander$1211                 IO_Expander
C:   000022F3  A$IO_Expander$1212                 IO_Expander
C:   000022F4  A$IO_Expander$1213                 IO_Expander
C:   000022F5  A$IO_Expander$1214                 IO_Expander
C:   000022F7  A$IO_Expander$1215                 IO_Expander
C:   000022F9  A$IO_Expander$1216                 IO_Expander
C:   000022FB  A$IO_Expander$1217                 IO_Expander
C:   000022FD  A$IO_Expander$1218                 IO_Expander
C:   00002300  A$IO_Expander$1219                 IO_Expander
C:   00002301  A$IO_Expander$1220                 IO_Expander
C:   00002303  A$IO_Expander$1221                 IO_Expander
C:   00002305  A$IO_Expander$1222                 IO_Expander
C:   00002307  A$IO_Expander$1223                 IO_Expander
C:   00002309  A$IO_Expander$1224                 IO_Expander
C:   0000230B  A$IO_Expander$1225                 IO_Expander
C:   0000230D  A$IO_Expander$1226                 IO_Expander
C:   0000230F  A$IO_Expander$1227                 IO_Expander
C:   00002311  A$IO_Expander$1228                 IO_Expander
C:   00002313  A$IO_Expander$1229                 IO_Expander
C:   00002315  A$IO_Expander$1230                 IO_Expander
C:   00002317  A$IO_Expander$1231                 IO_Expander
C:   00002319  A$IO_Expander$1232                 IO_Expander
C:   0000231B  A$IO_Expander$1233                 IO_Expander
C:   0000231D  A$IO_Expander$1234                 IO_Expander
C:   00002320  A$IO_Expander$1235                 IO_Expander
C:   00002322  A$IO_Expander$1236                 IO_Expander
C:   00002324  A$IO_Expander$1237                 IO_Expander
C:   00002326  A$IO_Expander$1238                 IO_Expander
C:   00002328  A$IO_Expander$1239                 IO_Expander
ASxxxx Linker V03.00 + NoICE + sdld,  page 31.
Hexadecimal  [32-Bits]

Area                                    Addr        Size        Decimal Bytes (Attributes)
--------------------------------        ----        ----        ------- ----- ------------
CSEG                                00002065    00001784 =        6020. bytes (REL,CON,CODE)

      Value  Global                              Global Defined In Module
      -----  --------------------------------   ------------------------
C:   0000232A  A$IO_Expander$1240                 IO_Expander
C:   0000232C  A$IO_Expander$1241                 IO_Expander
C:   0000232E  A$IO_Expander$1242                 IO_Expander
C:   00002330  A$IO_Expander$1245                 IO_Expander
C:   00002330  C$IO_Expander.c$126$2_0$95         IO_Expander
C:   00002331  A$IO_Expander$1246                 IO_Expander
C:   00002333  A$IO_Expander$1250                 IO_Expander
C:   00002333  C$IO_Expander.c$130$1_0$94         IO_Expander
C:   00002335  A$IO_Expander$1251                 IO_Expander
C:   00002337  A$IO_Expander$1252                 IO_Expander
C:   00002339  A$IO_Expander$1253                 IO_Expander
C:   0000233B  A$IO_Expander$1254                 IO_Expander
C:   0000233D  A$IO_Expander$1255                 IO_Expander
C:   0000233F  A$IO_Expander$1256                 IO_Expander
C:   00002342  A$IO_Expander$1257                 IO_Expander
C:   00002344  A$IO_Expander$1258                 IO_Expander
C:   00002346  A$IO_Expander$1259                 IO_Expander
C:   00002348  A$IO_Expander$1264                 IO_Expander
C:   00002348  C$IO_Expander.c$131$1_0$94         IO_Expander
C:   00002348  XG$print_hex_dump_line$0$0         IO_Expander
C:   00002349  A$IO_Expander$1280                 IO_Expander
C:   00002349  C$IO_Expander.c$134$1_0$98         IO_Expander
C:   00002349  G$get_user_input$0$0               IO_Expander
C:   00002349  _get_user_input                    IO_Expander
C:   0000234B  A$IO_Expander$1281                 IO_Expander
C:   0000234D  A$IO_Expander$1282                 IO_Expander
C:   0000234F  A$IO_Expander$1283                 IO_Expander
C:   00002352  A$IO_Expander$1284                 IO_Expander
C:   00002353  A$IO_Expander$1285                 IO_Expander
C:   00002354  A$IO_Expander$1286                 IO_Expander
C:   00002355  A$IO_Expander$1287                 IO_Expander
C:   00002356  A$IO_Expander$1288                 IO_Expander
C:   00002357  A$IO_Expander$1289                 IO_Expander
C:   00002358  A$IO_Expander$1290                 IO_Expander
C:   00002359  A$IO_Expander$1293                 IO_Expander
C:   00002359  C$IO_Expander.c$135$2_0$98         IO_Expander
C:   0000235C  A$IO_Expander$1294                 IO_Expander
C:   0000235D  A$IO_Expander$1295                 IO_Expander
C:   0000235E  A$IO_Expander$1298                 IO_Expander
C:   0000235E  C$IO_Expander.c$138$1_0$98         IO_Expander
C:   00002361  A$IO_Expander$1299                 IO_Expander
C:   00002362  A$IO_Expander$1300                 IO_Expander
C:   00002363  A$IO_Expander$1301                 IO_Expander
C:   00002366  A$IO_Expander$1302                 IO_Expander
C:   00002367  A$IO_Expander$1303                 IO_Expander
C:   00002368  A$IO_Expander$1304                 IO_Expander
C:   00002369  A$IO_Expander$1305                 IO_Expander
C:   0000236A  A$IO_Expander$1306                 IO_Expander
C:   0000236B  A$IO_Expander$1307                 IO_Expander
C:   0000236C  A$IO_Expander$1308                 IO_Expander
C:   0000236D  A$IO_Expander$1309                 IO_Expander
ASxxxx Linker V03.00 + NoICE + sdld,  page 32.
Hexadecimal  [32-Bits]

Area                                    Addr        Size        Decimal Bytes (Attributes)
--------------------------------        ----        ----        ------- ----- ------------
CSEG                                00002065    00001784 =        6020. bytes (REL,CON,CODE)

      Value  Global                              Global Defined In Module
      -----  --------------------------------   ------------------------
C:   0000236E  A$IO_Expander$1311                 IO_Expander
C:   00002370  A$IO_Expander$1312                 IO_Expander
C:   00002372  A$IO_Expander$1313                 IO_Expander
C:   00002373  A$IO_Expander$1314                 IO_Expander
C:   00002376  A$IO_Expander$1315                 IO_Expander
C:   00002377  A$IO_Expander$1317                 IO_Expander
C:   0000237A  A$IO_Expander$1318                 IO_Expander
C:   0000237B  A$IO_Expander$1319                 IO_Expander
C:   0000237C  A$IO_Expander$1320                 IO_Expander
C:   0000237E  A$IO_Expander$1321                 IO_Expander
C:   0000237F  A$IO_Expander$1322                 IO_Expander
C:   00002380  A$IO_Expander$1323                 IO_Expander
C:   00002381  A$IO_Expander$1324                 IO_Expander
C:   00002382  A$IO_Expander$1325                 IO_Expander
C:   00002384  A$IO_Expander$1326                 IO_Expander
C:   00002386  A$IO_Expander$1327                 IO_Expander
C:   00002389  A$IO_Expander$1328                 IO_Expander
C:   0000238B  A$IO_Expander$1329                 IO_Expander
C:   0000238D  A$IO_Expander$1330                 IO_Expander
C:   00002390  A$IO_Expander$1334                 IO_Expander
C:   00002390  C$IO_Expander.c$140$2_0$99         IO_Expander
C:   00002392  A$IO_Expander$1335                 IO_Expander
C:   00002394  A$IO_Expander$1336                 IO_Expander
C:   00002396  A$IO_Expander$1337                 IO_Expander
C:   00002398  A$IO_Expander$1338                 IO_Expander
C:   0000239B  A$IO_Expander$1339                 IO_Expander
C:   0000239D  A$IO_Expander$1340                 IO_Expander
C:   0000239F  A$IO_Expander$1341                 IO_Expander
C:   000023A1  A$IO_Expander$1342                 IO_Expander
C:   000023A3  A$IO_Expander$1343                 IO_Expander
C:   000023A5  A$IO_Expander$1344                 IO_Expander
C:   000023A7  A$IO_Expander$1347                 IO_Expander
C:   000023A7  C$IO_Expander.c$142$2_0$99         IO_Expander
C:   000023AA  A$IO_Expander$1348                 IO_Expander
C:   000023AD  A$IO_Expander$1350                 IO_Expander
C:   000023B0  A$IO_Expander$1351                 IO_Expander
C:   000023B3  A$IO_Expander$1355                 IO_Expander
C:   000023B3  C$IO_Expander.c$144$2_0$99         IO_Expander
C:   000023B6  A$IO_Expander$1356                 IO_Expander
C:   000023B8  A$IO_Expander$1358                 IO_Expander
C:   000023BB  A$IO_Expander$1362                 IO_Expander
C:   000023BB  C$IO_Expander.c$145$3_0$101        IO_Expander
C:   000023BE  A$IO_Expander$1363                 IO_Expander
C:   000023BF  A$IO_Expander$1364                 IO_Expander
C:   000023C0  A$IO_Expander$1365                 IO_Expander
C:   000023C1  A$IO_Expander$1366                 IO_Expander
C:   000023C3  A$IO_Expander$1369                 IO_Expander
C:   000023C3  C$IO_Expander.c$146$4_0$102        IO_Expander
C:   000023C4  A$IO_Expander$1370                 IO_Expander
C:   000023C5  A$IO_Expander$1371                 IO_Expander
C:   000023C8  A$IO_Expander$1372                 IO_Expander
ASxxxx Linker V03.00 + NoICE + sdld,  page 33.
Hexadecimal  [32-Bits]

Area                                    Addr        Size        Decimal Bytes (Attributes)
--------------------------------        ----        ----        ------- ----- ------------
CSEG                                00002065    00001784 =        6020. bytes (REL,CON,CODE)

      Value  Global                              Global Defined In Module
      -----  --------------------------------   ------------------------
C:   000023C9  A$IO_Expander$1375                 IO_Expander
C:   000023C9  C$IO_Expander.c$148$4_0$102        IO_Expander
C:   000023CC  A$IO_Expander$1376                 IO_Expander
C:   000023CE  A$IO_Expander$1377                 IO_Expander
C:   000023D0  A$IO_Expander$1378                 IO_Expander
C:   000023D2  A$IO_Expander$1379                 IO_Expander
C:   000023D4  A$IO_Expander$1380                 IO_Expander
C:   000023D7  A$IO_Expander$1383                 IO_Expander
C:   000023D7  C$IO_Expander.c$149$4_0$102        IO_Expander
C:   000023DA  A$IO_Expander$1384                 IO_Expander
C:   000023DD  A$IO_Expander$1387                 IO_Expander
C:   000023DD  C$IO_Expander.c$150$4_0$102        IO_Expander
C:   000023E0  A$IO_Expander$1388                 IO_Expander
C:   000023E3  A$IO_Expander$1389                 IO_Expander
C:   000023E5  A$IO_Expander$1390                 IO_Expander
C:   000023E7  A$IO_Expander$1391                 IO_Expander
C:   000023E9  A$IO_Expander$1392                 IO_Expander
C:   000023EB  A$IO_Expander$1393                 IO_Expander
C:   000023EE  A$IO_Expander$1397                 IO_Expander
C:   000023EE  C$IO_Expander.c$152$2_0$99         IO_Expander
C:   000023F1  A$IO_Expander$1399                 IO_Expander
C:   000023F3  A$IO_Expander$1400                 IO_Expander
C:   000023F4  A$IO_Expander$1401                 IO_Expander
C:   000023F6  A$IO_Expander$1402                 IO_Expander
C:   000023F8  A$IO_Expander$1406                 IO_Expander
C:   000023F8  C$IO_Expander.c$153$2_0$99         IO_Expander
C:   000023FB  A$IO_Expander$1408                 IO_Expander
C:   000023FD  A$IO_Expander$1409                 IO_Expander
C:   000023FE  A$IO_Expander$1410                 IO_Expander
C:   00002400  A$IO_Expander$1411                 IO_Expander
C:   00002402  A$IO_Expander$1415                 IO_Expander
C:   00002402  C$IO_Expander.c$154$2_0$99         IO_Expander
C:   00002405  A$IO_Expander$1417                 IO_Expander
C:   00002407  A$IO_Expander$1418                 IO_Expander
C:   0000240A  A$IO_Expander$1420                 IO_Expander
C:   0000240B  A$IO_Expander$1421                 IO_Expander
C:   0000240D  A$IO_Expander$1422                 IO_Expander
C:   0000240F  A$IO_Expander$1423                 IO_Expander
C:   00002412  A$IO_Expander$1428                 IO_Expander
C:   00002412  C$IO_Expander.c$155$3_0$103        IO_Expander
C:   00002415  A$IO_Expander$1429                 IO_Expander
C:   00002416  A$IO_Expander$1430                 IO_Expander
C:   00002417  A$IO_Expander$1431                 IO_Expander
C:   00002418  A$IO_Expander$1432                 IO_Expander
C:   00002419  A$IO_Expander$1433                 IO_Expander
C:   0000241A  A$IO_Expander$1434                 IO_Expander
C:   0000241B  A$IO_Expander$1435                 IO_Expander
C:   0000241C  A$IO_Expander$1436                 IO_Expander
C:   0000241D  A$IO_Expander$1437                 IO_Expander
C:   0000241E  A$IO_Expander$1438                 IO_Expander
C:   0000241F  A$IO_Expander$1439                 IO_Expander
ASxxxx Linker V03.00 + NoICE + sdld,  page 34.
Hexadecimal  [32-Bits]

Area                                    Addr        Size        Decimal Bytes (Attributes)
--------------------------------        ----        ----        ------- ----- ------------
CSEG                                00002065    00001784 =        6020. bytes (REL,CON,CODE)

      Value  Global                              Global Defined In Module
      -----  --------------------------------   ------------------------
C:   00002421  A$IO_Expander$1440                 IO_Expander
C:   00002423  A$IO_Expander$1441                 IO_Expander
C:   00002425  A$IO_Expander$1442                 IO_Expander
C:   00002427  A$IO_Expander$1443                 IO_Expander
C:   00002428  A$IO_Expander$1444                 IO_Expander
C:   0000242B  A$IO_Expander$1447                 IO_Expander
C:   0000242B  C$IO_Expander.c$156$3_0$103        IO_Expander
C:   0000242D  A$IO_Expander$1448                 IO_Expander
C:   0000242F  A$IO_Expander$1449                 IO_Expander
C:   00002431  A$IO_Expander$1450                 IO_Expander
C:   00002433  A$IO_Expander$1451                 IO_Expander
C:   00002435  A$IO_Expander$1452                 IO_Expander
C:   00002437  A$IO_Expander$1453                 IO_Expander
C:   00002439  A$IO_Expander$1454                 IO_Expander
C:   0000243C  A$IO_Expander$1455                 IO_Expander
C:   0000243E  A$IO_Expander$1456                 IO_Expander
C:   00002440  A$IO_Expander$1457                 IO_Expander
C:   00002442  A$IO_Expander$1458                 IO_Expander
C:   00002444  A$IO_Expander$1459                 IO_Expander
C:   00002447  A$IO_Expander$1463                 IO_Expander
C:   00002447  C$IO_Expander.c$161$1_0$98         IO_Expander
C:   0000244A  A$IO_Expander$1464                 IO_Expander
C:   0000244B  A$IO_Expander$1465                 IO_Expander
C:   0000244C  A$IO_Expander$1466                 IO_Expander
C:   0000244D  A$IO_Expander$1467                 IO_Expander
C:   0000244E  A$IO_Expander$1468                 IO_Expander
C:   0000244F  A$IO_Expander$1469                 IO_Expander
C:   00002450  A$IO_Expander$1470                 IO_Expander
C:   00002451  A$IO_Expander$1471                 IO_Expander
C:   00002452  A$IO_Expander$1472                 IO_Expander
C:   00002455  A$IO_Expander$1473                 IO_Expander
C:   00002456  A$IO_Expander$1474                 IO_Expander
C:   00002457  A$IO_Expander$1475                 IO_Expander
C:   00002458  A$IO_Expander$1476                 IO_Expander
C:   00002459  A$IO_Expander$1477                 IO_Expander
C:   0000245A  A$IO_Expander$1478                 IO_Expander
C:   0000245B  A$IO_Expander$1479                 IO_Expander
C:   0000245C  A$IO_Expander$1480                 IO_Expander
C:   0000245E  A$IO_Expander$1481                 IO_Expander
C:   00002460  A$IO_Expander$1482                 IO_Expander
C:   00002462  A$IO_Expander$1483                 IO_Expander
C:   00002463  A$IO_Expander$1484                 IO_Expander
C:   00002466  A$IO_Expander$1487                 IO_Expander
C:   00002466  C$IO_Expander.c$162$1_0$98         IO_Expander
C:   00002468  A$IO_Expander$1488                 IO_Expander
C:   0000246B  A$IO_Expander$1489                 IO_Expander
C:   0000246D  A$IO_Expander$1492                 IO_Expander
C:   0000246D  C$IO_Expander.c$163$1_0$98         IO_Expander
C:   0000246F  A$IO_Expander$1497                 IO_Expander
C:   0000246F  C$IO_Expander.c$164$1_0$98         IO_Expander
C:   0000246F  XG$get_user_input$0$0              IO_Expander
ASxxxx Linker V03.00 + NoICE + sdld,  page 35.
Hexadecimal  [32-Bits]

[...]
C:   00002BA7  G$CREAD$0$0                        IO_Expander
C:   00002BA7  XG$STOP$0$0                        IO_Expander
C:   00002BA7  _CREAD                             IO_Expander
C:   00002BA9  A$IO_Expander$3136                 IO_Expander
C:   00002BAA  A$IO_Expander$3137                 IO_Expander
C:   00002BAD  A$IO_Expander$3138                 IO_Expander
C:   00002BB0  A$IO_Expander$3139                 IO_Expander
C:   00002BB2  A$IO_Expander$3140                 IO_Expander
C:   00002BB5  A$IO_Expander$3141                 IO_Expander
C:   00002BB6  A$IO_Expander$3160                 IO_Expander
C:   00002BB6  C$IO_Expander.c$690$1_0$181        IO_Expander
C:   00002BB6  C$IO_Expander.c$692$1_0$183        IO_Expander
C:   00002BB6  C$IO_Expander.c$713$1_0$183        IO_Expander
C:   00002BB6  G$IN$0$0                           IO_Expander
C:   00002BB6  XG$CREAD$0$0                       IO_Expander
C:   00002BB6  _IN                                IO_Expander
C:   00002BB8  A$IO_Expander$3161                 IO_Expander
C:   00002BBA  A$IO_Expander$3163                 IO_Expander
C:   00002BBC  A$IO_Expander$3164                 IO_Expander
C:   00002BBD  A$IO_Expander$3165                 IO_Expander
C:   00002BBE  A$IO_Expander$3166                 IO_Expander
C:   00002BBF  A$IO_Expander$3167                 IO_Expander
C:   00002BC0  A$IO_Expander$3168                 IO_Expander
C:   00002BC1  A$IO_Expander$3169                 IO_Expander
C:   00002BC2  A$IO_Expander$3170                 IO_Expander
C:   00002BC4  A$IO_Expander$3171                 IO_Expander
C:   00002BC5  A$IO_Expander$3172                 IO_Expander
C:   00002BC8  A$IO_Expander$3173                 IO_Expander
C:   00002BC9  A$IO_Expander$3175                 IO_Expander
C:   00002BCA  A$IO_Expander$3176                 IO_Expander
C:   00002BCC  A$IO_Expander$3177                 IO_Expander
C:   00002BCE  A$IO_Expander$3178                 IO_Expander
C:   00002BCF  A$IO_Expander$3201                 IO_Expander
C:   00002BCF  C$IO_Expander.c$714$1_0$183        IO_Expander
C:   00002BCF  C$IO_Expander.c$717$1_0$185        IO_Expander
C:   00002BCF  C$IO_Expander.c$720$1_0$185        IO_Expander
C:   00002BCF  G$eereset$0$0                      IO_Expander
C:   00002BCF  XG$IN$0$0                          IO_Expander
C:   00002BCF  _eereset                           IO_Expander
C:   00002BD1  A$IO_Expander$3205                 IO_Expander
ASxxxx Linker V03.00 + NoICE + sdld,  page 59.
Hexadecimal  [32-Bits]

Area                                    Addr        Size        Decimal Bytes (Attributes)
--------------------------------        ----        ----        ------- ----- ------------
CSEG                                00002065    00001784 =        6020. bytes (REL,CON,CODE)

      Value  Global                              Global Defined In Module
      -----  --------------------------------   ------------------------
C:   00002BD1  C$IO_Expander.c$721$1_0$185        IO_Expander
C:   00002BD3  A$IO_Expander$3208                 IO_Expander
C:   00002BD3  C$IO_Expander.c$723$2_0$186        IO_Expander
C:   00002BD6  A$IO_Expander$3209                 IO_Expander
C:   00002BD7  A$IO_Expander$3210                 IO_Expander
C:   00002BD8  A$IO_Expander$3212                 IO_Expander
C:   00002BDB  A$IO_Expander$3213                 IO_Expander
C:   00002BDC  A$IO_Expander$3214                 IO_Expander
C:   00002BDD  A$IO_Expander$3215                 IO_Expander
C:   00002BE0  A$IO_Expander$3217                 IO_Expander
C:   00002BE2  A$IO_Expander$3218                 IO_Expander
C:   00002BE5  A$IO_Expander$3219                 IO_Expander
C:   00002BE6  A$IO_Expander$3220                 IO_Expander
C:   00002BE7  A$IO_Expander$3221                 IO_Expander
C:   00002BE8  A$IO_Expander$3222                 IO_Expander
C:   00002BEA  A$IO_Expander$3227                 IO_Expander
C:   00002BEA  C$IO_Expander.c$726$1_0$185        IO_Expander
C:   00002BEC  A$IO_Expander$3230                 IO_Expander
C:   00002BEC  C$IO_Expander.c$727$2_0$187        IO_Expander
C:   00002BEF  A$IO_Expander$3231                 IO_Expander
C:   00002BF0  A$IO_Expander$3232                 IO_Expander
C:   00002BF1  A$IO_Expander$3234                 IO_Expander
C:   00002BF4  A$IO_Expander$3235                 IO_Expander
C:   00002BF5  A$IO_Expander$3236                 IO_Expander
C:   00002BF6  A$IO_Expander$3237                 IO_Expander
C:   00002BF9  A$IO_Expander$3239                 IO_Expander
C:   00002BFB  A$IO_Expander$3240                 IO_Expander
C:   00002BFE  A$IO_Expander$3241                 IO_Expander
C:   00002BFF  A$IO_Expander$3242                 IO_Expander
C:   00002C00  A$IO_Expander$3243                 IO_Expander
C:   00002C01  A$IO_Expander$3244                 IO_Expander
C:   00002C03  A$IO_Expander$3249                 IO_Expander
C:   00002C03  C$IO_Expander.c$729$1_0$185        IO_Expander
C:   00002C05  A$IO_Expander$3252                 IO_Expander
C:   00002C05  C$IO_Expander.c$730$2_0$188        IO_Expander
C:   00002C08  A$IO_Expander$3253                 IO_Expander
C:   00002C09  A$IO_Expander$3254                 IO_Expander
C:   00002C0A  A$IO_Expander$3256                 IO_Expander
C:   00002C0D  A$IO_Expander$3257                 IO_Expander
C:   00002C0E  A$IO_Expander$3258                 IO_Expander
C:   00002C0F  A$IO_Expander$3259                 IO_Expander
C:   00002C12  A$IO_Expander$3261                 IO_Expander
C:   00002C14  A$IO_Expander$3262                 IO_Expander
C:   00002C17  A$IO_Expander$3263                 IO_Expander
C:   00002C18  A$IO_Expander$3264                 IO_Expander
C:   00002C19  A$IO_Expander$3265                 IO_Expander
C:   00002C1A  A$IO_Expander$3266                 IO_Expander
C:   00002C1C  A$IO_Expander$3271                 IO_Expander
C:   00002C1C  C$IO_Expander.c$733$1_0$185        IO_Expander
C:   00002C1E  A$IO_Expander$3274                 IO_Expander
C:   00002C21  A$IO_Expander$3275                 IO_Expander
ASxxxx Linker V03.00 + NoICE + sdld,  page 60.
Hexadecimal  [32-Bits]

Area                                    Addr        Size        Decimal Bytes (Attributes)
--------------------------------        ----        ----        ------- ----- ------------
CSEG                                00002065    00001784 =        6020. bytes (REL,CON,CODE)

      Value  Global                              Global Defined In Module
      -----  --------------------------------   ------------------------
C:   00002C22  A$IO_Expander$3276                 IO_Expander
C:   00002C23  A$IO_Expander$3278                 IO_Expander
C:   00002C26  A$IO_Expander$3279                 IO_Expander
C:   00002C27  A$IO_Expander$3280                 IO_Expander
C:   00002C28  A$IO_Expander$3281                 IO_Expander
C:   00002C2B  A$IO_Expander$3283                 IO_Expander
C:   00002C2D  A$IO_Expander$3287                 IO_Expander
C:   00002C2D  C$IO_Expander.c$736$3_0$190        IO_Expander
C:   00002C2F  A$IO_Expander$3290                 IO_Expander
C:   00002C2F  C$IO_Expander.c$737$2_0$185        IO_Expander
C:   00002C31  A$IO_Expander$3292                 IO_Expander
C:   00002C34  A$IO_Expander$3294                 IO_Expander
C:   00002C36  A$IO_Expander$3295                 IO_Expander
C:   00002C37  A$IO_Expander$3296                 IO_Expander
C:   00002C39  A$IO_Expander$3301                 IO_Expander
C:   00002C39  C$IO_Expander.c$739$3_0$190        IO_Expander
C:   00002C3B  A$IO_Expander$3304                 IO_Expander
C:   00002C3B  C$IO_Expander.c$740$2_0$185        IO_Expander
C:   00002C3D  A$IO_Expander$3306                 IO_Expander
C:   00002C40  A$IO_Expander$3308                 IO_Expander
C:   00002C42  A$IO_Expander$3309                 IO_Expander
C:   00002C43  A$IO_Expander$3310                 IO_Expander
C:   00002C45  A$IO_Expander$3314                 IO_Expander
C:   00002C45  C$IO_Expander.c$735$2_0$189        IO_Expander
C:   00002C48  A$IO_Expander$3315                 IO_Expander
C:   00002C49  A$IO_Expander$3316                 IO_Expander
C:   00002C4A  A$IO_Expander$3317                 IO_Expander
C:   00002C4B  A$IO_Expander$3318                 IO_Expander
C:   00002C4D  A$IO_Expander$3323                 IO_Expander
C:   00002C4D  C$IO_Expander.c$744$1_0$185        IO_Expander
C:   00002C4F  A$IO_Expander$3327                 IO_Expander
C:   00002C4F  C$IO_Expander.c$745$1_0$185        IO_Expander
C:   00002C51  A$IO_Expander$3330                 IO_Expander
C:   00002C51  C$IO_Expander.c$746$2_0$193        IO_Expander
C:   00002C54  A$IO_Expander$3331                 IO_Expander
C:   00002C55  A$IO_Expander$3332                 IO_Expander
C:   00002C56  A$IO_Expander$3334                 IO_Expander
C:   00002C59  A$IO_Expander$3335                 IO_Expander
C:   00002C5A  A$IO_Expander$3336                 IO_Expander
C:   00002C5B  A$IO_Expander$3337                 IO_Expander
C:   00002C5E  A$IO_Expander$3339                 IO_Expander
C:   00002C60  A$IO_Expander$3340                 IO_Expander
C:   00002C63  A$IO_Expander$3341                 IO_Expander
C:   00002C64  A$IO_Expander$3342                 IO_Expander
C:   00002C65  A$IO_Expander$3343                 IO_Expander
C:   00002C66  A$IO_Expander$3344                 IO_Expander
C:   00002C68  A$IO_Expander$3349                 IO_Expander
C:   00002C68  C$IO_Expander.c$748$1_0$185        IO_Expander
C:   00002C6A  A$IO_Expander$3352                 IO_Expander
C:   00002C6A  C$IO_Expander.c$749$2_0$194        IO_Expander
C:   00002C6D  A$IO_Expander$3353                 IO_Expander
ASxxxx Linker V03.00 + NoICE + sdld,  page 61.
Hexadecimal  [32-Bits]

Area                                    Addr        Size        Decimal Bytes (Attributes)
--------------------------------        ----        ----        ------- ----- ------------
CSEG                                00002065    00001784 =        6020. bytes (REL,CON,CODE)

      Value  Global                              Global Defined In Module
      -----  --------------------------------   ------------------------
C:   00002C6E  A$IO_Expander$3354                 IO_Expander
C:   00002C6F  A$IO_Expander$3356                 IO_Expander
C:   00002C72  A$IO_Expander$3357                 IO_Expander
C:   00002C73  A$IO_Expander$3358                 IO_Expander
C:   00002C74  A$IO_Expander$3359                 IO_Expander
C:   00002C77  A$IO_Expander$3361                 IO_Expander
C:   00002C79  A$IO_Expander$3362                 IO_Expander
C:   00002C7C  A$IO_Expander$3363                 IO_Expander
C:   00002C7D  A$IO_Expander$3364                 IO_Expander
C:   00002C7E  A$IO_Expander$3365                 IO_Expander
C:   00002C7F  A$IO_Expander$3366                 IO_Expander
C:   00002C81  A$IO_Expander$3371                 IO_Expander
C:   00002C81  C$IO_Expander.c$752$1_0$185        IO_Expander
C:   00002C83  A$IO_Expander$3374                 IO_Expander
C:   00002C83  C$IO_Expander.c$753$2_0$195        IO_Expander
C:   00002C86  A$IO_Expander$3375                 IO_Expander
C:   00002C87  A$IO_Expander$3376                 IO_Expander
C:   00002C88  A$IO_Expander$3378                 IO_Expander
C:   00002C8B  A$IO_Expander$3379                 IO_Expander
C:   00002C8C  A$IO_Expander$3380                 IO_Expander
C:   00002C8D  A$IO_Expander$3381                 IO_Expander
C:   00002C90  A$IO_Expander$3383                 IO_Expander
C:   00002C92  A$IO_Expander$3384                 IO_Expander
C:   00002C95  A$IO_Expander$3385                 IO_Expander
C:   00002C96  A$IO_Expander$3386                 IO_Expander
C:   00002C97  A$IO_Expander$3387                 IO_Expander
C:   00002C98  A$IO_Expander$3388                 IO_Expander
C:   00002C9A  A$IO_Expander$3393                 IO_Expander
C:   00002C9A  C$IO_Expander.c$755$1_0$185        IO_Expander
C:   00002C9C  A$IO_Expander$3396                 IO_Expander
C:   00002C9C  C$IO_Expander.c$756$2_0$196        IO_Expander
C:   00002C9F  A$IO_Expander$3397                 IO_Expander
C:   00002CA0  A$IO_Expander$3398                 IO_Expander
C:   00002CA1  A$IO_Expander$3400                 IO_Expander
C:   00002CA4  A$IO_Expander$3401                 IO_Expander
C:   00002CA5  A$IO_Expander$3402                 IO_Expander
C:   00002CA6  A$IO_Expander$3403                 IO_Expander
C:   00002CA9  A$IO_Expander$3405                 IO_Expander
C:   00002CAB  A$IO_Expander$3406                 IO_Expander
C:   00002CAE  A$IO_Expander$3407                 IO_Expander
C:   00002CAF  A$IO_Expander$3408                 IO_Expander
C:   00002CB0  A$IO_Expander$3409                 IO_Expander
C:   00002CB1  A$IO_Expander$3410                 IO_Expander
C:   00002CB3  A$IO_Expander$3416                 IO_Expander
C:   00002CB3  C$IO_Expander.c$757$2_0$185        IO_Expander
C:   00002CB3  XG$eereset$0$0                     IO_Expander
C:   00002CB4  FIO_Expander$__str_1$0_0$0         IO_Expander
C:   00002CB4  FIO_Expander$__str_10$0_0$0        IO_Expander
C:   00002CB4  FIO_Expander$__str_11$0_0$0        IO_Expander
C:   00002CB4  FIO_Expander$__str_12$0_0$0        IO_Expander
C:   00002CB4  FIO_Expander$__str_13$0_0$0        IO_Expander
ASxxxx Linker V03.00 + NoICE + sdld,  page 62.
Hexadecimal  [32-Bits]

Area                                    Addr        Size        Decimal Bytes (Attributes)
--------------------------------        ----        ----        ------- ----- ------------
CSEG                                00002065    00001784 =        6020. bytes (REL,CON,CODE)

      Value  Global                              Global Defined In Module
      -----  --------------------------------   ------------------------
C:   00002CB4  FIO_Expander$__str_14$0_0$0        IO_Expander
C:   00002CB4  FIO_Expander$__str_15$0_0$0        IO_Expander
C:   00002CB4  FIO_Expander$__str_16$0_0$0        IO_Expander
C:   00002CB4  FIO_Expander$__str_17$0_0$0        IO_Expander
C:   00002CB4  FIO_Expander$__str_18$0_0$0        IO_Expander
C:   00002CB4  FIO_Expander$__str_19$0_0$0        IO_Expander
C:   00002CB4  FIO_Expander$__str_2$0_0$0         IO_Expander
C:   00002CB4  FIO_Expander$__str_20$0_0$0        IO_Expander
C:   00002CB4  FIO_Expander$__str_21$0_0$0        IO_Expander
C:   00002CB4  FIO_Expander$__str_22$0_0$0        IO_Expander
C:   00002CB4  FIO_Expander$__str_23$0_0$0        IO_Expander
C:   00002CB4  FIO_Expander$__str_24$0_0$0        IO_Expander
C:   00002CB4  FIO_Expander$__str_25$0_0$0        IO_Expander
C:   00002CB4  FIO_Expander$__str_26$0_0$0        IO_Expander
C:   00002CB4  FIO_Expander$__str_27$0_0$0        IO_Expander
C:   00002CB4  FIO_Expander$__str_28$0_0$0        IO_Expander
C:   00002CB4  FIO_Expander$__str_29$0_0$0        IO_Expander
C:   00002CB4  FIO_Expander$__str_3$0_0$0         IO_Expander
C:   00002CB4  FIO_Expander$__str_30$0_0$0        IO_Expander
C:   00002CB4  FIO_Expander$__str_31$0_0$0        IO_Expander
C:   00002CB4  FIO_Expander$__str_32$0_0$0        IO_Expander
C:   00002CB4  FIO_Expander$__str_33$0_0$0        IO_Expander
C:   00002CB4  FIO_Expander$__str_34$0_0$0        IO_Expander
C:   00002CB4  FIO_Expander$__str_35$0_0$0        IO_Expander
C:   00002CB4  FIO_Expander$__str_36$0_0$0        IO_Expander
C:   00002CB4  FIO_Expander$__str_37$0_0$0        IO_Expander
C:   00002CB4  FIO_Expander$__str_38$0_0$0        IO_Expander
C:   00002CB4  FIO_Expander$__str_39$0_0$0        IO_Expander
C:   00002CB4  FIO_Expander$__str_4$0_0$0         IO_Expander
C:   00002CB4  FIO_Expander$__str_40$0_0$0        IO_Expander
C:   00002CB4  FIO_Expander$__str_41$0_0$0        IO_Expander
C:   00002CB4  FIO_Expander$__str_42$0_0$0        IO_Expander
C:   00002CB4  FIO_Expander$__str_43$0_0$0        IO_Expander
C:   00002CB4  FIO_Expander$__str_5$0_0$0         IO_Expander
C:   00002CB4  FIO_Expander$__str_6$0_0$0         IO_Expander
C:   00002CB4  FIO_Expander$__str_7$0_0$0         IO_Expander
C:   00002CB4  FIO_Expander$__str_8$0_0$0         IO_Expander
C:   00002CB4  FIO_Expander$__str_9$0_0$0         IO_Expander
C:   00002CB4  __gptrput                          _gptrput
C:   00002CCF  _puts                              puts
C:   00002D3E  _vprintf                           vprintf
C:   00002D7D  _printf                            vprintf
C:   00002E83  __print_format                     printf_large
C:   00003791  _strlen                            _strlen
C:   000037A9  __mulint                           _mulint
C:   000037C9  __gptrget                          _gptrget
C:   000037E5  __sdcc_external_startup            _startup

ASxxxx Linker V03.00 + NoICE + sdld,  page 63.
Hexadecimal  [32-Bits]

Area                                    Addr        Size        Decimal Bytes (Attributes)
--------------------------------        ----        ----        ------- ----- ------------
CONST                               000037E9    00000489 =        1161. bytes (REL,CON,CODE)

      Value  Global                              Global Defined In Module
      -----  --------------------------------   ------------------------
C:   000037E9  FIO_Expander$__str_0$0_0$0         IO_Expander

ASxxxx Linker V03.00 + NoICE + sdld,  page 64.
Hexadecimal  [32-Bits]

Area                                    Addr        Size        Decimal Bytes (Attributes)
--------------------------------        ----        ----        ------- ----- ------------
XINIT                               00003C72    00000003 =           3. bytes (REL,CON,CODE)

      Value  Global                              Global Defined In Module
      -----  --------------------------------   ------------------------
C:   00003C72  FIO_Expander$__xinit_IO_Expander   IO_Expander
C:   00003C73  FIO_Expander$__xinit_PCF8574A_in   IO_Expander
C:   00003C74  FIO_Expander$__xinit_io_link$0_0   IO_Expander
ASxxxx Linker V03.00 + NoICE + sdld,  page 65.

Files Linked                              [ module(s) ]

build/obj/IO_Expander.rel                 [  ]


Libraries Linked                          [ object file ]

C:\Program Files\SDCC\bin\..\lib\large/mcs51.lib
                                          [ crtclear.rel ]
C:\Program Files\SDCC\bin\..\lib\large/mcs51.lib
                                          [ crtxinit.rel ]
C:\Program Files\SDCC\bin\..\lib\large/libsdcc.lib
                                          [ _gptrput.rel ]
C:\Program Files\SDCC\bin\..\lib\large/mcs51.lib
                                          [ crtxclear.rel ]
C:\Program Files\SDCC\bin\..\lib\large/libsdcc.lib
                                          [ puts.rel ]
C:\Program Files\SDCC\bin\..\lib\large/libsdcc.lib
                                          [ vprintf.rel ]
C:\Program Files\SDCC\bin\..\lib\large/libsdcc.lib
                                          [ printf_large.rel ]
C:\Program Files\SDCC\bin\..\lib\large/mcs51.lib
                                          [ crtpagesfr.rel ]
C:\Program Files\SDCC\bin\..\lib\large/libsdcc.lib
                                          [ _strlen.rel ]
C:\Program Files\SDCC\bin\..\lib\large/libint.lib
                                          [ _mulint.rel ]
C:\Program Files\SDCC\bin\..\lib\large/mcs51.lib
                                          [ crtstart.rel ]
C:\Program Files\SDCC\bin\..\lib\large/libsdcc.lib
                                          [ _gptrget.rel ]
C:\Program Files\SDCC\bin\..\lib\large/libsdcc.lib
                                          [ _startup.rel ]
C:\Program Files\SDCC\bin\..\lib\large/libsdcc.lib
                                          [ _bp.rel ]

ASxxxx Linker V03.00 + NoICE + sdld,  page 66.

User Base Address Definitions

HOME = 0x2000
XSEG = 0x0400
PSEG = 0x0400
ISEG = 0x0000
BSEG = 0x0000

