ASxxxx Linker V03.00 + NoICE + sdld,  page 1.
Hexadecimal  [32-Bits]

Area                                    Addr        Size        Decimal Bytes (Attributes)
--------------------------------        ----        ----        ------- ----- ------------
CABS                                00000000    00000000 =           0. bytes (ABS,CON,CODE)

      Value  Global                              Global Defined In Module
      -----  --------------------------------   ------------------------
C:   00000000  l_BIT_BANK                      
C:   00000000  l_CABS                          
C:   00000000  l_GSINIT                        
C:   00000000  l_GSINIT1                       
C:   00000000  l_GSINIT5                       
C:   00000000  l_IABS                          
C:   00000000  l_ISEG                          
C:   00000000  l_PSEG                          
C:   00000000  l_REG_BANK_1                    
C:   00000000  l_REG_BANK_2                    
C:   00000000  l_REG_BANK_3                    
C:   00000000  l_RSEG                          
C:   00000000  l_RSEG0                         
C:   00000000  l_RSEG1                         
C:   00000000  l_XABS                          
C:   00000000  l__CODE                         
C:   00000000  s_BSEG                          
C:   00000000  s_CABS                          
C:   00000000  s_DSEG                          
C:   00000000  s_IABS                          
C:   00000000  s_ISEG                          
C:   00000000  s_REG_BANK_0                    
C:   00000000  s_RSEG                          
C:   00000000  s_RSEG0                         
C:   00000000  s_RSEG1                         
C:   00000000  s_XABS                          
C:   00000001  l_BSEG                          
C:   00000001  l_BSEG_BYTES                    
C:   00000001  l_OSEG                          
C:   00000003  l_GSFINAL                       
C:   00000003  l_GSINIT0                       
C:   00000008  l_REG_BANK_0                    
C:   00000008  s_REG_BANK_1                    
C:   0000000A  l_GSINIT2                       
C:   00000010  s_REG_BANK_2                    
C:   00000016  l_XINIT                         
C:   00000016  l_XISEG                         
C:   00000018  s_BIT_BANK                      
C:   00000018  s_REG_BANK_3                    
C:   00000019  s_OSEG                          
C:   00000020  s_BSEG_BYTES                    
C:   00000020  s__CODE                         
C:   00000021  s_SSEG                          
C:   00000022  l_GSINIT3                       
C:   0000002A  l_GSINIT4                       
C:   0000003F  l_HOME                          
C:   0000005F  l_SSEG                          
C:   0000007A  l_DSEG                          
C:   00000080  l_IRAM                          
C:   000000C4  l_XSEG                          
ASxxxx Linker V03.00 + NoICE + sdld,  page 2.
Hexadecimal  [32-Bits]

Area                                    Addr        Size        Decimal Bytes (Attributes)
--------------------------------        ----        ----        ------- ----- ------------
CABS                                00000000    00000000 =           0. bytes (ABS,CON,CODE)

      Value  Global                              Global Defined In Module
      -----  --------------------------------   ------------------------
C:   0000022D  l_CONST                         
C:   00000400  s_PSEG                          
C:   00000400  s_XSEG                          
C:   000004C4  s_XISEG                         
C:   000018F8  l_CSEG                          
C:   00002000  s_HOME                          
C:   0000203F  s_GSINIT0                       
C:   00002042  s_GSINIT1                       
C:   00002042  s_GSINIT2                       
C:   0000204C  s_GSINIT3                       
C:   0000206E  s_GSINIT4                       
C:   00002098  s_GSFINAL                       
C:   00002098  s_GSINIT                        
C:   00002098  s_GSINIT5                       
C:   0000209B  s_CSEG                          
C:   00003993  s_CONST                         
C:   00003BC0  s_XINIT                         

ASxxxx Linker V03.00 + NoICE + sdld,  page 3.
Hexadecimal  [32-Bits]

Area                                    Addr        Size        Decimal Bytes (Attributes)
--------------------------------        ----        ----        ------- ----- ------------
.  .ABS.                            00000000    00000000 =           0. bytes (ABS,CON)

      Value  Global                              Global Defined In Module
      -----  --------------------------------   ------------------------
     00000000  .__.ABS.                           _bp
     00000080  G$P0$0_0$0                         LCD_Driver
     00000080  G$P0_0$0_0$0                       LCD_Driver
     00000080  _P0                                LCD_Driver
     00000080  _P0_0                              LCD_Driver
     00000081  G$P0_1$0_0$0                       LCD_Driver
     00000081  G$SP$0_0$0                         LCD_Driver
     00000081  _P0_1                              LCD_Driver
     00000081  _SP                                LCD_Driver
     00000082  G$DPL$0_0$0                        LCD_Driver
     00000082  G$P0_2$0_0$0                       LCD_Driver
     00000082  _DPL                               LCD_Driver
     00000082  _P0_2                              LCD_Driver
     00000083  G$DPH$0_0$0                        LCD_Driver
     00000083  G$P0_3$0_0$0                       LCD_Driver
     00000083  _DPH                               LCD_Driver
     00000083  _P0_3                              LCD_Driver
     00000084  G$P0_4$0_0$0                       LCD_Driver
     00000084  _P0_4                              LCD_Driver
     00000085  G$P0_5$0_0$0                       LCD_Driver
     00000085  _P0_5                              LCD_Driver
     00000086  G$P0_6$0_0$0                       LCD_Driver
     00000086  _P0_6                              LCD_Driver
     00000087  G$P0_7$0_0$0                       LCD_Driver
     00000087  G$PCON$0_0$0                       LCD_Driver
     00000087  _P0_7                              LCD_Driver
     00000087  _PCON                              LCD_Driver
     00000088  G$IT0$0_0$0                        LCD_Driver
     00000088  G$TCON$0_0$0                       LCD_Driver
     00000088  _IT0                               LCD_Driver
     00000088  _TCON                              LCD_Driver
     00000089  G$IE0$0_0$0                        LCD_Driver
     00000089  G$TMOD$0_0$0                       LCD_Driver
     00000089  _IE0                               LCD_Driver
     00000089  _TMOD                              LCD_Driver
     0000008A  G$IT1$0_0$0                        LCD_Driver
     0000008A  G$TL0$0_0$0                        LCD_Driver
     0000008A  _IT1                               LCD_Driver
     0000008A  _TL0                               LCD_Driver
     0000008B  G$IE1$0_0$0                        LCD_Driver
     0000008B  G$TL1$0_0$0                        LCD_Driver
     0000008B  _IE1                               LCD_Driver
     0000008B  _TL1                               LCD_Driver
     0000008C  G$TH0$0_0$0                        LCD_Driver
     0000008C  G$TR0$0_0$0                        LCD_Driver
     0000008C  _TH0                               LCD_Driver
     0000008C  _TR0                               LCD_Driver
     0000008D  G$TF0$0_0$0                        LCD_Driver
     0000008D  G$TH1$0_0$0                        LCD_Driver
     0000008D  _TF0                               LCD_Driver
ASxxxx Linker V03.00 + NoICE + sdld,  page 4.
Hexadecimal  [32-Bits]

Area                                    Addr        Size        Decimal Bytes (Attributes)
--------------------------------        ----        ----        ------- ----- ------------
.  .ABS.                            00000000    00000000 =           0. bytes (ABS,CON)

      Value  Global                              Global Defined In Module
      -----  --------------------------------   ------------------------
     0000008D  _TH1                               LCD_Driver
     0000008E  G$TR1$0_0$0                        LCD_Driver
     0000008E  _TR1                               LCD_Driver
     0000008F  G$TF1$0_0$0                        LCD_Driver
     0000008F  _TF1                               LCD_Driver
     00000090  G$P1$0_0$0                         LCD_Driver
     00000090  G$P1_0$0_0$0                       LCD_Driver
     00000090  _P1                                LCD_Driver
     00000090  _P1_0                              LCD_Driver
     00000091  G$P1_1$0_0$0                       LCD_Driver
     00000091  _P1_1                              LCD_Driver
     00000092  G$P1_2$0_0$0                       LCD_Driver
     00000092  _P1_2                              LCD_Driver
     00000093  G$P1_3$0_0$0                       LCD_Driver
     00000093  _P1_3                              LCD_Driver
     00000094  G$P1_4$0_0$0                       LCD_Driver
     00000094  _P1_4                              LCD_Driver
     00000095  G$P1_5$0_0$0                       LCD_Driver
     00000095  _P1_5                              LCD_Driver
     00000096  G$P1_6$0_0$0                       LCD_Driver
     00000096  _P1_6                              LCD_Driver
     00000097  G$P1_7$0_0$0                       LCD_Driver
     00000097  _P1_7                              LCD_Driver
     00000098  G$RI$0_0$0                         LCD_Driver
     00000098  G$SCON$0_0$0                       LCD_Driver
     00000098  _RI                                LCD_Driver
     00000098  _SCON                              LCD_Driver
     00000099  G$SBUF$0_0$0                       LCD_Driver
     00000099  G$TI$0_0$0                         LCD_Driver
     00000099  _SBUF                              LCD_Driver
     00000099  _TI                                LCD_Driver
     0000009A  G$RB8$0_0$0                        LCD_Driver
     0000009A  _RB8                               LCD_Driver
     0000009B  G$TB8$0_0$0                        LCD_Driver
     0000009B  _TB8                               LCD_Driver
     0000009C  G$REN$0_0$0                        LCD_Driver
     0000009C  _REN                               LCD_Driver
     0000009D  G$SM2$0_0$0                        LCD_Driver
     0000009D  _SM2                               LCD_Driver
     0000009E  G$SM1$0_0$0                        LCD_Driver
     0000009E  _SM1                               LCD_Driver
     0000009F  G$SM0$0_0$0                        LCD_Driver
     0000009F  _SM0                               LCD_Driver
     000000A0  G$P2$0_0$0                         LCD_Driver
     000000A0  G$P2_0$0_0$0                       LCD_Driver
     000000A0  _P2                                LCD_Driver
     000000A0  _P2_0                              LCD_Driver
     000000A0  __XPAGE                            
     000000A1  G$P2_1$0_0$0                       LCD_Driver
     000000A1  _P2_1                              LCD_Driver
     000000A2  G$P2_2$0_0$0                       LCD_Driver
ASxxxx Linker V03.00 + NoICE + sdld,  page 5.
Hexadecimal  [32-Bits]

Area                                    Addr        Size        Decimal Bytes (Attributes)
--------------------------------        ----        ----        ------- ----- ------------
.  .ABS.                            00000000    00000000 =           0. bytes (ABS,CON)

      Value  Global                              Global Defined In Module
      -----  --------------------------------   ------------------------
     000000A2  _P2_2                              LCD_Driver
     000000A3  G$P2_3$0_0$0                       LCD_Driver
     000000A3  _P2_3                              LCD_Driver
     000000A4  G$P2_4$0_0$0                       LCD_Driver
     000000A4  _P2_4                              LCD_Driver
     000000A5  G$P2_5$0_0$0                       LCD_Driver
     000000A5  _P2_5                              LCD_Driver
     000000A6  G$P2_6$0_0$0                       LCD_Driver
     000000A6  _P2_6                              LCD_Driver
     000000A7  G$P2_7$0_0$0                       LCD_Driver
     000000A7  _P2_7                              LCD_Driver
     000000A8  G$EX0$0_0$0                        LCD_Driver
     000000A8  G$IE$0_0$0                         LCD_Driver
     000000A8  _EX0                               LCD_Driver
     000000A8  _IE                                LCD_Driver
     000000A9  G$ET0$0_0$0                        LCD_Driver
     000000A9  _ET0                               LCD_Driver
     000000AA  G$EX1$0_0$0                        LCD_Driver
     000000AA  _EX1                               LCD_Driver
     000000AB  G$ET1$0_0$0                        LCD_Driver
     000000AB  _ET1                               LCD_Driver
     000000AC  G$ES$0_0$0                         LCD_Driver
     000000AC  _ES                                LCD_Driver
     000000AF  G$EA$0_0$0                         LCD_Driver
     000000AF  _EA                                LCD_Driver
     000000B0  G$P3$0_0$0                         LCD_Driver
     000000B0  G$P3_0$0_0$0                       LCD_Driver
     000000B0  G$RXD$0_0$0                        LCD_Driver
     000000B0  _P3                                LCD_Driver
     000000B0  _P3_0                              LCD_Driver
     000000B0  _RXD                               LCD_Driver
     000000B1  G$P3_1$0_0$0                       LCD_Driver
     000000B1  G$TXD$0_0$0                        LCD_Driver
     000000B1  _P3_1                              LCD_Driver
     000000B1  _TXD                               LCD_Driver
     000000B2  G$INT0$0_0$0                       LCD_Driver
     000000B2  G$P3_2$0_0$0                       LCD_Driver
     000000B2  _INT0                              LCD_Driver
     000000B2  _P3_2                              LCD_Driver
     000000B3  G$INT1$0_0$0                       LCD_Driver
     000000B3  G$P3_3$0_0$0                       LCD_Driver
     000000B3  _INT1                              LCD_Driver
     000000B3  _P3_3                              LCD_Driver
     000000B4  G$P3_4$0_0$0                       LCD_Driver
     000000B4  G$T0$0_0$0                         LCD_Driver
     000000B4  _P3_4                              LCD_Driver
     000000B4  _T0                                LCD_Driver
     000000B5  G$P3_5$0_0$0                       LCD_Driver
     000000B5  G$T1$0_0$0                         LCD_Driver
     000000B5  _P3_5                              LCD_Driver
     000000B5  _T1                                LCD_Driver
ASxxxx Linker V03.00 + NoICE + sdld,  page 6.
Hexadecimal  [32-Bits]

Area                                    Addr        Size        Decimal Bytes (Attributes)
--------------------------------        ----        ----        ------- ----- ------------
.  .ABS.                            00000000    00000000 =           0. bytes (ABS,CON)

      Value  Global                              Global Defined In Module
      -----  --------------------------------   ------------------------
     000000B6  G$P3_6$0_0$0                       LCD_Driver
     000000B6  G$WR$0_0$0                         LCD_Driver
     000000B6  _P3_6                              LCD_Driver
     000000B6  _WR                                LCD_Driver
     000000B7  G$P3_7$0_0$0                       LCD_Driver
     000000B7  G$RD$0_0$0                         LCD_Driver
     000000B7  _P3_7                              LCD_Driver
     000000B7  _RD                                LCD_Driver
     000000B8  G$IP$0_0$0                         LCD_Driver
     000000B8  G$PX0$0_0$0                        LCD_Driver
     000000B8  _IP                                LCD_Driver
     000000B8  _PX0                               LCD_Driver
     000000B9  G$PT0$0_0$0                        LCD_Driver
     000000B9  _PT0                               LCD_Driver
     000000BA  G$PX1$0_0$0                        LCD_Driver
     000000BA  _PX1                               LCD_Driver
     000000BB  G$PT1$0_0$0                        LCD_Driver
     000000BB  _PT1                               LCD_Driver
     000000BC  G$PS$0_0$0                         LCD_Driver
     000000BC  _PS                                LCD_Driver
     000000D0  G$P$0_0$0                          LCD_Driver
     000000D0  G$PSW$0_0$0                        LCD_Driver
     000000D0  _P                                 LCD_Driver
     000000D0  _PSW                               LCD_Driver
     000000D1  G$F1$0_0$0                         LCD_Driver
     000000D1  _F1                                LCD_Driver
     000000D2  G$OV$0_0$0                         LCD_Driver
     000000D2  _OV                                LCD_Driver
     000000D3  G$RS0$0_0$0                        LCD_Driver
     000000D3  _RS0                               LCD_Driver
     000000D4  G$RS1$0_0$0                        LCD_Driver
     000000D4  _RS1                               LCD_Driver
     000000D5  G$F0$0_0$0                         LCD_Driver
     000000D5  _F0                                LCD_Driver
     000000D6  G$AC$0_0$0                         LCD_Driver
     000000D6  _AC                                LCD_Driver
     000000D7  G$CY$0_0$0                         LCD_Driver
     000000D7  _CY                                LCD_Driver
     000000E0  G$ACC$0_0$0                        LCD_Driver
     000000E0  _ACC                               LCD_Driver
     000000F0  G$B$0_0$0                          LCD_Driver
     000000F0  _B                                 LCD_Driver
     000000F5  _B_5                               _gptrget
     000000F6  _B_6                               _gptrget
     000000F7  _B_7                               _gptrget

ASxxxx Linker V03.00 + NoICE + sdld,  page 7.
Hexadecimal  [32-Bits]

Area                                    Addr        Size        Decimal Bytes (Attributes)
--------------------------------        ----        ----        ------- ----- ------------
BSEG_BYTES                          00000020    00000001 =           1. bytes (REL,CON)

      Value  Global                              Global Defined In Module
      -----  --------------------------------   ------------------------
ASxxxx Linker V03.00 + NoICE + sdld,  page 8.
Hexadecimal  [32-Bits]

Area                                    Addr        Size        Decimal Bytes (Attributes)
--------------------------------        ----        ----        ------- ----- ------------
REG_BANK_0                          00000000    00000008 =           8. bytes (REL,OVR)

      Value  Global                              Global Defined In Module
      -----  --------------------------------   ------------------------
ASxxxx Linker V03.00 + NoICE + sdld,  page 9.
Hexadecimal  [32-Bits]

Area                                    Addr        Size        Decimal Bytes (Attributes)
--------------------------------        ----        ----        ------- ----- ------------
DSEG                                00000000    0000007A =         122. bytes (REL,CON)

      Value  Global                              Global Defined In Module
      -----  --------------------------------   ------------------------
     00000008  LLCD_Driver.lcdputstr_wordwrap$s   LCD_Driver
     0000000B  LLCD_Driver.lcdputstr_wordwrap$s   LCD_Driver
     00000018  _bp                                _bp
ASxxxx Linker V03.00 + NoICE + sdld,  page 10.
Hexadecimal  [32-Bits]

Area                                    Addr        Size        Decimal Bytes (Attributes)
--------------------------------        ----        ----        ------- ----- ------------
OSEG                                00000019    00000001 =           1. bytes (REL,OVR)

      Value  Global                              Global Defined In Module
      -----  --------------------------------   ------------------------
ASxxxx Linker V03.00 + NoICE + sdld,  page 11.
Hexadecimal  [32-Bits]

Area                                    Addr        Size        Decimal Bytes (Attributes)
--------------------------------        ----        ----        ------- ----- ------------
SSEG                                00000021    0000005F =          95. bytes (REL,OVR)

      Value  Global                              Global Defined In Module
      -----  --------------------------------   ------------------------
     00000021  __start__stack                     LCD_Driver

ASxxxx Linker V03.00 + NoICE + sdld,  page 12.
Hexadecimal  [32-Bits]

Area                                    Addr        Size        Decimal Bytes (Attributes)
--------------------------------        ----        ----        ------- ----- ------------
XSEG                                00000400    000000C4 =         196. bytes (REL,CON,XDATA)

      Value  Global                              Global Defined In Module
      -----  --------------------------------   ------------------------
D:   00000400  LLCD_Driver.putchar$c$1_0$67       LCD_Driver
D:   00000402  LLCD_Driver.putstr$s$1_0$71        LCD_Driver
D:   00000405  LLCD_Driver.lcd_cmd$cmd$1_0$77     LCD_Driver
D:   00000406  LLCD_Driver.lcdputch$cc$1_0$79     LCD_Driver
D:   00000407  LLCD_Driver.lcdgotoaddr$address$   LCD_Driver
D:   00000408  LLCD_Driver.lcdgotoxy$col$1_0$86   LCD_Driver
D:   00000408  _lcdgotoxy_PARM_2                  LCD_Driver
D:   00000409  LLCD_Driver.lcdgotoxy$row$1_0$86   LCD_Driver
D:   0000040A  LLCD_Driver.lcdputstr$ss$1_0$88    LCD_Driver
D:   0000040D  LLCD_Driver.lcdputstr$current_ro   LCD_Driver
D:   0000040E  LLCD_Driver.lcdputstr$current_co   LCD_Driver
D:   0000040F  LLCD_Driver.lcdputstr_wordwrap$s   LCD_Driver
D:   00000412  LLCD_Driver.lcdputstr_wordwrap$c   LCD_Driver
D:   00000413  LLCD_Driver.lcdputstr_wordwrap$c   LCD_Driver
D:   00000414  LLCD_Driver.lcdputstr_wordwrap$w   LCD_Driver
D:   00000417  LLCD_Driver.lcd_putchar_at$col$1   LCD_Driver
D:   00000417  _lcd_putchar_at_PARM_2             LCD_Driver
D:   00000418  LLCD_Driver.lcd_putchar_at$c$1_0   LCD_Driver
D:   00000418  _lcd_putchar_at_PARM_3             LCD_Driver
D:   00000419  LLCD_Driver.lcd_putchar_at$row$1   LCD_Driver
D:   0000041A  LLCD_Driver.lcd_string_at$col$1_   LCD_Driver
D:   0000041A  _lcd_string_at_PARM_2              LCD_Driver
D:   0000041B  LLCD_Driver.lcd_string_at$str$1_   LCD_Driver
D:   0000041B  _lcd_string_at_PARM_3              LCD_Driver
D:   0000041E  LLCD_Driver.lcd_string_at$row$1_   LCD_Driver
D:   0000041F  LLCD_Driver.lcd_delay_ms$ms$1_0$   LCD_Driver
D:   00000420  LLCD_Driver.lcd_delay_ms$i$1_0$1   LCD_Driver
D:   00000422  LLCD_Driver.get_number$buffer$1_   LCD_Driver
D:   00000425  LLCD_Driver.get_user_input$max_l   LCD_Driver
D:   00000425  _get_user_input_PARM_2             LCD_Driver
D:   00000426  LLCD_Driver.get_user_input$buffe   LCD_Driver
D:   00000429  LLCD_Driver.get_user_input$count   LCD_Driver
D:   0000042A  LLCD_Driver.display_clock$time_s   LCD_Driver
D:   00000433  LLCD_Driver.main$input_buffer$1_   LCD_Driver
D:   00000473  LLCD_Driver.main$char_buffer$1_1   LCD_Driver
D:   00000474  LLCD_Driver.main$row$1_1$158       LCD_Driver
D:   00000476  LLCD_Driver.main$col$1_1$158       LCD_Driver
D:   00000478  __divuint_PARM_2                   _divuint
D:   00000485  __gptrput_PARM_2                   _gptrput
D:   00000486  __mulint_PARM_2                    _mulint
D:   00000488  __moduint_PARM_2                   _moduint
D:   0000048D  _vprintf_PARM_2                    vprintf
D:   000004A2  __print_format_PARM_2              printf_large
D:   000004A5  __print_format_PARM_3              printf_large
D:   000004A8  __print_format_PARM_4              printf_large
ASxxxx Linker V03.00 + NoICE + sdld,  page 13.
Hexadecimal  [32-Bits]

Area                                    Addr        Size        Decimal Bytes (Attributes)
--------------------------------        ----        ----        ------- ----- ------------
XISEG                               000004C4    00000016 =          22. bytes (REL,CON,XDATA)

      Value  Global                              Global Defined In Module
      -----  --------------------------------   ------------------------
D:   000004C4  G$system_clock$0_0$0               LCD_Driver
D:   000004C4  _system_clock                      LCD_Driver
D:   000004CC  G$timer_do_something$0_0$0         LCD_Driver
D:   000004CC  _timer_do_something                LCD_Driver
D:   000004CD  G$cursor_backup$0_0$0              LCD_Driver
D:   000004CD  _cursor_backup                     LCD_Driver
D:   000004D0  G$current_row$0_0$0                LCD_Driver
D:   000004D0  _current_row                       LCD_Driver
D:   000004D1  G$current_col$0_0$0                LCD_Driver
D:   000004D1  _current_col                       LCD_Driver
D:   000004D2  G$lcd_cmd_ptr$0_0$0                LCD_Driver
D:   000004D2  _lcd_cmd_ptr                       LCD_Driver
D:   000004D4  G$lcdputch_ptr$0_0$0               LCD_Driver
D:   000004D4  _lcdputch_ptr                      LCD_Driver
D:   000004D6  G$lcd_status_ptr$0_0$0             LCD_Driver
D:   000004D6  _lcd_status_ptr                    LCD_Driver
D:   000004D8  G$lcd_read_ptr$0_0$0               LCD_Driver
D:   000004D8  _lcd_read_ptr                      LCD_Driver
ASxxxx Linker V03.00 + NoICE + sdld,  page 14.
Hexadecimal  [32-Bits]

Area                                    Addr        Size        Decimal Bytes (Attributes)
--------------------------------        ----        ----        ------- ----- ------------
HOME                                00002000    0000003F =          63. bytes (REL,CON,CODE)

      Value  Global                              Global Defined In Module
      -----  --------------------------------   ------------------------
C:   00002000  A$LCD_Driver$544                   LCD_Driver
C:   00002003  A$LCD_Driver$545                   LCD_Driver
C:   0000200B  A$LCD_Driver$547                   LCD_Driver
C:   0000200E  A$LCD_Driver$569                   LCD_Driver
C:   0000200E  __sdcc_program_startup             LCD_Driver
C:   00002011  ___gptr_cmp                        
ASxxxx Linker V03.00 + NoICE + sdld,  page 15.
Hexadecimal  [32-Bits]

Area                                    Addr        Size        Decimal Bytes (Attributes)
--------------------------------        ----        ----        ------- ----- ------------
GSINIT0                             0000203F    00000003 =           3. bytes (REL,CON,CODE)

      Value  Global                              Global Defined In Module
      -----  --------------------------------   ------------------------
C:   0000203F  __sdcc_gsinit_startup              

ASxxxx Linker V03.00 + NoICE + sdld,  page 16.
Hexadecimal  [32-Bits]

Area                                    Addr        Size        Decimal Bytes (Attributes)
--------------------------------        ----        ----        ------- ----- ------------
GSINIT2                             00002042    0000000A =          10. bytes (REL,CON,CODE)

      Value  Global                              Global Defined In Module
      -----  --------------------------------   ------------------------
ASxxxx Linker V03.00 + NoICE + sdld,  page 17.
Hexadecimal  [32-Bits]

Area                                    Addr        Size        Decimal Bytes (Attributes)
--------------------------------        ----        ----        ------- ----- ------------
GSINIT3                             0000204C    00000022 =          34. bytes (REL,CON,CODE)

      Value  Global                              Global Defined In Module
      -----  --------------------------------   ------------------------
C:   0000204C  __mcs51_genXINIT                   

ASxxxx Linker V03.00 + NoICE + sdld,  page 18.
Hexadecimal  [32-Bits]

Area                                    Addr        Size        Decimal Bytes (Attributes)
--------------------------------        ----        ----        ------- ----- ------------
GSINIT4                             0000206E    0000002A =          42. bytes (REL,CON,CODE)

      Value  Global                              Global Defined In Module
      -----  --------------------------------   ------------------------
C:   0000206E  __mcs51_genRAMCLEAR                
C:   00002074  __mcs51_genXRAMCLEAR               

ASxxxx Linker V03.00 + NoICE + sdld,  page 19.
Hexadecimal  [32-Bits]

Area                                    Addr        Size        Decimal Bytes (Attributes)
--------------------------------        ----        ----        ------- ----- ------------
GSFINAL                             00002098    00000003 =           3. bytes (REL,CON,CODE)

      Value  Global                              Global Defined In Module
      -----  --------------------------------   ------------------------
C:   00002098  A$LCD_Driver$562                   LCD_Driver

ASxxxx Linker V03.00 + NoICE + sdld,  page 20.
Hexadecimal  [32-Bits]

Area                                    Addr        Size        Decimal Bytes (Attributes)
--------------------------------        ----        ----        ------- ----- ------------
CSEG                                0000209B    000018F8 =        6392. bytes (REL,CON,CODE)

      Value  Global                              Global Defined In Module
      -----  --------------------------------   ------------------------
C:   0000209B  A$LCD_Driver$595                   LCD_Driver
C:   0000209B  C$LCD_Driver.c$71$0_0$68           LCD_Driver
C:   0000209B  G$putchar$0$0                      LCD_Driver
C:   0000209B  _putchar                           LCD_Driver
C:   0000209D  A$LCD_Driver$596                   LCD_Driver
C:   0000209F  A$LCD_Driver$597                   LCD_Driver
C:   000020A2  A$LCD_Driver$598                   LCD_Driver
C:   000020A3  A$LCD_Driver$599                   LCD_Driver
C:   000020A4  A$LCD_Driver$600                   LCD_Driver
C:   000020A5  A$LCD_Driver$601                   LCD_Driver
C:   000020A6  A$LCD_Driver$605                   LCD_Driver
C:   000020A6  C$LCD_Driver.c$72$1_0$68           LCD_Driver
C:   000020A9  A$LCD_Driver$608                   LCD_Driver
C:   000020A9  C$LCD_Driver.c$73$1_0$68           LCD_Driver
C:   000020AC  A$LCD_Driver$609                   LCD_Driver
C:   000020AD  A$LCD_Driver$610                   LCD_Driver
C:   000020AE  A$LCD_Driver$611                   LCD_Driver
C:   000020AF  A$LCD_Driver$612                   LCD_Driver
C:   000020B0  A$LCD_Driver$613                   LCD_Driver
C:   000020B1  A$LCD_Driver$614                   LCD_Driver
C:   000020B3  A$LCD_Driver$618                   LCD_Driver
C:   000020B3  C$LCD_Driver.c$74$1_0$68           LCD_Driver
C:   000020B5  A$LCD_Driver$621                   LCD_Driver
C:   000020B5  C$LCD_Driver.c$75$1_0$68           LCD_Driver
C:   000020B7  A$LCD_Driver$622                   LCD_Driver
C:   000020B9  A$LCD_Driver$627                   LCD_Driver
C:   000020B9  C$LCD_Driver.c$76$1_0$68           LCD_Driver
C:   000020B9  XG$putchar$0$0                     LCD_Driver
C:   000020BA  A$LCD_Driver$644                   LCD_Driver
C:   000020BA  C$LCD_Driver.c$79$1_0$70           LCD_Driver
C:   000020BA  C$LCD_Driver.c$80$1_0$70           LCD_Driver
C:   000020BA  C$LCD_Driver.c$81$1_0$70           LCD_Driver
C:   000020BA  G$getchar$0$0                      LCD_Driver
C:   000020BA  _getchar                           LCD_Driver
C:   000020BD  A$LCD_Driver$645                   LCD_Driver
C:   000020BF  A$LCD_Driver$649                   LCD_Driver
C:   000020BF  C$LCD_Driver.c$82$1_0$70           LCD_Driver
C:   000020C1  A$LCD_Driver$650                   LCD_Driver
C:   000020C3  A$LCD_Driver$651                   LCD_Driver
C:   000020C5  A$LCD_Driver$652                   LCD_Driver
C:   000020C7  A$LCD_Driver$657                   LCD_Driver
C:   000020C7  C$LCD_Driver.c$83$1_0$70           LCD_Driver
C:   000020C7  XG$getchar$0$0                     LCD_Driver
C:   000020C8  A$LCD_Driver$671                   LCD_Driver
C:   000020C8  C$LCD_Driver.c$86$1_0$72           LCD_Driver
C:   000020C8  G$putstr$0$0                       LCD_Driver
C:   000020C8  _putstr                            LCD_Driver
C:   000020CA  A$LCD_Driver$672                   LCD_Driver
C:   000020CC  A$LCD_Driver$673                   LCD_Driver
C:   000020CE  A$LCD_Driver$674                   LCD_Driver
ASxxxx Linker V03.00 + NoICE + sdld,  page 21.
Hexadecimal  [32-Bits]

Area                                    Addr        Size        Decimal Bytes (Attributes)
--------------------------------        ----        ----        ------- ----- ------------
CSEG                                0000209B    000018F8 =        6392. bytes (REL,CON,CODE)

      Value  Global                              Global Defined In Module
      -----  --------------------------------   ------------------------
C:   000020D1  A$LCD_Driver$675                   LCD_Driver
C:   000020D2  A$LCD_Driver$676                   LCD_Driver
C:   000020D3  A$LCD_Driver$677                   LCD_Driver
C:   000020D4  A$LCD_Driver$678                   LCD_Driver
C:   000020D5  A$LCD_Driver$679                   LCD_Driver
C:   000020D6  A$LCD_Driver$680                   LCD_Driver
C:   000020D7  A$LCD_Driver$681                   LCD_Driver
C:   000020D8  A$LCD_Driver$684                   LCD_Driver
C:   000020D8  C$LCD_Driver.c$88$1_0$72           LCD_Driver
C:   000020DB  A$LCD_Driver$685                   LCD_Driver
C:   000020DC  A$LCD_Driver$686                   LCD_Driver
C:   000020DD  A$LCD_Driver$687                   LCD_Driver
C:   000020DE  A$LCD_Driver$688                   LCD_Driver
C:   000020DF  A$LCD_Driver$689                   LCD_Driver
C:   000020E0  A$LCD_Driver$690                   LCD_Driver
C:   000020E1  A$LCD_Driver$691                   LCD_Driver
C:   000020E2  A$LCD_Driver$692                   LCD_Driver
C:   000020E3  A$LCD_Driver$693                   LCD_Driver
C:   000020E5  A$LCD_Driver$694                   LCD_Driver
C:   000020E7  A$LCD_Driver$696                   LCD_Driver
C:   000020E9  A$LCD_Driver$697                   LCD_Driver
C:   000020EB  A$LCD_Driver$698                   LCD_Driver
C:   000020ED  A$LCD_Driver$699                   LCD_Driver
C:   000020F0  A$LCD_Driver$700                   LCD_Driver
C:   000020F1  A$LCD_Driver$701                   LCD_Driver
C:   000020F3  A$LCD_Driver$704                   LCD_Driver
C:   000020F3  C$LCD_Driver.c$89$2_0$73           LCD_Driver
C:   000020F4  A$LCD_Driver$705                   LCD_Driver
C:   000020F7  A$LCD_Driver$706                   LCD_Driver
C:   000020F8  A$LCD_Driver$708                   LCD_Driver
C:   000020FB  A$LCD_Driver$709                   LCD_Driver
C:   000020FC  A$LCD_Driver$710                   LCD_Driver
C:   000020FD  A$LCD_Driver$711                   LCD_Driver
C:   000020FE  A$LCD_Driver$712                   LCD_Driver
C:   000020FF  A$LCD_Driver$713                   LCD_Driver
C:   00002100  A$LCD_Driver$714                   LCD_Driver
C:   00002101  A$LCD_Driver$715                   LCD_Driver
C:   00002102  A$LCD_Driver$716                   LCD_Driver
C:   00002103  A$LCD_Driver$717                   LCD_Driver
C:   00002105  A$LCD_Driver$718                   LCD_Driver
C:   00002107  A$LCD_Driver$719                   LCD_Driver
C:   00002109  A$LCD_Driver$720                   LCD_Driver
C:   0000210B  A$LCD_Driver$721                   LCD_Driver
C:   0000210D  A$LCD_Driver$722                   LCD_Driver
C:   0000210F  A$LCD_Driver$723                   LCD_Driver
C:   00002111  A$LCD_Driver$724                   LCD_Driver
C:   00002113  A$LCD_Driver$725                   LCD_Driver
C:   00002115  A$LCD_Driver$726                   LCD_Driver
C:   00002118  A$LCD_Driver$727                   LCD_Driver
C:   0000211A  A$LCD_Driver$728                   LCD_Driver
C:   0000211C  A$LCD_Driver$729                   LCD_Driver
ASxxxx Linker V03.00 + NoICE + sdld,  page 22.
Hexadecimal  [32-Bits]

Area                                    Addr        Size        Decimal Bytes (Attributes)
--------------------------------        ----        ----        ------- ----- ------------
CSEG                                0000209B    000018F8 =        6392. bytes (REL,CON,CODE)

      Value  Global                              Global Defined In Module
      -----  --------------------------------   ------------------------
C:   0000211E  A$LCD_Driver$730                   LCD_Driver
C:   00002120  A$LCD_Driver$731                   LCD_Driver
C:   00002122  A$LCD_Driver$734                   LCD_Driver
C:   00002122  C$LCD_Driver.c$90$2_0$73           LCD_Driver
C:   00002123  A$LCD_Driver$735                   LCD_Driver
C:   00002126  A$LCD_Driver$736                   LCD_Driver
C:   00002127  A$LCD_Driver$737                   LCD_Driver
C:   00002129  A$LCD_Driver$739                   LCD_Driver
C:   0000212C  A$LCD_Driver$740                   LCD_Driver
C:   0000212D  A$LCD_Driver$741                   LCD_Driver
C:   0000212E  A$LCD_Driver$742                   LCD_Driver
C:   0000212F  A$LCD_Driver$743                   LCD_Driver
C:   00002130  A$LCD_Driver$744                   LCD_Driver
C:   00002131  A$LCD_Driver$745                   LCD_Driver
C:   00002132  A$LCD_Driver$746                   LCD_Driver
C:   00002133  A$LCD_Driver$747                   LCD_Driver
C:   00002134  A$LCD_Driver$750                   LCD_Driver
C:   00002134  C$LCD_Driver.c$92$1_0$72           LCD_Driver
C:   00002135  A$LCD_Driver$751                   LCD_Driver
C:   00002138  A$LCD_Driver$752                   LCD_Driver
C:   00002139  A$LCD_Driver$754                   LCD_Driver
C:   0000213B  A$LCD_Driver$755                   LCD_Driver
C:   0000213D  A$LCD_Driver$760                   LCD_Driver
C:   0000213D  C$LCD_Driver.c$93$1_0$72           LCD_Driver
C:   0000213D  XG$putstr$0$0                      LCD_Driver
C:   0000213E  A$LCD_Driver$776                   LCD_Driver
C:   0000213E  C$LCD_Driver.c$101$1_0$75          LCD_Driver
C:   0000213E  C$LCD_Driver.c$96$1_0$75           LCD_Driver
C:   0000213E  G$lcdbusywait$0$0                  LCD_Driver
C:   0000213E  _lcdbusywait                       LCD_Driver
C:   00002140  A$LCD_Driver$777                   LCD_Driver
C:   00002142  A$LCD_Driver$781                   LCD_Driver
C:   00002142  C$LCD_Driver.c$102$2_0$76          LCD_Driver
C:   00002145  A$LCD_Driver$782                   LCD_Driver
C:   00002146  A$LCD_Driver$783                   LCD_Driver
C:   00002147  A$LCD_Driver$784                   LCD_Driver
C:   00002148  A$LCD_Driver$785                   LCD_Driver
C:   00002149  A$LCD_Driver$786                   LCD_Driver
C:   0000214A  A$LCD_Driver$787                   LCD_Driver
C:   0000214C  A$LCD_Driver$788                   LCD_Driver
C:   0000214E  A$LCD_Driver$789                   LCD_Driver
C:   0000214F  A$LCD_Driver$790                   LCD_Driver
C:   00002150  A$LCD_Driver$793                   LCD_Driver
C:   00002150  C$LCD_Driver.c$103$2_0$76          LCD_Driver
C:   00002151  A$LCD_Driver$794                   LCD_Driver
C:   00002154  A$LCD_Driver$795                   LCD_Driver
C:   00002155  A$LCD_Driver$799                   LCD_Driver
C:   00002155  C$LCD_Driver.c$106$2_0$76          LCD_Driver
C:   00002156  A$LCD_Driver$800                   LCD_Driver
C:   00002157  A$LCD_Driver$801                   LCD_Driver
C:   00002159  A$LCD_Driver$804                   LCD_Driver
ASxxxx Linker V03.00 + NoICE + sdld,  page 23.
Hexadecimal  [32-Bits]

Area                                    Addr        Size        Decimal Bytes (Attributes)
--------------------------------        ----        ----        ------- ----- ------------
CSEG                                0000209B    000018F8 =        6392. bytes (REL,CON,CODE)

      Value  Global                              Global Defined In Module
      -----  --------------------------------   ------------------------
C:   00002159  C$LCD_Driver.c$108$1_0$75          LCD_Driver
C:   0000215A  A$LCD_Driver$805                   LCD_Driver
C:   0000215D  A$LCD_Driver$811                   LCD_Driver
C:   0000215D  C$LCD_Driver.c$109$1_0$75          LCD_Driver
C:   0000215D  XG$lcdbusywait$0$0                 LCD_Driver
C:   0000215E  A$LCD_Driver$824                   LCD_Driver
C:   0000215E  C$LCD_Driver.c$112$1_0$78          LCD_Driver
C:   0000215E  G$lcd_cmd$0$0                      LCD_Driver
C:   0000215E  _lcd_cmd                           LCD_Driver
C:   00002160  A$LCD_Driver$825                   LCD_Driver
C:   00002163  A$LCD_Driver$826                   LCD_Driver
C:   00002164  A$LCD_Driver$829                   LCD_Driver
C:   00002164  C$LCD_Driver.c$114$1_0$78          LCD_Driver
C:   00002167  A$LCD_Driver$832                   LCD_Driver
C:   00002167  C$LCD_Driver.c$115$1_0$78          LCD_Driver
C:   0000216A  A$LCD_Driver$833                   LCD_Driver
C:   0000216B  A$LCD_Driver$834                   LCD_Driver
C:   0000216C  A$LCD_Driver$835                   LCD_Driver
C:   0000216D  A$LCD_Driver$836                   LCD_Driver
C:   0000216E  A$LCD_Driver$837                   LCD_Driver
C:   0000216F  A$LCD_Driver$838                   LCD_Driver
C:   00002172  A$LCD_Driver$839                   LCD_Driver
C:   00002173  A$LCD_Driver$840                   LCD_Driver
C:   00002175  A$LCD_Driver$841                   LCD_Driver
C:   00002177  A$LCD_Driver$842                   LCD_Driver
C:   00002178  A$LCD_Driver$847                   LCD_Driver
C:   00002178  C$LCD_Driver.c$116$1_0$78          LCD_Driver
C:   00002178  XG$lcd_cmd$0$0                     LCD_Driver
C:   00002179  A$LCD_Driver$860                   LCD_Driver
C:   00002179  C$LCD_Driver.c$119$1_0$80          LCD_Driver
C:   00002179  G$lcdputch$0$0                     LCD_Driver
C:   00002179  _lcdputch                          LCD_Driver
C:   0000217B  A$LCD_Driver$861                   LCD_Driver
C:   0000217E  A$LCD_Driver$862                   LCD_Driver
C:   0000217F  A$LCD_Driver$865                   LCD_Driver
C:   0000217F  C$LCD_Driver.c$121$1_0$80          LCD_Driver
C:   00002182  A$LCD_Driver$868                   LCD_Driver
C:   00002182  C$LCD_Driver.c$122$1_0$80          LCD_Driver
C:   00002185  A$LCD_Driver$869                   LCD_Driver
C:   00002186  A$LCD_Driver$870                   LCD_Driver
C:   00002187  A$LCD_Driver$871                   LCD_Driver
C:   00002188  A$LCD_Driver$872                   LCD_Driver
C:   00002189  A$LCD_Driver$873                   LCD_Driver
C:   0000218A  A$LCD_Driver$874                   LCD_Driver
C:   0000218D  A$LCD_Driver$875                   LCD_Driver
C:   0000218E  A$LCD_Driver$876                   LCD_Driver
C:   00002190  A$LCD_Driver$877                   LCD_Driver
C:   00002192  A$LCD_Driver$878                   LCD_Driver
C:   00002193  A$LCD_Driver$881                   LCD_Driver
C:   00002193  C$LCD_Driver.c$125$1_0$80          LCD_Driver
C:   00002196  A$LCD_Driver$882                   LCD_Driver
ASxxxx Linker V03.00 + NoICE + sdld,  page 24.
Hexadecimal  [32-Bits]

Area                                    Addr        Size        Decimal Bytes (Attributes)
--------------------------------        ----        ----        ------- ----- ------------
CSEG                                0000209B    000018F8 =        6392. bytes (REL,CON,CODE)

      Value  Global                              Global Defined In Module
      -----  --------------------------------   ------------------------
C:   00002197  A$LCD_Driver$883                   LCD_Driver
C:   00002198  A$LCD_Driver$884                   LCD_Driver
C:   00002199  A$LCD_Driver$887                   LCD_Driver
C:   00002199  C$LCD_Driver.c$126$1_0$80          LCD_Driver
C:   0000219A  A$LCD_Driver$888                   LCD_Driver
C:   0000219B  A$LCD_Driver$889                   LCD_Driver
C:   0000219E  A$LCD_Driver$891                   LCD_Driver
C:   000021A0  A$LCD_Driver$894                   LCD_Driver
C:   000021A0  C$LCD_Driver.c$127$2_0$81          LCD_Driver
C:   000021A3  A$LCD_Driver$895                   LCD_Driver
C:   000021A4  A$LCD_Driver$896                   LCD_Driver
C:   000021A5  A$LCD_Driver$899                   LCD_Driver
C:   000021A5  C$LCD_Driver.c$128$2_0$81          LCD_Driver
C:   000021A8  A$LCD_Driver$900                   LCD_Driver
C:   000021A9  A$LCD_Driver$901                   LCD_Driver
C:   000021AA  A$LCD_Driver$902                   LCD_Driver
C:   000021AB  A$LCD_Driver$905                   LCD_Driver
C:   000021AB  C$LCD_Driver.c$129$2_0$81          LCD_Driver
C:   000021AC  A$LCD_Driver$906                   LCD_Driver
C:   000021AD  A$LCD_Driver$907                   LCD_Driver
C:   000021B0  A$LCD_Driver$909                   LCD_Driver
C:   000021B2  A$LCD_Driver$910                   LCD_Driver
C:   000021B5  A$LCD_Driver$911                   LCD_Driver
C:   000021B6  A$LCD_Driver$912                   LCD_Driver
C:   000021B7  A$LCD_Driver$918                   LCD_Driver
C:   000021B7  C$LCD_Driver.c$131$1_0$80          LCD_Driver
C:   000021B7  XG$lcdputch$0$0                    LCD_Driver
C:   000021B8  A$LCD_Driver$933                   LCD_Driver
C:   000021B8  C$LCD_Driver.c$133$1_0$83          LCD_Driver
C:   000021B8  C$LCD_Driver.c$136$1_0$83          LCD_Driver
C:   000021B8  G$lcd_read_address$0$0             LCD_Driver
C:   000021B8  _lcd_read_address                  LCD_Driver
C:   000021BB  A$LCD_Driver$936                   LCD_Driver
C:   000021BB  C$LCD_Driver.c$137$1_0$83          LCD_Driver
C:   000021BE  A$LCD_Driver$937                   LCD_Driver
C:   000021BF  A$LCD_Driver$938                   LCD_Driver
C:   000021C0  A$LCD_Driver$939                   LCD_Driver
C:   000021C1  A$LCD_Driver$940                   LCD_Driver
C:   000021C2  A$LCD_Driver$941                   LCD_Driver
C:   000021C3  A$LCD_Driver$942                   LCD_Driver
C:   000021C5  A$LCD_Driver$943                   LCD_Driver
C:   000021C7  A$LCD_Driver$944                   LCD_Driver
C:   000021C8  A$LCD_Driver$945                   LCD_Driver
C:   000021C9  A$LCD_Driver$946                   LCD_Driver
C:   000021CC  A$LCD_Driver$949                   LCD_Driver
C:   000021CC  C$LCD_Driver.c$138$1_0$83          LCD_Driver
C:   000021CE  A$LCD_Driver$954                   LCD_Driver
C:   000021CE  C$LCD_Driver.c$139$1_0$83          LCD_Driver
C:   000021CE  XG$lcd_read_address$0$0            LCD_Driver
C:   000021CF  A$LCD_Driver$967                   LCD_Driver
C:   000021CF  C$LCD_Driver.c$141$1_0$85          LCD_Driver
ASxxxx Linker V03.00 + NoICE + sdld,  page 25.
Hexadecimal  [32-Bits]

Area                                    Addr        Size        Decimal Bytes (Attributes)
--------------------------------        ----        ----        ------- ----- ------------
CSEG                                0000209B    000018F8 =        6392. bytes (REL,CON,CODE)

      Value  Global                              Global Defined In Module
      -----  --------------------------------   ------------------------
C:   000021CF  G$lcdgotoaddr$0$0                  LCD_Driver
C:   000021CF  _lcdgotoaddr                       LCD_Driver
C:   000021D1  A$LCD_Driver$968                   LCD_Driver
C:   000021D4  A$LCD_Driver$969                   LCD_Driver
C:   000021D5  A$LCD_Driver$972                   LCD_Driver
C:   000021D5  C$LCD_Driver.c$143$1_0$85          LCD_Driver
C:   000021D6  A$LCD_Driver$973                   LCD_Driver
C:   000021D8  A$LCD_Driver$974                   LCD_Driver
C:   000021DA  A$LCD_Driver$975                   LCD_Driver
C:   000021DD  A$LCD_Driver$978                   LCD_Driver
C:   000021DD  C$LCD_Driver.c$144$1_0$85          LCD_Driver
C:   000021E0  A$LCD_Driver$983                   LCD_Driver
C:   000021E0  C$LCD_Driver.c$145$1_0$85          LCD_Driver
C:   000021E0  XG$lcdgotoaddr$0$0                 LCD_Driver
C:   000021E1  A$LCD_Driver$998                   LCD_Driver
C:   000021E1  C$LCD_Driver.c$148$1_0$87          LCD_Driver
C:   000021E1  G$lcdgotoxy$0$0                    LCD_Driver
C:   000021E1  _lcdgotoxy                         LCD_Driver
C:   000021E3  A$LCD_Driver$999                   LCD_Driver
C:   000021E6  A$LCD_Driver$1000                  LCD_Driver
C:   000021E7  A$LCD_Driver$1003                  LCD_Driver
C:   000021E7  C$LCD_Driver.c$151$1_0$87          LCD_Driver
C:   000021E8  A$LCD_Driver$1004                  LCD_Driver
C:   000021E9  A$LCD_Driver$1005                  LCD_Driver
C:   000021EC  A$LCD_Driver$1006                  LCD_Driver
C:   000021ED  A$LCD_Driver$1009                  LCD_Driver
C:   000021ED  C$LCD_Driver.c$152$1_0$87          LCD_Driver
C:   000021F0  A$LCD_Driver$1010                  LCD_Driver
C:   000021F1  A$LCD_Driver$1011                  LCD_Driver
C:   000021F2  A$LCD_Driver$1012                  LCD_Driver
C:   000021F5  A$LCD_Driver$1013                  LCD_Driver
C:   000021F6  A$LCD_Driver$1016                  LCD_Driver
C:   000021F6  C$LCD_Driver.c$155$1_0$87          LCD_Driver
C:   000021F7  A$LCD_Driver$1017                  LCD_Driver
C:   000021F9  A$LCD_Driver$1018                  LCD_Driver
C:   000021FB  A$LCD_Driver$1019                  LCD_Driver
C:   000021FE  A$LCD_Driver$1020                  LCD_Driver
C:   00002200  A$LCD_Driver$1021                  LCD_Driver
C:   00002201  A$LCD_Driver$1025                  LCD_Driver
C:   00002201  C$LCD_Driver.c$156$1_0$87          LCD_Driver
C:   00002202  A$LCD_Driver$1026                  LCD_Driver
C:   00002204  A$LCD_Driver$1027                  LCD_Driver
C:   00002206  A$LCD_Driver$1028                  LCD_Driver
C:   00002209  A$LCD_Driver$1029                  LCD_Driver
C:   0000220B  A$LCD_Driver$1030                  LCD_Driver
C:   0000220C  A$LCD_Driver$1034                  LCD_Driver
C:   0000220C  C$LCD_Driver.c$158$1_0$87          LCD_Driver
C:   0000220F  A$LCD_Driver$1035                  LCD_Driver
C:   00002210  A$LCD_Driver$1036                  LCD_Driver
C:   00002213  A$LCD_Driver$1037                  LCD_Driver
C:   00002214  A$LCD_Driver$1038                  LCD_Driver
ASxxxx Linker V03.00 + NoICE + sdld,  page 26.
Hexadecimal  [32-Bits]

Area                                    Addr        Size        Decimal Bytes (Attributes)
--------------------------------        ----        ----        ------- ----- ------------
CSEG                                0000209B    000018F8 =        6392. bytes (REL,CON,CODE)

      Value  Global                              Global Defined In Module
      -----  --------------------------------   ------------------------
C:   00002215  A$LCD_Driver$1039                  LCD_Driver
C:   00002218  A$LCD_Driver$1040                  LCD_Driver
C:   00002219  A$LCD_Driver$1041                  LCD_Driver
C:   0000221A  A$LCD_Driver$1044                  LCD_Driver
C:   0000221A  C$LCD_Driver.c$159$1_0$87          LCD_Driver
C:   0000221C  A$LCD_Driver$1045                  LCD_Driver
C:   0000221F  A$LCD_Driver$1050                  LCD_Driver
C:   0000221F  C$LCD_Driver.c$160$1_0$87          LCD_Driver
C:   0000221F  XG$lcdgotoxy$0$0                   LCD_Driver
C:   00002220  A$LCD_Driver$1067                  LCD_Driver
C:   00002220  C$LCD_Driver.c$163$1_0$89          LCD_Driver
C:   00002220  G$lcdputstr$0$0                    LCD_Driver
C:   00002220  _lcdputstr                         LCD_Driver
C:   00002222  A$LCD_Driver$1068                  LCD_Driver
C:   00002224  A$LCD_Driver$1069                  LCD_Driver
C:   00002226  A$LCD_Driver$1070                  LCD_Driver
C:   00002229  A$LCD_Driver$1071                  LCD_Driver
C:   0000222A  A$LCD_Driver$1072                  LCD_Driver
C:   0000222B  A$LCD_Driver$1073                  LCD_Driver
C:   0000222C  A$LCD_Driver$1074                  LCD_Driver
C:   0000222D  A$LCD_Driver$1075                  LCD_Driver
C:   0000222E  A$LCD_Driver$1076                  LCD_Driver
C:   0000222F  A$LCD_Driver$1077                  LCD_Driver
C:   00002230  A$LCD_Driver$1080                  LCD_Driver
C:   00002230  C$LCD_Driver.c$165$2_0$89          LCD_Driver
C:   00002233  A$LCD_Driver$1081                  LCD_Driver
C:   00002234  A$LCD_Driver$1082                  LCD_Driver
C:   00002235  A$LCD_Driver$1085                  LCD_Driver
C:   00002235  C$LCD_Driver.c$166$2_0$89          LCD_Driver
C:   00002238  A$LCD_Driver$1086                  LCD_Driver
C:   00002239  A$LCD_Driver$1089                  LCD_Driver
C:   00002239  C$LCD_Driver.c$169$1_0$89          LCD_Driver
C:   0000223C  A$LCD_Driver$1090                  LCD_Driver
C:   0000223E  A$LCD_Driver$1093                  LCD_Driver
C:   0000223E  C$LCD_Driver.c$172$1_0$89          LCD_Driver
C:   00002240  A$LCD_Driver$1095                  LCD_Driver
C:   00002243  A$LCD_Driver$1097                  LCD_Driver
C:   00002245  A$LCD_Driver$1100                  LCD_Driver
C:   00002245  C$LCD_Driver.c$173$3_0$91          LCD_Driver
C:   00002246  A$LCD_Driver$1101                  LCD_Driver
C:   00002249  A$LCD_Driver$1102                  LCD_Driver
C:   0000224A  A$LCD_Driver$1103                  LCD_Driver
C:   0000224B  A$LCD_Driver$1104                  LCD_Driver
C:   0000224C  A$LCD_Driver$1105                  LCD_Driver
C:   0000224D  A$LCD_Driver$1106                  LCD_Driver
C:   0000224E  A$LCD_Driver$1107                  LCD_Driver
C:   00002250  A$LCD_Driver$1110                  LCD_Driver
C:   00002250  C$LCD_Driver.c$174$3_0$91          LCD_Driver
C:   00002252  A$LCD_Driver$1111                  LCD_Driver
C:   00002254  A$LCD_Driver$1112                  LCD_Driver
C:   00002256  A$LCD_Driver$1113                  LCD_Driver
ASxxxx Linker V03.00 + NoICE + sdld,  page 27.
Hexadecimal  [32-Bits]

Area                                    Addr        Size        Decimal Bytes (Attributes)
--------------------------------        ----        ----        ------- ----- ------------
CSEG                                0000209B    000018F8 =        6392. bytes (REL,CON,CODE)

      Value  Global                              Global Defined In Module
      -----  --------------------------------   ------------------------
C:   00002257  A$LCD_Driver$1114                  LCD_Driver
C:   00002258  A$LCD_Driver$1115                  LCD_Driver
C:   00002259  A$LCD_Driver$1116                  LCD_Driver
C:   0000225A  A$LCD_Driver$1117                  LCD_Driver
C:   0000225B  A$LCD_Driver$1118                  LCD_Driver
C:   0000225D  A$LCD_Driver$1119                  LCD_Driver
C:   0000225F  A$LCD_Driver$1120                  LCD_Driver
C:   00002260  A$LCD_Driver$1121                  LCD_Driver
C:   00002261  A$LCD_Driver$1122                  LCD_Driver
C:   00002262  A$LCD_Driver$1123                  LCD_Driver
C:   00002263  A$LCD_Driver$1124                  LCD_Driver
C:   00002265  A$LCD_Driver$1125                  LCD_Driver
C:   00002267  A$LCD_Driver$1126                  LCD_Driver
C:   0000226A  A$LCD_Driver$1127                  LCD_Driver
C:   0000226C  A$LCD_Driver$1128                  LCD_Driver
C:   0000226E  A$LCD_Driver$1131                  LCD_Driver
C:   0000226E  C$LCD_Driver.c$175$4_0$92          LCD_Driver
C:   00002271  A$LCD_Driver$1132                  LCD_Driver
C:   00002272  A$LCD_Driver$1133                  LCD_Driver
C:   00002273  A$LCD_Driver$1136                  LCD_Driver
C:   00002273  C$LCD_Driver.c$176$4_0$92          LCD_Driver
C:   00002276  A$LCD_Driver$1137                  LCD_Driver
C:   00002277  A$LCD_Driver$1138                  LCD_Driver
C:   00002278  A$LCD_Driver$1139                  LCD_Driver
C:   00002279  A$LCD_Driver$1140                  LCD_Driver
C:   0000227A  A$LCD_Driver$1143                  LCD_Driver
C:   0000227A  C$LCD_Driver.c$177$4_0$92          LCD_Driver
C:   0000227C  A$LCD_Driver$1147                  LCD_Driver
C:   0000227C  C$LCD_Driver.c$172$2_0$90          LCD_Driver
C:   0000227D  A$LCD_Driver$1150                  LCD_Driver
C:   0000227D  C$LCD_Driver.c$181$1_0$89          LCD_Driver
C:   0000227F  A$LCD_Driver$1152                  LCD_Driver
C:   00002282  A$LCD_Driver$1153                  LCD_Driver
C:   00002283  A$LCD_Driver$1154                  LCD_Driver
C:   00002284  A$LCD_Driver$1155                  LCD_Driver
C:   00002285  A$LCD_Driver$1156                  LCD_Driver
C:   00002286  A$LCD_Driver$1157                  LCD_Driver
C:   00002287  A$LCD_Driver$1158                  LCD_Driver
C:   00002288  A$LCD_Driver$1159                  LCD_Driver
C:   00002289  A$LCD_Driver$1160                  LCD_Driver
C:   0000228A  A$LCD_Driver$1162                  LCD_Driver
C:   0000228C  A$LCD_Driver$1163                  LCD_Driver
C:   0000228E  A$LCD_Driver$1164                  LCD_Driver
C:   00002290  A$LCD_Driver$1165                  LCD_Driver
C:   00002293  A$LCD_Driver$1166                  LCD_Driver
C:   00002295  A$LCD_Driver$1169                  LCD_Driver
C:   00002295  C$LCD_Driver.c$183$2_0$93          LCD_Driver
C:   00002298  A$LCD_Driver$1170                  LCD_Driver
C:   00002299  A$LCD_Driver$1171                  LCD_Driver
C:   0000229A  A$LCD_Driver$1172                  LCD_Driver
C:   0000229D  A$LCD_Driver$1174                  LCD_Driver
ASxxxx Linker V03.00 + NoICE + sdld,  page 28.
Hexadecimal  [32-Bits]

Area                                    Addr        Size        Decimal Bytes (Attributes)
--------------------------------        ----        ----        ------- ----- ------------
CSEG                                0000209B    000018F8 =        6392. bytes (REL,CON,CODE)

      Value  Global                              Global Defined In Module
      -----  --------------------------------   ------------------------
C:   0000229F  A$LCD_Driver$1177                  LCD_Driver
C:   0000229F  C$LCD_Driver.c$184$3_0$94          LCD_Driver
C:   000022A2  A$LCD_Driver$1178                  LCD_Driver
C:   000022A3  A$LCD_Driver$1179                  LCD_Driver
C:   000022A4  A$LCD_Driver$1182                  LCD_Driver
C:   000022A4  C$LCD_Driver.c$185$3_0$94          LCD_Driver
C:   000022A7  A$LCD_Driver$1183                  LCD_Driver
C:   000022A8  A$LCD_Driver$1184                  LCD_Driver
C:   000022AA  A$LCD_Driver$1185                  LCD_Driver
C:   000022AB  A$LCD_Driver$1188                  LCD_Driver
C:   000022AB  C$LCD_Driver.c$188$3_0$94          LCD_Driver
C:   000022AC  A$LCD_Driver$1189                  LCD_Driver
C:   000022AD  A$LCD_Driver$1190                  LCD_Driver
C:   000022B0  A$LCD_Driver$1192                  LCD_Driver
C:   000022B2  A$LCD_Driver$1195                  LCD_Driver
C:   000022B2  C$LCD_Driver.c$189$4_0$95          LCD_Driver
C:   000022B5  A$LCD_Driver$1196                  LCD_Driver
C:   000022B6  A$LCD_Driver$1197                  LCD_Driver
C:   000022B7  A$LCD_Driver$1201                  LCD_Driver
C:   000022B7  C$LCD_Driver.c$193$3_0$94          LCD_Driver
C:   000022BA  A$LCD_Driver$1202                  LCD_Driver
C:   000022BB  A$LCD_Driver$1203                  LCD_Driver
C:   000022BC  A$LCD_Driver$1204                  LCD_Driver
C:   000022BF  A$LCD_Driver$1205                  LCD_Driver
C:   000022C0  A$LCD_Driver$1206                  LCD_Driver
C:   000022C1  A$LCD_Driver$1207                  LCD_Driver
C:   000022C3  A$LCD_Driver$1208                  LCD_Driver
C:   000022C5  A$LCD_Driver$1209                  LCD_Driver
C:   000022C7  A$LCD_Driver$1210                  LCD_Driver
C:   000022C9  A$LCD_Driver$1211                  LCD_Driver
C:   000022CC  A$LCD_Driver$1212                  LCD_Driver
C:   000022CE  A$LCD_Driver$1213                  LCD_Driver
C:   000022D0  A$LCD_Driver$1214                  LCD_Driver
C:   000022D2  A$LCD_Driver$1218                  LCD_Driver
C:   000022D2  C$LCD_Driver.c$197$2_0$93          LCD_Driver
C:   000022D4  A$LCD_Driver$1219                  LCD_Driver
C:   000022D6  A$LCD_Driver$1220                  LCD_Driver
C:   000022D8  A$LCD_Driver$1221                  LCD_Driver
C:   000022DB  A$LCD_Driver$1222                  LCD_Driver
C:   000022DC  A$LCD_Driver$1223                  LCD_Driver
C:   000022DD  A$LCD_Driver$1224                  LCD_Driver
C:   000022DF  A$LCD_Driver$1225                  LCD_Driver
C:   000022E1  A$LCD_Driver$1226                  LCD_Driver
C:   000022E4  A$LCD_Driver$1227                  LCD_Driver
C:   000022E5  A$LCD_Driver$1228                  LCD_Driver
C:   000022E6  A$LCD_Driver$1229                  LCD_Driver
C:   000022E7  A$LCD_Driver$1230                  LCD_Driver
C:   000022E8  A$LCD_Driver$1231                  LCD_Driver
C:   000022E9  A$LCD_Driver$1232                  LCD_Driver
C:   000022EA  A$LCD_Driver$1233                  LCD_Driver
C:   000022EB  A$LCD_Driver$1234                  LCD_Driver
ASxxxx Linker V03.00 + NoICE + sdld,  page 29.
Hexadecimal  [32-Bits]

Area                                    Addr        Size        Decimal Bytes (Attributes)
--------------------------------        ----        ----        ------- ----- ------------
CSEG                                0000209B    000018F8 =        6392. bytes (REL,CON,CODE)

      Value  Global                              Global Defined In Module
      -----  --------------------------------   ------------------------
C:   000022EC  A$LCD_Driver$1235                  LCD_Driver
C:   000022EE  A$LCD_Driver$1236                  LCD_Driver
C:   000022F0  A$LCD_Driver$1237                  LCD_Driver
C:   000022F2  A$LCD_Driver$1238                  LCD_Driver
C:   000022F4  A$LCD_Driver$1239                  LCD_Driver
C:   000022F7  A$LCD_Driver$1240                  LCD_Driver
C:   000022F9  A$LCD_Driver$1241                  LCD_Driver
C:   000022FB  A$LCD_Driver$1242                  LCD_Driver
C:   000022FD  A$LCD_Driver$1245                  LCD_Driver
C:   000022FD  C$LCD_Driver.c$198$2_0$93          LCD_Driver
C:   00002300  A$LCD_Driver$1246                  LCD_Driver
C:   00002301  A$LCD_Driver$1247                  LCD_Driver
C:   00002303  A$LCD_Driver$1248                  LCD_Driver
C:   00002304  A$LCD_Driver$1249                  LCD_Driver
C:   00002307  A$LCD_Driver$1251                  LCD_Driver
C:   0000230A  A$LCD_Driver$1252                  LCD_Driver
C:   0000230B  A$LCD_Driver$1253                  LCD_Driver
C:   0000230C  A$LCD_Driver$1254                  LCD_Driver
C:   0000230D  A$LCD_Driver$1255                  LCD_Driver
C:   0000230E  A$LCD_Driver$1256                  LCD_Driver
C:   0000230F  A$LCD_Driver$1257                  LCD_Driver
C:   00002310  A$LCD_Driver$1258                  LCD_Driver
C:   00002311  A$LCD_Driver$1259                  LCD_Driver
C:   00002312  A$LCD_Driver$1264                  LCD_Driver
C:   00002312  C$LCD_Driver.c$200$1_0$89          LCD_Driver
C:   00002312  XG$lcdputstr$0$0                   LCD_Driver
C:   00002313  A$LCD_Driver$1286                  LCD_Driver
C:   00002313  C$LCD_Driver.c$202$1_0$97          LCD_Driver
C:   00002313  G$lcdputstr_wordwrap$0$0           LCD_Driver
C:   00002313  _lcdputstr_wordwrap                LCD_Driver
C:   00002315  A$LCD_Driver$1287                  LCD_Driver
C:   00002317  A$LCD_Driver$1288                  LCD_Driver
C:   00002319  A$LCD_Driver$1289                  LCD_Driver
C:   0000231C  A$LCD_Driver$1290                  LCD_Driver
C:   0000231D  A$LCD_Driver$1291                  LCD_Driver
C:   0000231E  A$LCD_Driver$1292                  LCD_Driver
C:   0000231F  A$LCD_Driver$1293                  LCD_Driver
C:   00002320  A$LCD_Driver$1294                  LCD_Driver
C:   00002321  A$LCD_Driver$1295                  LCD_Driver
C:   00002322  A$LCD_Driver$1296                  LCD_Driver
C:   00002323  A$LCD_Driver$1299                  LCD_Driver
C:   00002323  C$LCD_Driver.c$204$2_0$97          LCD_Driver
C:   00002326  A$LCD_Driver$1300                  LCD_Driver
C:   00002327  A$LCD_Driver$1301                  LCD_Driver
C:   00002328  A$LCD_Driver$1304                  LCD_Driver
C:   00002328  C$LCD_Driver.c$205$2_0$97          LCD_Driver
C:   0000232B  A$LCD_Driver$1305                  LCD_Driver
C:   0000232C  A$LCD_Driver$1308                  LCD_Driver
C:   0000232C  C$LCD_Driver.c$208$1_0$97          LCD_Driver
C:   0000232F  A$LCD_Driver$1309                  LCD_Driver
C:   00002331  A$LCD_Driver$1312                  LCD_Driver
ASxxxx Linker V03.00 + NoICE + sdld,  page 30.
Hexadecimal  [32-Bits]

Area                                    Addr        Size        Decimal Bytes (Attributes)
--------------------------------        ----        ----        ------- ----- ------------
CSEG                                0000209B    000018F8 =        6392. bytes (REL,CON,CODE)

      Value  Global                              Global Defined In Module
      -----  --------------------------------   ------------------------
C:   00002331  C$LCD_Driver.c$211$1_1$97          LCD_Driver
C:   00002333  A$LCD_Driver$1314                  LCD_Driver
C:   00002336  A$LCD_Driver$1316                  LCD_Driver
C:   00002338  A$LCD_Driver$1319                  LCD_Driver
C:   00002338  C$LCD_Driver.c$212$3_0$99          LCD_Driver
C:   00002339  A$LCD_Driver$1320                  LCD_Driver
C:   0000233C  A$LCD_Driver$1321                  LCD_Driver
C:   0000233D  A$LCD_Driver$1322                  LCD_Driver
C:   0000233E  A$LCD_Driver$1323                  LCD_Driver
C:   0000233F  A$LCD_Driver$1324                  LCD_Driver
C:   00002340  A$LCD_Driver$1325                  LCD_Driver
C:   00002341  A$LCD_Driver$1326                  LCD_Driver
C:   00002343  A$LCD_Driver$1329                  LCD_Driver
C:   00002343  C$LCD_Driver.c$213$3_0$99          LCD_Driver
C:   00002345  A$LCD_Driver$1330                  LCD_Driver
C:   00002347  A$LCD_Driver$1331                  LCD_Driver
C:   00002349  A$LCD_Driver$1332                  LCD_Driver
C:   0000234A  A$LCD_Driver$1333                  LCD_Driver
C:   0000234B  A$LCD_Driver$1334                  LCD_Driver
C:   0000234C  A$LCD_Driver$1335                  LCD_Driver
C:   0000234D  A$LCD_Driver$1336                  LCD_Driver
C:   0000234E  A$LCD_Driver$1337                  LCD_Driver
C:   00002350  A$LCD_Driver$1338                  LCD_Driver
C:   00002352  A$LCD_Driver$1339                  LCD_Driver
C:   00002353  A$LCD_Driver$1340                  LCD_Driver
C:   00002354  A$LCD_Driver$1341                  LCD_Driver
C:   00002355  A$LCD_Driver$1342                  LCD_Driver
C:   00002356  A$LCD_Driver$1343                  LCD_Driver
C:   00002358  A$LCD_Driver$1344                  LCD_Driver
C:   0000235A  A$LCD_Driver$1345                  LCD_Driver
C:   0000235D  A$LCD_Driver$1346                  LCD_Driver
C:   0000235F  A$LCD_Driver$1347                  LCD_Driver
C:   00002361  A$LCD_Driver$1350                  LCD_Driver
C:   00002361  C$LCD_Driver.c$214$4_0$100         LCD_Driver
C:   00002364  A$LCD_Driver$1351                  LCD_Driver
C:   00002365  A$LCD_Driver$1352                  LCD_Driver
C:   00002366  A$LCD_Driver$1355                  LCD_Driver
C:   00002366  C$LCD_Driver.c$215$4_0$100         LCD_Driver
C:   00002369  A$LCD_Driver$1356                  LCD_Driver
C:   0000236A  A$LCD_Driver$1357                  LCD_Driver
C:   0000236B  A$LCD_Driver$1358                  LCD_Driver
C:   0000236C  A$LCD_Driver$1359                  LCD_Driver
C:   0000236D  A$LCD_Driver$1362                  LCD_Driver
C:   0000236D  C$LCD_Driver.c$216$4_0$100         LCD_Driver
C:   0000236F  A$LCD_Driver$1366                  LCD_Driver
C:   0000236F  C$LCD_Driver.c$211$2_0$98          LCD_Driver
C:   00002370  A$LCD_Driver$1367                  LCD_Driver
C:   00002372  A$LCD_Driver$1371                  LCD_Driver
C:   00002372  C$LCD_Driver.c$220$2_0$101         LCD_Driver
C:   00002375  A$LCD_Driver$1372                  LCD_Driver
C:   00002376  A$LCD_Driver$1373                  LCD_Driver
ASxxxx Linker V03.00 + NoICE + sdld,  page 31.
Hexadecimal  [32-Bits]

Area                                    Addr        Size        Decimal Bytes (Attributes)
--------------------------------        ----        ----        ------- ----- ------------
CSEG                                0000209B    000018F8 =        6392. bytes (REL,CON,CODE)

      Value  Global                              Global Defined In Module
      -----  --------------------------------   ------------------------
C:   00002377  A$LCD_Driver$1374                  LCD_Driver
C:   00002378  A$LCD_Driver$1375                  LCD_Driver
C:   00002379  A$LCD_Driver$1376                  LCD_Driver
C:   0000237A  A$LCD_Driver$1377                  LCD_Driver
C:   0000237B  A$LCD_Driver$1378                  LCD_Driver
C:   0000237C  A$LCD_Driver$1379                  LCD_Driver
C:   0000237D  A$LCD_Driver$1380                  LCD_Driver
C:   00002380  A$LCD_Driver$1381                  LCD_Driver
C:   00002381  A$LCD_Driver$1382                  LCD_Driver
C:   00002382  A$LCD_Driver$1383                  LCD_Driver
C:   00002383  A$LCD_Driver$1384                  LCD_Driver
C:   00002384  A$LCD_Driver$1385                  LCD_Driver
C:   00002385  A$LCD_Driver$1386                  LCD_Driver
C:   00002386  A$LCD_Driver$1387                  LCD_Driver
C:   00002387  A$LCD_Driver$1388                  LCD_Driver
C:   00002388  A$LCD_Driver$1392                  LCD_Driver
C:   00002388  C$LCD_Driver.c$222$1_1$97          LCD_Driver
C:   0000238A  A$LCD_Driver$1393                  LCD_Driver
C:   0000238C  A$LCD_Driver$1394                  LCD_Driver
C:   0000238E  A$LCD_Driver$1395                  LCD_Driver
C:   00002391  A$LCD_Driver$1396                  LCD_Driver
C:   00002392  A$LCD_Driver$1397                  LCD_Driver
C:   00002394  A$LCD_Driver$1398                  LCD_Driver
C:   00002397  A$LCD_Driver$1402                  LCD_Driver
C:   00002397  C$LCD_Driver.c$224$2_1$102         LCD_Driver
C:   0000239A  A$LCD_Driver$1403                  LCD_Driver
C:   0000239C  A$LCD_Driver$1405                  LCD_Driver
C:   0000239E  A$LCD_Driver$1406                  LCD_Driver
C:   0000239F  A$LCD_Driver$1407                  LCD_Driver
C:   000023A0  A$LCD_Driver$1408                  LCD_Driver
C:   000023A1  A$LCD_Driver$1409                  LCD_Driver
C:   000023A2  A$LCD_Driver$1410                  LCD_Driver
C:   000023A3  A$LCD_Driver$1411                  LCD_Driver
C:   000023A5  A$LCD_Driver$1412                  LCD_Driver
C:   000023A7  A$LCD_Driver$1413                  LCD_Driver
C:   000023A9  A$LCD_Driver$1414                  LCD_Driver
C:   000023AB  A$LCD_Driver$1415                  LCD_Driver
C:   000023AE  A$LCD_Driver$1416                  LCD_Driver
C:   000023B0  A$LCD_Driver$1417                  LCD_Driver
C:   000023B3  A$LCD_Driver$1422                  LCD_Driver
C:   000023B3  C$LCD_Driver.c$225$3_1$103         LCD_Driver
C:   000023B6  A$LCD_Driver$1423                  LCD_Driver
C:   000023B7  A$LCD_Driver$1424                  LCD_Driver
C:   000023B8  A$LCD_Driver$1425                  LCD_Driver
C:   000023B9  A$LCD_Driver$1426                  LCD_Driver
C:   000023BA  A$LCD_Driver$1427                  LCD_Driver
C:   000023BB  A$LCD_Driver$1428                  LCD_Driver
C:   000023BC  A$LCD_Driver$1429                  LCD_Driver
C:   000023BE  A$LCD_Driver$1430                  LCD_Driver
C:   000023BF  A$LCD_Driver$1431                  LCD_Driver
C:   000023C0  A$LCD_Driver$1432                  LCD_Driver
ASxxxx Linker V03.00 + NoICE + sdld,  page 32.
Hexadecimal  [32-Bits]

Area                                    Addr        Size        Decimal Bytes (Attributes)
--------------------------------        ----        ----        ------- ----- ------------
CSEG                                0000209B    000018F8 =        6392. bytes (REL,CON,CODE)

      Value  Global                              Global Defined In Module
      -----  --------------------------------   ------------------------
C:   000023C1  A$LCD_Driver$1433                  LCD_Driver
C:   000023C2  A$LCD_Driver$1434                  LCD_Driver
C:   000023C4  A$LCD_Driver$1435                  LCD_Driver
C:   000023C6  A$LCD_Driver$1436                  LCD_Driver
C:   000023C8  A$LCD_Driver$1437                  LCD_Driver
C:   000023CB  A$LCD_Driver$1438                  LCD_Driver
C:   000023CC  A$LCD_Driver$1439                  LCD_Driver
C:   000023CF  A$LCD_Driver$1440                  LCD_Driver
C:   000023D1  A$LCD_Driver$1441                  LCD_Driver
C:   000023D3  A$LCD_Driver$1442                  LCD_Driver
C:   000023D5  A$LCD_Driver$1444                  LCD_Driver
C:   000023D7  A$LCD_Driver$1445                  LCD_Driver
C:   000023D9  A$LCD_Driver$1447                  LCD_Driver
C:   000023DA  A$LCD_Driver$1448                  LCD_Driver
C:   000023DB  A$LCD_Driver$1449                  LCD_Driver
C:   000023DC  A$LCD_Driver$1452                  LCD_Driver
C:   000023DC  C$LCD_Driver.c$228$3_1$103         LCD_Driver
C:   000023DF  A$LCD_Driver$1453                  LCD_Driver
C:   000023E0  A$LCD_Driver$1454                  LCD_Driver
C:   000023E1  A$LCD_Driver$1455                  LCD_Driver
C:   000023E3  A$LCD_Driver$1456                  LCD_Driver
C:   000023E5  A$LCD_Driver$1457                  LCD_Driver
C:   000023E7  A$LCD_Driver$1458                  LCD_Driver
C:   000023E8  A$LCD_Driver$1459                  LCD_Driver
C:   000023E9  A$LCD_Driver$1460                  LCD_Driver
C:   000023EA  A$LCD_Driver$1461                  LCD_Driver
C:   000023EB  A$LCD_Driver$1462                  LCD_Driver
C:   000023EC  A$LCD_Driver$1463                  LCD_Driver
C:   000023ED  A$LCD_Driver$1464                  LCD_Driver
C:   000023EE  A$LCD_Driver$1465                  LCD_Driver
C:   000023F0  A$LCD_Driver$1466                  LCD_Driver
C:   000023F1  A$LCD_Driver$1467                  LCD_Driver
C:   000023F3  A$LCD_Driver$1468                  LCD_Driver
C:   000023F5  A$LCD_Driver$1469                  LCD_Driver
C:   000023F8  A$LCD_Driver$1470                  LCD_Driver
C:   000023FA  A$LCD_Driver$1471                  LCD_Driver
C:   000023FC  A$LCD_Driver$1474                  LCD_Driver
C:   000023FC  C$LCD_Driver.c$229$4_1$104         LCD_Driver
C:   000023FF  A$LCD_Driver$1475                  LCD_Driver
C:   00002400  A$LCD_Driver$1476                  LCD_Driver
C:   00002401  A$LCD_Driver$1479                  LCD_Driver
C:   00002401  C$LCD_Driver.c$230$4_1$104         LCD_Driver
C:   00002404  A$LCD_Driver$1480                  LCD_Driver
C:   00002405  A$LCD_Driver$1481                  LCD_Driver
C:   00002407  A$LCD_Driver$1482                  LCD_Driver
C:   00002408  A$LCD_Driver$1485                  LCD_Driver
C:   00002408  C$LCD_Driver.c$233$4_1$104         LCD_Driver
C:   00002409  A$LCD_Driver$1486                  LCD_Driver
C:   0000240A  A$LCD_Driver$1487                  LCD_Driver
C:   0000240D  A$LCD_Driver$1489                  LCD_Driver
C:   0000240F  A$LCD_Driver$1492                  LCD_Driver
ASxxxx Linker V03.00 + NoICE + sdld,  page 33.
Hexadecimal  [32-Bits]

Area                                    Addr        Size        Decimal Bytes (Attributes)
--------------------------------        ----        ----        ------- ----- ------------
CSEG                                0000209B    000018F8 =        6392. bytes (REL,CON,CODE)

      Value  Global                              Global Defined In Module
      -----  --------------------------------   ------------------------
C:   0000240F  C$LCD_Driver.c$234$5_1$105         LCD_Driver
C:   00002412  A$LCD_Driver$1493                  LCD_Driver
C:   00002413  A$LCD_Driver$1494                  LCD_Driver
C:   00002414  A$LCD_Driver$1498                  LCD_Driver
C:   00002414  C$LCD_Driver.c$238$4_1$104         LCD_Driver
C:   00002417  A$LCD_Driver$1499                  LCD_Driver
C:   00002418  A$LCD_Driver$1500                  LCD_Driver
C:   00002419  A$LCD_Driver$1501                  LCD_Driver
C:   0000241C  A$LCD_Driver$1502                  LCD_Driver
C:   0000241D  A$LCD_Driver$1503                  LCD_Driver
C:   0000241E  A$LCD_Driver$1504                  LCD_Driver
C:   00002420  A$LCD_Driver$1505                  LCD_Driver
C:   00002422  A$LCD_Driver$1506                  LCD_Driver
C:   00002424  A$LCD_Driver$1507                  LCD_Driver
C:   00002426  A$LCD_Driver$1508                  LCD_Driver
C:   00002429  A$LCD_Driver$1509                  LCD_Driver
C:   0000242B  A$LCD_Driver$1510                  LCD_Driver
C:   0000242D  A$LCD_Driver$1511                  LCD_Driver
C:   0000242F  A$LCD_Driver$1515                  LCD_Driver
C:   0000242F  C$LCD_Driver.c$242$5_1$106         LCD_Driver
C:   00002432  A$LCD_Driver$1516                  LCD_Driver
C:   00002433  A$LCD_Driver$1517                  LCD_Driver
C:   00002435  A$LCD_Driver$1518                  LCD_Driver
C:   00002436  A$LCD_Driver$1519                  LCD_Driver
C:   00002437  A$LCD_Driver$1520                  LCD_Driver
C:   00002439  A$LCD_Driver$1521                  LCD_Driver
C:   0000243A  A$LCD_Driver$1522                  LCD_Driver
C:   0000243B  A$LCD_Driver$1523                  LCD_Driver
C:   0000243D  A$LCD_Driver$1524                  LCD_Driver
C:   0000243F  A$LCD_Driver$1525                  LCD_Driver
C:   00002441  A$LCD_Driver$1526                  LCD_Driver
C:   00002443  A$LCD_Driver$1527                  LCD_Driver
C:   00002446  A$LCD_Driver$1528                  LCD_Driver
C:   00002447  A$LCD_Driver$1529                  LCD_Driver
C:   00002448  A$LCD_Driver$1531                  LCD_Driver
C:   0000244A  A$LCD_Driver$1532                  LCD_Driver
C:   0000244C  A$LCD_Driver$1533                  LCD_Driver
C:   0000244E  A$LCD_Driver$1534                  LCD_Driver
C:   00002450  A$LCD_Driver$1535                  LCD_Driver
C:   00002452  A$LCD_Driver$1536                  LCD_Driver
C:   00002454  A$LCD_Driver$1537                  LCD_Driver
C:   00002456  A$LCD_Driver$1538                  LCD_Driver
C:   00002459  A$LCD_Driver$1539                  LCD_Driver
C:   0000245C  A$LCD_Driver$1540                  LCD_Driver
C:   0000245F  A$LCD_Driver$1541                  LCD_Driver
C:   00002462  A$LCD_Driver$1542                  LCD_Driver
C:   00002464  A$LCD_Driver$1543                  LCD_Driver
C:   00002466  A$LCD_Driver$1544                  LCD_Driver
C:   00002468  A$LCD_Driver$1545                  LCD_Driver
C:   0000246A  A$LCD_Driver$1546                  LCD_Driver
C:   0000246C  A$LCD_Driver$1549                  LCD_Driver
ASxxxx Linker V03.00 + NoICE + sdld,  page 34.
Hexadecimal  [32-Bits]

Area                                    Addr        Size        Decimal Bytes (Attributes)
--------------------------------        ----        ----        ------- ----- ------------
[...]
C:   00002B20  A$LCD_Driver$3065                  LCD_Driver
C:   00002B21  A$LCD_Driver$3068                  LCD_Driver
C:   00002B21  C$LCD_Driver.c$571$3_1$162         LCD_Driver
C:   00002B24  A$LCD_Driver$3069                  LCD_Driver
C:   00002B27  A$LCD_Driver$3070                  LCD_Driver
C:   00002B2A  A$LCD_Driver$3073                  LCD_Driver
C:   00002B2A  C$LCD_Driver.c$572$3_1$162         LCD_Driver
C:   00002B2D  A$LCD_Driver$3074                  LCD_Driver
C:   00002B2F  A$LCD_Driver$3075                  LCD_Driver
C:   00002B31  A$LCD_Driver$3076                  LCD_Driver
C:   00002B34  A$LCD_Driver$3077                  LCD_Driver
C:   00002B35  A$LCD_Driver$3078                  LCD_Driver
C:   00002B36  A$LCD_Driver$3079                  LCD_Driver
C:   00002B37  A$LCD_Driver$3080                  LCD_Driver
C:   00002B38  A$LCD_Driver$3081                  LCD_Driver
C:   00002B39  A$LCD_Driver$3084                  LCD_Driver
C:   00002B39  C$LCD_Driver.c$574$3_1$162         LCD_Driver
C:   00002B3C  A$LCD_Driver$3085                  LCD_Driver
C:   00002B3D  A$LCD_Driver$3086                  LCD_Driver
C:   00002B3E  A$LCD_Driver$3087                  LCD_Driver
C:   00002B3F  A$LCD_Driver$3088                  LCD_Driver
C:   00002B40  A$LCD_Driver$3089                  LCD_Driver
C:   00002B43  A$LCD_Driver$3090                  LCD_Driver
C:   00002B44  A$LCD_Driver$3091                  LCD_Driver
C:   00002B45  A$LCD_Driver$3092                  LCD_Driver
C:   00002B48  A$LCD_Driver$3093                  LCD_Driver
C:   00002B49  A$LCD_Driver$3094                  LCD_Driver
C:   00002B4A  A$LCD_Driver$3095                  LCD_Driver
C:   00002B4D  A$LCD_Driver$3096                  LCD_Driver
C:   00002B4E  A$LCD_Driver$3097                  LCD_Driver
C:   00002B4F  A$LCD_Driver$3098                  LCD_Driver
C:   00002B51  A$LCD_Driver$3099                  LCD_Driver
C:   00002B54  A$LCD_Driver$3102                  LCD_Driver
C:   00002B54  C$LCD_Driver.c$575$3_1$162         LCD_Driver
C:   00002B57  A$LCD_Driver$3108                  LCD_Driver
C:   00002B57  C$LCD_Driver.c$577$3_1$162         LCD_Driver
C:   00002B57  C$LCD_Driver.c$578$3_1$162         LCD_Driver
C:   00002B5A  A$LCD_Driver$3109                  LCD_Driver
C:   00002B5D  A$LCD_Driver$3110                  LCD_Driver
C:   00002B60  A$LCD_Driver$3113                  LCD_Driver
C:   00002B60  C$LCD_Driver.c$579$3_1$162         LCD_Driver
C:   00002B63  A$LCD_Driver$3114                  LCD_Driver
ASxxxx Linker V03.00 + NoICE + sdld,  page 57.
Hexadecimal  [32-Bits]

Area                                    Addr        Size        Decimal Bytes (Attributes)
--------------------------------        ----        ----        ------- ----- ------------
CSEG                                0000209B    000018F8 =        6392. bytes (REL,CON,CODE)

      Value  Global                              Global Defined In Module
      -----  --------------------------------   ------------------------
C:   00002B65  A$LCD_Driver$3115                  LCD_Driver
C:   00002B66  A$LCD_Driver$3116                  LCD_Driver
C:   00002B69  A$LCD_Driver$3117                  LCD_Driver
C:   00002B6C  A$LCD_Driver$3118                  LCD_Driver
C:   00002B6F  A$LCD_Driver$3121                  LCD_Driver
C:   00002B6F  C$LCD_Driver.c$580$3_1$162         LCD_Driver
C:   00002B72  A$LCD_Driver$3122                  LCD_Driver
C:   00002B75  A$LCD_Driver$3123                  LCD_Driver
C:   00002B78  A$LCD_Driver$3126                  LCD_Driver
C:   00002B78  C$LCD_Driver.c$581$3_1$162         LCD_Driver
C:   00002B7B  A$LCD_Driver$3127                  LCD_Driver
C:   00002B7D  A$LCD_Driver$3128                  LCD_Driver
C:   00002B80  A$LCD_Driver$3129                  LCD_Driver
C:   00002B83  A$LCD_Driver$3130                  LCD_Driver
C:   00002B84  A$LCD_Driver$3131                  LCD_Driver
C:   00002B86  A$LCD_Driver$3132                  LCD_Driver
C:   00002B87  A$LCD_Driver$3133                  LCD_Driver
C:   00002B88  A$LCD_Driver$3136                  LCD_Driver
C:   00002B88  C$LCD_Driver.c$582$3_1$162         LCD_Driver
C:   00002B8B  A$LCD_Driver$3137                  LCD_Driver
C:   00002B8E  A$LCD_Driver$3138                  LCD_Driver
C:   00002B91  A$LCD_Driver$3141                  LCD_Driver
C:   00002B91  C$LCD_Driver.c$583$3_1$162         LCD_Driver
C:   00002B94  A$LCD_Driver$3142                  LCD_Driver
C:   00002B96  A$LCD_Driver$3143                  LCD_Driver
C:   00002B98  A$LCD_Driver$3144                  LCD_Driver
C:   00002B9B  A$LCD_Driver$3145                  LCD_Driver
C:   00002B9C  A$LCD_Driver$3146                  LCD_Driver
C:   00002B9D  A$LCD_Driver$3147                  LCD_Driver
C:   00002B9E  A$LCD_Driver$3148                  LCD_Driver
C:   00002B9F  A$LCD_Driver$3149                  LCD_Driver
C:   00002BA0  A$LCD_Driver$3152                  LCD_Driver
C:   00002BA0  C$LCD_Driver.c$585$3_1$162         LCD_Driver
C:   00002BA3  A$LCD_Driver$3153                  LCD_Driver
C:   00002BA4  A$LCD_Driver$3154                  LCD_Driver
C:   00002BA5  A$LCD_Driver$3155                  LCD_Driver
C:   00002BA6  A$LCD_Driver$3156                  LCD_Driver
C:   00002BA7  A$LCD_Driver$3157                  LCD_Driver
C:   00002BAA  A$LCD_Driver$3158                  LCD_Driver
C:   00002BAB  A$LCD_Driver$3159                  LCD_Driver
C:   00002BAC  A$LCD_Driver$3160                  LCD_Driver
C:   00002BAF  A$LCD_Driver$3161                  LCD_Driver
C:   00002BB1  A$LCD_Driver$3162                  LCD_Driver
C:   00002BB2  A$LCD_Driver$3163                  LCD_Driver
C:   00002BB4  A$LCD_Driver$3164                  LCD_Driver
C:   00002BB5  A$LCD_Driver$3165                  LCD_Driver
C:   00002BB6  A$LCD_Driver$3166                  LCD_Driver
C:   00002BB7  A$LCD_Driver$3167                  LCD_Driver
C:   00002BB8  A$LCD_Driver$3168                  LCD_Driver
C:   00002BB9  A$LCD_Driver$3169                  LCD_Driver
C:   00002BBB  A$LCD_Driver$3170                  LCD_Driver
ASxxxx Linker V03.00 + NoICE + sdld,  page 58.
Hexadecimal  [32-Bits]

Area                                    Addr        Size        Decimal Bytes (Attributes)
--------------------------------        ----        ----        ------- ----- ------------
CSEG                                0000209B    000018F8 =        6392. bytes (REL,CON,CODE)

      Value  Global                              Global Defined In Module
      -----  --------------------------------   ------------------------
C:   00002BBE  A$LCD_Driver$3173                  LCD_Driver
C:   00002BBE  C$LCD_Driver.c$586$3_1$162         LCD_Driver
C:   00002BC1  A$LCD_Driver$3179                  LCD_Driver
C:   00002BC1  C$LCD_Driver.c$588$3_1$162         LCD_Driver
C:   00002BC1  C$LCD_Driver.c$589$3_1$162         LCD_Driver
C:   00002BC4  A$LCD_Driver$3180                  LCD_Driver
C:   00002BC7  A$LCD_Driver$3181                  LCD_Driver
C:   00002BCA  A$LCD_Driver$3184                  LCD_Driver
C:   00002BCA  C$LCD_Driver.c$590$3_1$162         LCD_Driver
C:   00002BCD  A$LCD_Driver$3185                  LCD_Driver
C:   00002BCF  A$LCD_Driver$3186                  LCD_Driver
C:   00002BD0  A$LCD_Driver$3187                  LCD_Driver
C:   00002BD3  A$LCD_Driver$3188                  LCD_Driver
C:   00002BD6  A$LCD_Driver$3189                  LCD_Driver
C:   00002BD9  A$LCD_Driver$3192                  LCD_Driver
C:   00002BD9  C$LCD_Driver.c$591$3_1$162         LCD_Driver
C:   00002BDC  A$LCD_Driver$3193                  LCD_Driver
C:   00002BDF  A$LCD_Driver$3194                  LCD_Driver
C:   00002BE2  A$LCD_Driver$3197                  LCD_Driver
C:   00002BE2  C$LCD_Driver.c$592$3_1$162         LCD_Driver
C:   00002BE5  A$LCD_Driver$3198                  LCD_Driver
C:   00002BE7  A$LCD_Driver$3199                  LCD_Driver
C:   00002BEA  A$LCD_Driver$3200                  LCD_Driver
C:   00002BED  A$LCD_Driver$3201                  LCD_Driver
C:   00002BEE  A$LCD_Driver$3202                  LCD_Driver
C:   00002BF0  A$LCD_Driver$3203                  LCD_Driver
C:   00002BF1  A$LCD_Driver$3204                  LCD_Driver
C:   00002BF2  A$LCD_Driver$3207                  LCD_Driver
C:   00002BF2  C$LCD_Driver.c$593$3_1$162         LCD_Driver
C:   00002BF5  A$LCD_Driver$3208                  LCD_Driver
C:   00002BF8  A$LCD_Driver$3209                  LCD_Driver
C:   00002BFB  A$LCD_Driver$3212                  LCD_Driver
C:   00002BFB  C$LCD_Driver.c$594$3_1$162         LCD_Driver
C:   00002BFE  A$LCD_Driver$3213                  LCD_Driver
C:   00002C00  A$LCD_Driver$3214                  LCD_Driver
C:   00002C02  A$LCD_Driver$3215                  LCD_Driver
C:   00002C05  A$LCD_Driver$3216                  LCD_Driver
C:   00002C06  A$LCD_Driver$3217                  LCD_Driver
C:   00002C07  A$LCD_Driver$3218                  LCD_Driver
C:   00002C08  A$LCD_Driver$3219                  LCD_Driver
C:   00002C09  A$LCD_Driver$3220                  LCD_Driver
C:   00002C0A  A$LCD_Driver$3223                  LCD_Driver
C:   00002C0A  C$LCD_Driver.c$596$3_1$162         LCD_Driver
C:   00002C0D  A$LCD_Driver$3224                  LCD_Driver
C:   00002C0E  A$LCD_Driver$3225                  LCD_Driver
C:   00002C0F  A$LCD_Driver$3226                  LCD_Driver
C:   00002C10  A$LCD_Driver$3227                  LCD_Driver
C:   00002C11  A$LCD_Driver$3228                  LCD_Driver
C:   00002C14  A$LCD_Driver$3229                  LCD_Driver
C:   00002C15  A$LCD_Driver$3230                  LCD_Driver
C:   00002C16  A$LCD_Driver$3231                  LCD_Driver
ASxxxx Linker V03.00 + NoICE + sdld,  page 59.
Hexadecimal  [32-Bits]

Area                                    Addr        Size        Decimal Bytes (Attributes)
--------------------------------        ----        ----        ------- ----- ------------
CSEG                                0000209B    000018F8 =        6392. bytes (REL,CON,CODE)

      Value  Global                              Global Defined In Module
      -----  --------------------------------   ------------------------
C:   00002C18  A$LCD_Driver$3232                  LCD_Driver
C:   00002C1B  A$LCD_Driver$3235                  LCD_Driver
C:   00002C1B  C$LCD_Driver.c$597$3_1$162         LCD_Driver
C:   00002C1E  A$LCD_Driver$3236                  LCD_Driver
C:   00002C21  A$LCD_Driver$3237                  LCD_Driver
C:   00002C24  A$LCD_Driver$3242                  LCD_Driver
C:   00002C24  C$LCD_Driver.c$598$3_1$162         LCD_Driver
C:   00002C24  C$LCD_Driver.c$600$3_1$162         LCD_Driver
C:   00002C26  A$LCD_Driver$3246                  LCD_Driver
C:   00002C26  C$LCD_Driver.c$601$3_1$162         LCD_Driver
C:   00002C29  A$LCD_Driver$3251                  LCD_Driver
C:   00002C29  C$LCD_Driver.c$602$3_1$162         LCD_Driver
C:   00002C29  C$LCD_Driver.c$604$3_1$162         LCD_Driver
C:   00002C2B  A$LCD_Driver$3255                  LCD_Driver
C:   00002C2B  C$LCD_Driver.c$605$3_1$162         LCD_Driver
C:   00002C2E  A$LCD_Driver$3260                  LCD_Driver
C:   00002C2E  C$LCD_Driver.c$606$3_1$162         LCD_Driver
C:   00002C2E  C$LCD_Driver.c$608$3_1$162         LCD_Driver
C:   00002C30  A$LCD_Driver$3264                  LCD_Driver
C:   00002C30  C$LCD_Driver.c$609$3_1$162         LCD_Driver
C:   00002C33  A$LCD_Driver$3269                  LCD_Driver
C:   00002C33  C$LCD_Driver.c$610$3_1$162         LCD_Driver
C:   00002C33  C$LCD_Driver.c$612$3_1$162         LCD_Driver
C:   00002C35  A$LCD_Driver$3273                  LCD_Driver
C:   00002C35  C$LCD_Driver.c$613$3_1$162         LCD_Driver
C:   00002C38  A$LCD_Driver$3278                  LCD_Driver
C:   00002C38  C$LCD_Driver.c$614$3_1$162         LCD_Driver
C:   00002C38  C$LCD_Driver.c$616$3_1$162         LCD_Driver
C:   00002C3A  A$LCD_Driver$3282                  LCD_Driver
C:   00002C3A  C$LCD_Driver.c$617$3_1$162         LCD_Driver
C:   00002C3D  A$LCD_Driver$3287                  LCD_Driver
C:   00002C3D  C$LCD_Driver.c$618$3_1$162         LCD_Driver
C:   00002C3D  C$LCD_Driver.c$620$3_1$162         LCD_Driver
C:   00002C3F  A$LCD_Driver$3291                  LCD_Driver
C:   00002C3F  C$LCD_Driver.c$621$3_1$162         LCD_Driver
C:   00002C41  A$LCD_Driver$3292                  LCD_Driver
C:   00002C43  A$LCD_Driver$3293                  LCD_Driver
C:   00002C45  A$LCD_Driver$3294                  LCD_Driver
C:   00002C47  A$LCD_Driver$3295                  LCD_Driver
C:   00002C49  A$LCD_Driver$3296                  LCD_Driver
C:   00002C4B  A$LCD_Driver$3297                  LCD_Driver
C:   00002C4E  A$LCD_Driver$3298                  LCD_Driver
C:   00002C50  A$LCD_Driver$3299                  LCD_Driver
C:   00002C52  A$LCD_Driver$3300                  LCD_Driver
C:   00002C54  A$LCD_Driver$3306                  LCD_Driver
C:   00002C54  C$LCD_Driver.c$623$2_1$159         LCD_Driver
C:   00002C54  C$LCD_Driver.c$625$2_1$159         LCD_Driver
C:   00002C57  A$LCD_Driver$3307                  LCD_Driver
C:   00002C5A  A$LCD_Driver$3308                  LCD_Driver
C:   00002C5D  A$LCD_Driver$3309                  LCD_Driver
C:   00002C60  A$LCD_Driver$3314                  LCD_Driver
ASxxxx Linker V03.00 + NoICE + sdld,  page 60.
Hexadecimal  [32-Bits]

Area                                    Addr        Size        Decimal Bytes (Attributes)
--------------------------------        ----        ----        ------- ----- ------------
CSEG                                0000209B    000018F8 =        6392. bytes (REL,CON,CODE)

      Value  Global                              Global Defined In Module
      -----  --------------------------------   ------------------------
C:   00002C60  C$LCD_Driver.c$627$1_1$157         LCD_Driver
C:   00002C60  XG$main$0$0                        LCD_Driver
C:   00002C61  FLCD_Driver$__str_1$0_0$0          LCD_Driver
C:   00002C61  FLCD_Driver$__str_10$0_0$0         LCD_Driver
C:   00002C61  FLCD_Driver$__str_11$0_0$0         LCD_Driver
C:   00002C61  FLCD_Driver$__str_12$0_0$0         LCD_Driver
C:   00002C61  FLCD_Driver$__str_13$0_0$0         LCD_Driver
C:   00002C61  FLCD_Driver$__str_14$0_0$0         LCD_Driver
C:   00002C61  FLCD_Driver$__str_15$0_0$0         LCD_Driver
C:   00002C61  FLCD_Driver$__str_16$0_0$0         LCD_Driver
C:   00002C61  FLCD_Driver$__str_17$0_0$0         LCD_Driver
C:   00002C61  FLCD_Driver$__str_18$0_0$0         LCD_Driver
C:   00002C61  FLCD_Driver$__str_19$0_0$0         LCD_Driver
C:   00002C61  FLCD_Driver$__str_2$0_0$0          LCD_Driver
C:   00002C61  FLCD_Driver$__str_20$0_0$0         LCD_Driver
C:   00002C61  FLCD_Driver$__str_21$0_0$0         LCD_Driver
C:   00002C61  FLCD_Driver$__str_22$0_0$0         LCD_Driver
C:   00002C61  FLCD_Driver$__str_23$0_0$0         LCD_Driver
C:   00002C61  FLCD_Driver$__str_3$0_0$0          LCD_Driver
C:   00002C61  FLCD_Driver$__str_4$0_0$0          LCD_Driver
C:   00002C61  FLCD_Driver$__str_5$0_0$0          LCD_Driver
C:   00002C61  FLCD_Driver$__str_6$0_0$0          LCD_Driver
C:   00002C61  FLCD_Driver$__str_7$0_0$0          LCD_Driver
C:   00002C61  FLCD_Driver$__str_8$0_0$0          LCD_Driver
C:   00002C61  FLCD_Driver$__str_9$0_0$0          LCD_Driver
C:   00002C61  __divuint                          _divuint
C:   00002CEE  _atoi                              atoi
C:   00002E12  __gptrput                          _gptrput
C:   00002E2D  __mulint                           _mulint
C:   00002E4D  __moduint                          _moduint
C:   00002F08  _vprintf                           vprintf
C:   00002F47  _printf                            vprintf
C:   0000304D  __print_format                     printf_large
C:   0000395B  _strlen                            _strlen
C:   00003973  __gptrget                          _gptrget
C:   0000398F  __sdcc_external_startup            _startup

ASxxxx Linker V03.00 + NoICE + sdld,  page 61.
Hexadecimal  [32-Bits]

Area                                    Addr        Size        Decimal Bytes (Attributes)
--------------------------------        ----        ----        ------- ----- ------------
CONST                               00003993    0000022D =         557. bytes (REL,CON,CODE)

      Value  Global                              Global Defined In Module
      -----  --------------------------------   ------------------------
C:   00003993  G$row_addresses$0_0$0              LCD_Driver
C:   00003993  _row_addresses                     LCD_Driver
C:   00003997  FLCD_Driver$__str_0$0_0$0          LCD_Driver
ASxxxx Linker V03.00 + NoICE + sdld,  page 62.
Hexadecimal  [32-Bits]

Area                                    Addr        Size        Decimal Bytes (Attributes)
--------------------------------        ----        ----        ------- ----- ------------
XINIT                               00003BC0    00000016 =          22. bytes (REL,CON,CODE)

      Value  Global                              Global Defined In Module
      -----  --------------------------------   ------------------------
C:   00003BC0  FLCD_Driver$__xinit_system_clock   LCD_Driver
C:   00003BC8  FLCD_Driver$__xinit_timer_do_som   LCD_Driver
C:   00003BC9  FLCD_Driver$__xinit_cursor_backu   LCD_Driver
C:   00003BCC  FLCD_Driver$__xinit_current_row$   LCD_Driver
C:   00003BCD  FLCD_Driver$__xinit_current_col$   LCD_Driver
C:   00003BCE  FLCD_Driver$__xinit_lcd_cmd_ptr$   LCD_Driver
C:   00003BD0  FLCD_Driver$__xinit_lcdputch_ptr   LCD_Driver
C:   00003BD2  FLCD_Driver$__xinit_lcd_status_p   LCD_Driver
C:   00003BD4  FLCD_Driver$__xinit_lcd_read_ptr   LCD_Driver
ASxxxx Linker V03.00 + NoICE + sdld,  page 63.

Files Linked                              [ module(s) ]

build/obj/LCD_Driver.rel                  [  ]


Libraries Linked                          [ object file ]

C:\Program Files\SDCC\bin\..\lib\large/libint.lib
                                          [ _divuint.rel ]
C:\Program Files\SDCC\bin\..\lib\large/mcs51.lib
                                          [ crtclear.rel ]
C:\Program Files\SDCC\bin\..\lib\large/libsdcc.lib
                                          [ atoi.rel ]
C:\Program Files\SDCC\bin\..\lib\large/mcs51.lib
                                          [ crtxinit.rel ]
C:\Program Files\SDCC\bin\..\lib\large/libsdcc.lib
                                          [ _gptrput.rel ]
C:\Program Files\SDCC\bin\..\lib\large/libint.lib
                                          [ _mulint.rel ]
C:\Program Files\SDCC\bin\..\lib\large/libint.lib
                                          [ _moduint.rel ]
C:\Program Files\SDCC\bin\..\lib\large/mcs51.lib
                                          [ crtxclear.rel ]
C:\Program Files\SDCC\bin\..\lib\large/libsdcc.lib
                                          [ vprintf.rel ]
C:\Program Files\SDCC\bin\..\lib\large/libsdcc.lib
                                          [ printf_large.rel ]
C:\Program Files\SDCC\bin\..\lib\large/mcs51.lib
                                          [ crtpagesfr.rel ]
C:\Program Files\SDCC\bin\..\lib\large/libsdcc.lib
                                          [ _strlen.rel ]
C:\Program Files\SDCC\bin\..\lib\large/mcs51.lib
                                          [ gptr_cmp.rel ]
C:\Program Files\SDCC\bin\..\lib\large/mcs51.lib
                                          [ crtstart.rel ]
C:\Program Files\SDCC\bin\..\lib\large/libsdcc.lib
                                          [ _gptrget.rel ]
C:\Program Files\SDCC\bin\..\lib\large/libsdcc.lib
                                          [ _startup.rel ]
C:\Program Files\SDCC\bin\..\lib\large/libsdcc.lib
                                          [ _bp.rel ]

ASxxxx Linker V03.00 + NoICE + sdld,  page 64.

User Base Address Definitions

HOME = 0x2000
XSEG = 0x0400
PSEG = 0x0400
ISEG = 0x0000
BSEG = 0x0000

