ASxxxx Linker V03.00 + NoICE + sdld,  page 1.
Hexadecimal  [32-Bits]

Area                                    Addr        Size        Decimal Bytes (Attributes)
--------------------------------        ----        ----        ------- ----- ------------
CABS                                00000000    00000000 =           0. bytes (ABS,CON,CODE)

      Value  Global                              Global Defined In Module
      -----  --------------------------------   ------------------------
C:   00000000  l_BIT_BANK                      
C:   00000000  l_CABS                          
C:   00000000  l_GSINIT                        
C:   00000000  l_GSINIT1                       
C:   00000000  l_GSINIT5                       
C:   00000000  l_IABS                          
C:   00000000  l_ISEG                          
C:   00000000  l_PSEG                          
C:   00000000  l_REG_BANK_1                    
C:   00000000  l_REG_BANK_2                    
C:   00000000  l_REG_BANK_3                    
C:   00000000  l_RSEG                          
C:   00000000  l_RSEG0                         
C:   00000000  l_RSEG1                         
C:   00000000  l_XABS                          
C:   00000000  l__CODE                         
C:   00000000  s_BSEG                          
C:   00000000  s_CABS                          
C:   00000000  s_DSEG                          
C:   00000000  s_IABS                          
C:   00000000  s_ISEG                          
C:   00000000  s_REG_BANK_0                    
C:   00000000  s_RSEG                          
C:   00000000  s_RSEG0                         
C:   00000000  s_RSEG1                         
C:   00000000  s_XABS                          
C:   00000001  l_BSEG                          
C:   00000001  l_BSEG_BYTES                    
C:   00000001  l_OSEG                          
C:   00000003  l_GSFINAL                       
C:   00000003  l_GSINIT0                       
C:   00000008  l_REG_BANK_0                    
C:   00000008  s_REG_BANK_1                    
C:   0000000A  l_GSINIT2                       
C:   00000010  s_REG_BANK_2                    
C:   00000018  s_BIT_BANK                      
C:   00000018  s_REG_BANK_3                    
C:   0000001B  s_OSEG                          
C:   00000020  s_BSEG_BYTES                    
C:   00000020  s__CODE                         
C:   00000021  s_SSEG                          
C:   00000022  l_GSINIT3                       
C:   0000002A  l_GSINIT4                       
C:   0000003E  l_XINIT                         
C:   0000003E  l_XISEG                         
C:   0000003F  l_HOME                          
C:   0000005F  l_SSEG                          
C:   0000007C  l_DSEG                          
C:   00000080  l_IRAM                          
C:   00000138  l_XSEG                          
ASxxxx Linker V03.00 + NoICE + sdld,  page 2.
Hexadecimal  [32-Bits]

Area                                    Addr        Size        Decimal Bytes (Attributes)
--------------------------------        ----        ----        ------- ----- ------------
CABS                                00000000    00000000 =           0. bytes (ABS,CON,CODE)

      Value  Global                              Global Defined In Module
      -----  --------------------------------   ------------------------
C:   00000400  s_PSEG                          
C:   00000400  s_XSEG                          
C:   0000048D  l_CONST                         
C:   00000538  s_XISEG                         
C:   00002000  s_HOME                          
C:   0000203F  s_GSINIT0                       
C:   00002042  s_GSINIT1                       
C:   00002042  s_GSINIT2                       
C:   0000204C  s_GSINIT3                       
C:   00002059  l_CSEG                          
C:   0000206E  s_GSINIT4                       
C:   00002098  s_GSFINAL                       
C:   00002098  s_GSINIT                        
C:   00002098  s_GSINIT5                       
C:   0000209B  s_CSEG                          
C:   000040F4  s_CONST                         
C:   00004581  s_XINIT                         

ASxxxx Linker V03.00 + NoICE + sdld,  page 3.
Hexadecimal  [32-Bits]

Area                                    Addr        Size        Decimal Bytes (Attributes)
--------------------------------        ----        ----        ------- ----- ------------
.  .ABS.                            00000000    00000000 =           0. bytes (ABS,CON)

      Value  Global                              Global Defined In Module
      -----  --------------------------------   ------------------------
     00000000  .__.ABS.                           _startup
     00000080  G$P0$0_0$0                         LCD_Driver
     00000080  G$P0_0$0_0$0                       LCD_Driver
     00000080  _P0                                LCD_Driver
     00000080  _P0_0                              LCD_Driver
     00000081  G$P0_1$0_0$0                       LCD_Driver
     00000081  G$SP$0_0$0                         LCD_Driver
     00000081  _P0_1                              LCD_Driver
     00000081  _SP                                LCD_Driver
     00000082  G$DPL$0_0$0                        LCD_Driver
     00000082  G$P0_2$0_0$0                       LCD_Driver
     00000082  _DPL                               LCD_Driver
     00000082  _P0_2                              LCD_Driver
     00000083  G$DPH$0_0$0                        LCD_Driver
     00000083  G$P0_3$0_0$0                       LCD_Driver
     00000083  _DPH                               LCD_Driver
     00000083  _P0_3                              LCD_Driver
     00000084  G$P0_4$0_0$0                       LCD_Driver
     00000084  _P0_4                              LCD_Driver
     00000085  G$P0_5$0_0$0                       LCD_Driver
     00000085  _P0_5                              LCD_Driver
     00000086  G$P0_6$0_0$0                       LCD_Driver
     00000086  _P0_6                              LCD_Driver
     00000087  G$P0_7$0_0$0                       LCD_Driver
     00000087  G$PCON$0_0$0                       LCD_Driver
     00000087  _P0_7                              LCD_Driver
     00000087  _PCON                              LCD_Driver
     00000088  G$IT0$0_0$0                        LCD_Driver
     00000088  G$TCON$0_0$0                       LCD_Driver
     00000088  _IT0                               LCD_Driver
     00000088  _TCON                              LCD_Driver
     00000089  G$IE0$0_0$0                        LCD_Driver
     00000089  G$TMOD$0_0$0                       LCD_Driver
     00000089  _IE0                               LCD_Driver
     00000089  _TMOD                              LCD_Driver
     0000008A  G$IT1$0_0$0                        LCD_Driver
     0000008A  G$TL0$0_0$0                        LCD_Driver
     0000008A  _IT1                               LCD_Driver
     0000008A  _TL0                               LCD_Driver
     0000008B  G$IE1$0_0$0                        LCD_Driver
     0000008B  G$TL1$0_0$0                        LCD_Driver
     0000008B  _IE1                               LCD_Driver
     0000008B  _TL1                               LCD_Driver
     0000008C  G$TH0$0_0$0                        LCD_Driver
     0000008C  G$TR0$0_0$0                        LCD_Driver
     0000008C  _TH0                               LCD_Driver
     0000008C  _TR0                               LCD_Driver
     0000008D  G$TF0$0_0$0                        LCD_Driver
     0000008D  G$TH1$0_0$0                        LCD_Driver
     0000008D  _TF0                               LCD_Driver
ASxxxx Linker V03.00 + NoICE + sdld,  page 4.
Hexadecimal  [32-Bits]

Area                                    Addr        Size        Decimal Bytes (Attributes)
--------------------------------        ----        ----        ------- ----- ------------
.  .ABS.                            00000000    00000000 =           0. bytes (ABS,CON)

      Value  Global                              Global Defined In Module
      -----  --------------------------------   ------------------------
     0000008D  _TH1                               LCD_Driver
     0000008E  G$TR1$0_0$0                        LCD_Driver
     0000008E  _TR1                               LCD_Driver
     0000008F  G$TF1$0_0$0                        LCD_Driver
     0000008F  _TF1                               LCD_Driver
     00000090  G$P1$0_0$0                         LCD_Driver
     00000090  G$P1_0$0_0$0                       LCD_Driver
     00000090  _P1                                LCD_Driver
     00000090  _P1_0                              LCD_Driver
     00000091  G$P1_1$0_0$0                       LCD_Driver
     00000091  _P1_1                              LCD_Driver
     00000092  G$P1_2$0_0$0                       LCD_Driver
     00000092  _P1_2                              LCD_Driver
     00000093  G$P1_3$0_0$0                       LCD_Driver
     00000093  _P1_3                              LCD_Driver
     00000094  G$P1_4$0_0$0                       LCD_Driver
     00000094  _P1_4                              LCD_Driver
     00000095  G$P1_5$0_0$0                       LCD_Driver
     00000095  _P1_5                              LCD_Driver
     00000096  G$P1_6$0_0$0                       LCD_Driver
     00000096  _P1_6                              LCD_Driver
     00000097  G$P1_7$0_0$0                       LCD_Driver
     00000097  _P1_7                              LCD_Driver
     00000098  G$RI$0_0$0                         LCD_Driver
     00000098  G$SCON$0_0$0                       LCD_Driver
     00000098  _RI                                LCD_Driver
     00000098  _SCON                              LCD_Driver
     00000099  G$SBUF$0_0$0                       LCD_Driver
     00000099  G$TI$0_0$0                         LCD_Driver
     00000099  _SBUF                              LCD_Driver
     00000099  _TI                                LCD_Driver
     0000009A  G$RB8$0_0$0                        LCD_Driver
     0000009A  _RB8                               LCD_Driver
     0000009B  G$TB8$0_0$0                        LCD_Driver
     0000009B  _TB8                               LCD_Driver
     0000009C  G$REN$0_0$0                        LCD_Driver
     0000009C  _REN                               LCD_Driver
     0000009D  G$SM2$0_0$0                        LCD_Driver
     0000009D  _SM2                               LCD_Driver
     0000009E  G$SM1$0_0$0                        LCD_Driver
     0000009E  _SM1                               LCD_Driver
     0000009F  G$SM0$0_0$0                        LCD_Driver
     0000009F  _SM0                               LCD_Driver
     000000A0  G$P2$0_0$0                         LCD_Driver
     000000A0  G$P2_0$0_0$0                       LCD_Driver
     000000A0  _P2                                LCD_Driver
     000000A0  _P2_0                              LCD_Driver
     000000A0  __XPAGE                            
     000000A1  G$P2_1$0_0$0                       LCD_Driver
     000000A1  _P2_1                              LCD_Driver
     000000A2  G$P2_2$0_0$0                       LCD_Driver
ASxxxx Linker V03.00 + NoICE + sdld,  page 5.
Hexadecimal  [32-Bits]

Area                                    Addr        Size        Decimal Bytes (Attributes)
--------------------------------        ----        ----        ------- ----- ------------
.  .ABS.                            00000000    00000000 =           0. bytes (ABS,CON)

      Value  Global                              Global Defined In Module
      -----  --------------------------------   ------------------------
     000000A2  _P2_2                              LCD_Driver
     000000A3  G$P2_3$0_0$0                       LCD_Driver
     000000A3  _P2_3                              LCD_Driver
     000000A4  G$P2_4$0_0$0                       LCD_Driver
     000000A4  _P2_4                              LCD_Driver
     000000A5  G$P2_5$0_0$0                       LCD_Driver
     000000A5  _P2_5                              LCD_Driver
     000000A6  G$P2_6$0_0$0                       LCD_Driver
     000000A6  _P2_6                              LCD_Driver
     000000A7  G$P2_7$0_0$0                       LCD_Driver
     000000A7  _P2_7                              LCD_Driver
     000000A8  G$EX0$0_0$0                        LCD_Driver
     000000A8  G$IE$0_0$0                         LCD_Driver
     000000A8  _EX0                               LCD_Driver
     000000A8  _IE                                LCD_Driver
     000000A9  G$ET0$0_0$0                        LCD_Driver
     000000A9  _ET0                               LCD_Driver
     000000AA  G$EX1$0_0$0                        LCD_Driver
     000000AA  _EX1                               LCD_Driver
     000000AB  G$ET1$0_0$0                        LCD_Driver
     000000AB  _ET1                               LCD_Driver
     000000AC  G$ES$0_0$0                         LCD_Driver
     000000AC  _ES                                LCD_Driver
     000000AF  G$EA$0_0$0                         LCD_Driver
     000000AF  _EA                                LCD_Driver
     000000B0  G$P3$0_0$0                         LCD_Driver
     000000B0  G$P3_0$0_0$0                       LCD_Driver
     000000B0  G$RXD$0_0$0                        LCD_Driver
     000000B0  _P3                                LCD_Driver
     000000B0  _P3_0                              LCD_Driver
     000000B0  _RXD                               LCD_Driver
     000000B1  G$P3_1$0_0$0                       LCD_Driver
     000000B1  G$TXD$0_0$0                        LCD_Driver
     000000B1  _P3_1                              LCD_Driver
     000000B1  _TXD                               LCD_Driver
     000000B2  G$INT0$0_0$0                       LCD_Driver
     000000B2  G$P3_2$0_0$0                       LCD_Driver
     000000B2  _INT0                              LCD_Driver
     000000B2  _P3_2                              LCD_Driver
     000000B3  G$INT1$0_0$0                       LCD_Driver
     000000B3  G$P3_3$0_0$0                       LCD_Driver
     000000B3  _INT1                              LCD_Driver
     000000B3  _P3_3                              LCD_Driver
     000000B4  G$P3_4$0_0$0                       LCD_Driver
     000000B4  G$T0$0_0$0                         LCD_Driver
     000000B4  _P3_4                              LCD_Driver
     000000B4  _T0                                LCD_Driver
     000000B5  G$P3_5$0_0$0                       LCD_Driver
     000000B5  G$T1$0_0$0                         LCD_Driver
     000000B5  _P3_5                              LCD_Driver
     000000B5  _T1                                LCD_Driver
ASxxxx Linker V03.00 + NoICE + sdld,  page 6.
Hexadecimal  [32-Bits]

Area                                    Addr        Size        Decimal Bytes (Attributes)
--------------------------------        ----        ----        ------- ----- ------------
.  .ABS.                            00000000    00000000 =           0. bytes (ABS,CON)

      Value  Global                              Global Defined In Module
      -----  --------------------------------   ------------------------
     000000B6  G$P3_6$0_0$0                       LCD_Driver
     000000B6  G$WR$0_0$0                         LCD_Driver
     000000B6  _P3_6                              LCD_Driver
     000000B6  _WR                                LCD_Driver
     000000B7  G$P3_7$0_0$0                       LCD_Driver
     000000B7  G$RD$0_0$0                         LCD_Driver
     000000B7  _P3_7                              LCD_Driver
     000000B7  _RD                                LCD_Driver
     000000B8  G$IP$0_0$0                         LCD_Driver
     000000B8  G$PX0$0_0$0                        LCD_Driver
     000000B8  _IP                                LCD_Driver
     000000B8  _PX0                               LCD_Driver
     000000B9  G$PT0$0_0$0                        LCD_Driver
     000000B9  _PT0                               LCD_Driver
     000000BA  G$PX1$0_0$0                        LCD_Driver
     000000BA  _PX1                               LCD_Driver
     000000BB  G$PT1$0_0$0                        LCD_Driver
     000000BB  _PT1                               LCD_Driver
     000000BC  G$PS$0_0$0                         LCD_Driver
     000000BC  _PS                                LCD_Driver
     000000D0  G$P$0_0$0                          LCD_Driver
     000000D0  G$PSW$0_0$0                        LCD_Driver
     000000D0  _P                                 LCD_Driver
     000000D0  _PSW                               LCD_Driver
     000000D1  G$F1$0_0$0                         LCD_Driver
     000000D1  _F1                                LCD_Driver
     000000D2  G$OV$0_0$0                         LCD_Driver
     000000D2  _OV                                LCD_Driver
     000000D3  G$RS0$0_0$0                        LCD_Driver
     000000D3  _RS0                               LCD_Driver
     000000D4  G$RS1$0_0$0                        LCD_Driver
     000000D4  _RS1                               LCD_Driver
     000000D5  G$F0$0_0$0                         LCD_Driver
     000000D5  _F0                                LCD_Driver
     000000D6  G$AC$0_0$0                         LCD_Driver
     000000D6  _AC                                LCD_Driver
     000000D7  G$CY$0_0$0                         LCD_Driver
     000000D7  _CY                                LCD_Driver
     000000E0  G$ACC$0_0$0                        LCD_Driver
     000000E0  _ACC                               LCD_Driver
     000000F0  G$B$0_0$0                          LCD_Driver
     000000F0  _B                                 LCD_Driver
     000000F5  _B_5                               _gptrget
     000000F6  _B_6                               _gptrget
     000000F7  _B_7                               _gptrget

ASxxxx Linker V03.00 + NoICE + sdld,  page 7.
Hexadecimal  [32-Bits]

Area                                    Addr        Size        Decimal Bytes (Attributes)
--------------------------------        ----        ----        ------- ----- ------------
BSEG_BYTES                          00000020    00000001 =           1. bytes (REL,CON)

      Value  Global                              Global Defined In Module
      -----  --------------------------------   ------------------------
ASxxxx Linker V03.00 + NoICE + sdld,  page 8.
Hexadecimal  [32-Bits]

Area                                    Addr        Size        Decimal Bytes (Attributes)
--------------------------------        ----        ----        ------- ----- ------------
REG_BANK_0                          00000000    00000008 =           8. bytes (REL,OVR)

      Value  Global                              Global Defined In Module
      -----  --------------------------------   ------------------------
ASxxxx Linker V03.00 + NoICE + sdld,  page 9.
Hexadecimal  [32-Bits]

Area                                    Addr        Size        Decimal Bytes (Attributes)
--------------------------------        ----        ----        ------- ----- ------------
DSEG                                00000000    0000007C =         124. bytes (REL,CON)

      Value  Global                              Global Defined In Module
      -----  --------------------------------   ------------------------
     00000008  LLCD_Driver.lcdputstr_wordwrap$s   LCD_Driver
     0000000B  LLCD_Driver.lcdputstr_wordwrap$s   LCD_Driver
     0000000E  LLCD_Driver.hex_dump_cgram$sloc0   LCD_Driver
     0000000F  LLCD_Driver.hex_dump_cgram$sloc1   LCD_Driver
     00000010  _bp                                _bp

ASxxxx Linker V03.00 + NoICE + sdld,  page 10.
Hexadecimal  [32-Bits]

Area                                    Addr        Size        Decimal Bytes (Attributes)
--------------------------------        ----        ----        ------- ----- ------------
OSEG                                0000001B    00000001 =           1. bytes (REL,OVR)

      Value  Global                              Global Defined In Module
      -----  --------------------------------   ------------------------
ASxxxx Linker V03.00 + NoICE + sdld,  page 11.
Hexadecimal  [32-Bits]

Area                                    Addr        Size        Decimal Bytes (Attributes)
--------------------------------        ----        ----        ------- ----- ------------
SSEG                                00000021    0000005F =          95. bytes (REL,OVR)

      Value  Global                              Global Defined In Module
      -----  --------------------------------   ------------------------
     00000021  __start__stack                     LCD_Driver

ASxxxx Linker V03.00 + NoICE + sdld,  page 12.
Hexadecimal  [32-Bits]

Area                                    Addr        Size        Decimal Bytes (Attributes)
--------------------------------        ----        ----        ------- ----- ------------
XSEG                                00000400    00000138 =         312. bytes (REL,CON,XDATA)

      Value  Global                              Global Defined In Module
      -----  --------------------------------   ------------------------
D:   00000400  LLCD_Driver.putchar$c$1_0$67       LCD_Driver
D:   00000402  LLCD_Driver.putstr$s$1_0$71        LCD_Driver
D:   00000405  LLCD_Driver.lcd_cmd$cmd$1_0$77     LCD_Driver
D:   00000406  LLCD_Driver.lcdputch$cc$1_0$79     LCD_Driver
D:   00000407  LLCD_Driver.lcdgotoaddr$address$   LCD_Driver
D:   00000408  LLCD_Driver.lcdgotoxy$col$1_0$86   LCD_Driver
D:   00000408  _lcdgotoxy_PARM_2                  LCD_Driver
D:   00000409  LLCD_Driver.lcdgotoxy$row$1_0$86   LCD_Driver
D:   0000040A  LLCD_Driver.lcdputstr$ss$1_0$88    LCD_Driver
D:   0000040D  LLCD_Driver.lcdputstr$current_ro   LCD_Driver
D:   0000040E  LLCD_Driver.lcdputstr$current_co   LCD_Driver
D:   0000040F  LLCD_Driver.lcdputstr_wordwrap$s   LCD_Driver
D:   00000412  LLCD_Driver.lcdputstr_wordwrap$c   LCD_Driver
D:   00000413  LLCD_Driver.lcdputstr_wordwrap$c   LCD_Driver
D:   00000414  LLCD_Driver.lcdputstr_wordwrap$w   LCD_Driver
D:   00000417  LLCD_Driver.lcd_putchar_at$col$1   LCD_Driver
D:   00000417  _lcd_putchar_at_PARM_2             LCD_Driver
D:   00000418  LLCD_Driver.lcd_putchar_at$c$1_0   LCD_Driver
D:   00000418  _lcd_putchar_at_PARM_3             LCD_Driver
D:   00000419  LLCD_Driver.lcd_putchar_at$row$1   LCD_Driver
D:   0000041A  LLCD_Driver.lcd_string_at$col$1_   LCD_Driver
D:   0000041A  _lcd_string_at_PARM_2              LCD_Driver
D:   0000041B  LLCD_Driver.lcd_string_at$str$1_   LCD_Driver
D:   0000041B  _lcd_string_at_PARM_3              LCD_Driver
D:   0000041E  LLCD_Driver.lcd_string_at$row$1_   LCD_Driver
D:   0000041F  LLCD_Driver.lcd_delay_ms$ms$1_0$   LCD_Driver
D:   00000420  LLCD_Driver.lcd_delay_ms$i$1_0$1   LCD_Driver
D:   00000422  LLCD_Driver.get_number$buffer$1_   LCD_Driver
D:   00000425  LLCD_Driver.get_user_input$max_l   LCD_Driver
D:   00000425  _get_user_input_PARM_2             LCD_Driver
D:   00000426  LLCD_Driver.get_user_input$buffe   LCD_Driver
D:   00000429  LLCD_Driver.get_user_input$count   LCD_Driver
D:   0000042A  LLCD_Driver.display_clock$time_s   LCD_Driver
D:   00000433  LLCD_Driver.get_binary_row$bits$   LCD_Driver
D:   00000439  LLCD_Driver.get_binary_row$count   LCD_Driver
D:   0000043A  LLCD_Driver.get_binary_row$resul   LCD_Driver
D:   0000043B  LLCD_Driver.lcdcreatechar$row_va   LCD_Driver
D:   0000043B  _lcdcreatechar_PARM_2              LCD_Driver
D:   0000043E  LLCD_Driver.lcdcreatechar$ccode$   LCD_Driver
D:   0000043F  LLCD_Driver.let_user_create_char   LCD_Driver
D:   00000447  LLCD_Driver.let_user_create_char   LCD_Driver
D:   00000465  LLCD_Driver.hex_dump_ddram$heade   LCD_Driver
D:   00000479  LLCD_Driver.hex_dump_ddram$buf$5   LCD_Driver
D:   00000481  LLCD_Driver.hex_dump_cgram$patte   LCD_Driver
D:   00000482  LLCD_Driver.hex_dump_cgram$buf$5   LCD_Driver
D:   000004A0  LLCD_Driver.main$input_buffer$1_   LCD_Driver
D:   000004E0  LLCD_Driver.main$char_buffer$1_1   LCD_Driver
D:   000004E1  LLCD_Driver.main$row$1_1$203       LCD_Driver
D:   000004E3  LLCD_Driver.main$col$1_1$203       LCD_Driver
D:   000004E5  __divuint_PARM_2                   _divuint
ASxxxx Linker V03.00 + NoICE + sdld,  page 13.
Hexadecimal  [32-Bits]

Area                                    Addr        Size        Decimal Bytes (Attributes)
--------------------------------        ----        ----        ------- ----- ------------
XSEG                                00000400    00000138 =         312. bytes (REL,CON,XDATA)

      Value  Global                              Global Defined In Module
      -----  --------------------------------   ------------------------
D:   000004F2  __gptrput_PARM_2                   _gptrput
D:   000004F3  __mulint_PARM_2                    _mulint
D:   000004F5  __moduint_PARM_2                   _moduint
D:   000004FA  _vsprintf_PARM_2                   sprintf
D:   000004FD  _vsprintf_PARM_3                   sprintf
D:   00000501  _vprintf_PARM_2                    vprintf
D:   00000516  __print_format_PARM_2              printf_large
D:   00000519  __print_format_PARM_3              printf_large
D:   0000051C  __print_format_PARM_4              printf_large

ASxxxx Linker V03.00 + NoICE + sdld,  page 14.
Hexadecimal  [32-Bits]

Area                                    Addr        Size        Decimal Bytes (Attributes)
--------------------------------        ----        ----        ------- ----- ------------
XISEG                               00000538    0000003E =          62. bytes (REL,CON,XDATA)

      Value  Global                              Global Defined In Module
      -----  --------------------------------   ------------------------
D:   00000538  G$system_clock$0_0$0               LCD_Driver
D:   00000538  _system_clock                      LCD_Driver
D:   00000540  G$timer_do_something$0_0$0         LCD_Driver
D:   00000540  _timer_do_something                LCD_Driver
D:   00000541  G$cursor_backup$0_0$0              LCD_Driver
D:   00000541  _cursor_backup                     LCD_Driver
D:   00000544  G$current_row$0_0$0                LCD_Driver
D:   00000544  _current_row                       LCD_Driver
D:   00000545  G$current_col$0_0$0                LCD_Driver
D:   00000545  _current_col                       LCD_Driver
D:   00000546  G$lcd_cmd_ptr$0_0$0                LCD_Driver
D:   00000546  _lcd_cmd_ptr                       LCD_Driver
D:   00000548  G$lcdputch_ptr$0_0$0               LCD_Driver
D:   00000548  _lcdputch_ptr                      LCD_Driver
D:   0000054A  G$lcd_status_ptr$0_0$0             LCD_Driver
D:   0000054A  _lcd_status_ptr                    LCD_Driver
D:   0000054C  G$lcd_read_ptr$0_0$0               LCD_Driver
D:   0000054C  _lcd_read_ptr                      LCD_Driver
D:   0000054E  G$custom_char_checker$0_0$0        LCD_Driver
D:   0000054E  _custom_char_checker               LCD_Driver
D:   00000556  G$custom_char_heart$0_0$0          LCD_Driver
D:   00000556  _custom_char_heart                 LCD_Driver
D:   0000055E  G$custom_char_face$0_0$0           LCD_Driver
D:   0000055E  _custom_char_face                  LCD_Driver
D:   00000566  G$custom_char_alpaca$0_0$0         LCD_Driver
D:   00000566  _custom_char_alpaca                LCD_Driver
D:   0000056E  G$custom_char_giraffe$0_0$0        LCD_Driver
D:   0000056E  _custom_char_giraffe               LCD_Driver

ASxxxx Linker V03.00 + NoICE + sdld,  page 15.
Hexadecimal  [32-Bits]

Area                                    Addr        Size        Decimal Bytes (Attributes)
--------------------------------        ----        ----        ------- ----- ------------
HOME                                00002000    0000003F =          63. bytes (REL,CON,CODE)

      Value  Global                              Global Defined In Module
      -----  --------------------------------   ------------------------
C:   00002000  A$LCD_Driver$612                   LCD_Driver
C:   00002003  A$LCD_Driver$613                   LCD_Driver
C:   0000200B  A$LCD_Driver$615                   LCD_Driver
C:   0000200E  A$LCD_Driver$637                   LCD_Driver
C:   0000200E  __sdcc_program_startup             LCD_Driver
C:   00002011  ___gptr_cmp                        
ASxxxx Linker V03.00 + NoICE + sdld,  page 16.
Hexadecimal  [32-Bits]

Area                                    Addr        Size        Decimal Bytes (Attributes)
--------------------------------        ----        ----        ------- ----- ------------
GSINIT0                             0000203F    00000003 =           3. bytes (REL,CON,CODE)

      Value  Global                              Global Defined In Module
      -----  --------------------------------   ------------------------
C:   0000203F  __sdcc_gsinit_startup              

ASxxxx Linker V03.00 + NoICE + sdld,  page 17.
Hexadecimal  [32-Bits]

Area                                    Addr        Size        Decimal Bytes (Attributes)
--------------------------------        ----        ----        ------- ----- ------------
GSINIT2                             00002042    0000000A =          10. bytes (REL,CON,CODE)

      Value  Global                              Global Defined In Module
      -----  --------------------------------   ------------------------
ASxxxx Linker V03.00 + NoICE + sdld,  page 18.
Hexadecimal  [32-Bits]

Area                                    Addr        Size        Decimal Bytes (Attributes)
--------------------------------        ----        ----        ------- ----- ------------
GSINIT3                             0000204C    00000022 =          34. bytes (REL,CON,CODE)

      Value  Global                              Global Defined In Module
      -----  --------------------------------   ------------------------
C:   0000204C  __mcs51_genXINIT                   

ASxxxx Linker V03.00 + NoICE + sdld,  page 19.
Hexadecimal  [32-Bits]

Area                                    Addr        Size        Decimal Bytes (Attributes)
--------------------------------        ----        ----        ------- ----- ------------
GSINIT4                             0000206E    0000002A =          42. bytes (REL,CON,CODE)

      Value  Global                              Global Defined In Module
      -----  --------------------------------   ------------------------
C:   0000206E  __mcs51_genRAMCLEAR                
C:   00002074  __mcs51_genXRAMCLEAR               

ASxxxx Linker V03.00 + NoICE + sdld,  page 20.
Hexadecimal  [32-Bits]

Area                                    Addr        Size        Decimal Bytes (Attributes)
--------------------------------        ----        ----        ------- ----- ------------
GSFINAL                             00002098    00000003 =           3. bytes (REL,CON,CODE)

      Value  Global                              Global Defined In Module
      -----  --------------------------------   ------------------------
C:   00002098  A$LCD_Driver$630                   LCD_Driver

ASxxxx Linker V03.00 + NoICE + sdld,  page 21.
Hexadecimal  [32-Bits]

Area                                    Addr        Size        Decimal Bytes (Attributes)
--------------------------------        ----        ----        ------- ----- ------------
CSEG                                0000209B    00002059 =        8281. bytes (REL,CON,CODE)

      Value  Global                              Global Defined In Module
      -----  --------------------------------   ------------------------
C:   0000209B  A$LCD_Driver$663                   LCD_Driver
C:   0000209B  C$LCD_Driver.c$78$0_0$68           LCD_Driver
C:   0000209B  G$putchar$0$0                      LCD_Driver
C:   0000209B  _putchar                           LCD_Driver
C:   0000209D  A$LCD_Driver$664                   LCD_Driver
C:   0000209F  A$LCD_Driver$665                   LCD_Driver
C:   000020A2  A$LCD_Driver$666                   LCD_Driver
C:   000020A3  A$LCD_Driver$667                   LCD_Driver
C:   000020A4  A$LCD_Driver$668                   LCD_Driver
C:   000020A5  A$LCD_Driver$669                   LCD_Driver
C:   000020A6  A$LCD_Driver$673                   LCD_Driver
C:   000020A6  C$LCD_Driver.c$79$1_0$68           LCD_Driver
C:   000020A9  A$LCD_Driver$676                   LCD_Driver
C:   000020A9  C$LCD_Driver.c$80$1_0$68           LCD_Driver
C:   000020AC  A$LCD_Driver$677                   LCD_Driver
C:   000020AD  A$LCD_Driver$678                   LCD_Driver
C:   000020AE  A$LCD_Driver$679                   LCD_Driver
C:   000020AF  A$LCD_Driver$680                   LCD_Driver
C:   000020B0  A$LCD_Driver$681                   LCD_Driver
C:   000020B1  A$LCD_Driver$682                   LCD_Driver
C:   000020B3  A$LCD_Driver$686                   LCD_Driver
C:   000020B3  C$LCD_Driver.c$81$1_0$68           LCD_Driver
C:   000020B5  A$LCD_Driver$689                   LCD_Driver
C:   000020B5  C$LCD_Driver.c$82$1_0$68           LCD_Driver
C:   000020B7  A$LCD_Driver$690                   LCD_Driver
C:   000020B9  A$LCD_Driver$695                   LCD_Driver
C:   000020B9  C$LCD_Driver.c$83$1_0$68           LCD_Driver
C:   000020B9  XG$putchar$0$0                     LCD_Driver
C:   000020BA  A$LCD_Driver$712                   LCD_Driver
C:   000020BA  C$LCD_Driver.c$86$1_0$70           LCD_Driver
C:   000020BA  C$LCD_Driver.c$87$1_0$70           LCD_Driver
C:   000020BA  C$LCD_Driver.c$88$1_0$70           LCD_Driver
C:   000020BA  G$getchar$0$0                      LCD_Driver
C:   000020BA  _getchar                           LCD_Driver
C:   000020BD  A$LCD_Driver$713                   LCD_Driver
C:   000020BF  A$LCD_Driver$717                   LCD_Driver
C:   000020BF  C$LCD_Driver.c$89$1_0$70           LCD_Driver
C:   000020C1  A$LCD_Driver$718                   LCD_Driver
C:   000020C3  A$LCD_Driver$719                   LCD_Driver
C:   000020C5  A$LCD_Driver$720                   LCD_Driver
C:   000020C7  A$LCD_Driver$725                   LCD_Driver
C:   000020C7  C$LCD_Driver.c$90$1_0$70           LCD_Driver
C:   000020C7  XG$getchar$0$0                     LCD_Driver
C:   000020C8  A$LCD_Driver$739                   LCD_Driver
C:   000020C8  C$LCD_Driver.c$93$1_0$72           LCD_Driver
C:   000020C8  G$putstr$0$0                       LCD_Driver
C:   000020C8  _putstr                            LCD_Driver
C:   000020CA  A$LCD_Driver$740                   LCD_Driver
C:   000020CC  A$LCD_Driver$741                   LCD_Driver
C:   000020CE  A$LCD_Driver$742                   LCD_Driver
ASxxxx Linker V03.00 + NoICE + sdld,  page 22.
Hexadecimal  [32-Bits]

Area                                    Addr        Size        Decimal Bytes (Attributes)
--------------------------------        ----        ----        ------- ----- ------------
CSEG                                0000209B    00002059 =        8281. bytes (REL,CON,CODE)

      Value  Global                              Global Defined In Module
      -----  --------------------------------   ------------------------
C:   000020D1  A$LCD_Driver$743                   LCD_Driver
C:   000020D2  A$LCD_Driver$744                   LCD_Driver
C:   000020D3  A$LCD_Driver$745                   LCD_Driver
C:   000020D4  A$LCD_Driver$746                   LCD_Driver
C:   000020D5  A$LCD_Driver$747                   LCD_Driver
C:   000020D6  A$LCD_Driver$748                   LCD_Driver
C:   000020D7  A$LCD_Driver$749                   LCD_Driver
C:   000020D8  A$LCD_Driver$752                   LCD_Driver
C:   000020D8  C$LCD_Driver.c$95$1_0$72           LCD_Driver
C:   000020DB  A$LCD_Driver$753                   LCD_Driver
C:   000020DC  A$LCD_Driver$754                   LCD_Driver
C:   000020DD  A$LCD_Driver$755                   LCD_Driver
C:   000020DE  A$LCD_Driver$756                   LCD_Driver
C:   000020DF  A$LCD_Driver$757                   LCD_Driver
C:   000020E0  A$LCD_Driver$758                   LCD_Driver
C:   000020E1  A$LCD_Driver$759                   LCD_Driver
C:   000020E2  A$LCD_Driver$760                   LCD_Driver
C:   000020E3  A$LCD_Driver$761                   LCD_Driver
C:   000020E5  A$LCD_Driver$762                   LCD_Driver
C:   000020E7  A$LCD_Driver$764                   LCD_Driver
C:   000020E9  A$LCD_Driver$765                   LCD_Driver
C:   000020EB  A$LCD_Driver$766                   LCD_Driver
C:   000020ED  A$LCD_Driver$767                   LCD_Driver
C:   000020F0  A$LCD_Driver$768                   LCD_Driver
C:   000020F1  A$LCD_Driver$769                   LCD_Driver
C:   000020F3  A$LCD_Driver$772                   LCD_Driver
C:   000020F3  C$LCD_Driver.c$96$2_0$73           LCD_Driver
C:   000020F4  A$LCD_Driver$773                   LCD_Driver
C:   000020F7  A$LCD_Driver$774                   LCD_Driver
C:   000020F8  A$LCD_Driver$776                   LCD_Driver
C:   000020FB  A$LCD_Driver$777                   LCD_Driver
C:   000020FC  A$LCD_Driver$778                   LCD_Driver
C:   000020FD  A$LCD_Driver$779                   LCD_Driver
C:   000020FE  A$LCD_Driver$780                   LCD_Driver
C:   000020FF  A$LCD_Driver$781                   LCD_Driver
C:   00002100  A$LCD_Driver$782                   LCD_Driver
C:   00002101  A$LCD_Driver$783                   LCD_Driver
C:   00002102  A$LCD_Driver$784                   LCD_Driver
C:   00002103  A$LCD_Driver$785                   LCD_Driver
C:   00002105  A$LCD_Driver$786                   LCD_Driver
C:   00002107  A$LCD_Driver$787                   LCD_Driver
C:   00002109  A$LCD_Driver$788                   LCD_Driver
C:   0000210B  A$LCD_Driver$789                   LCD_Driver
C:   0000210D  A$LCD_Driver$790                   LCD_Driver
C:   0000210F  A$LCD_Driver$791                   LCD_Driver
C:   00002111  A$LCD_Driver$792                   LCD_Driver
C:   00002113  A$LCD_Driver$793                   LCD_Driver
C:   00002115  A$LCD_Driver$794                   LCD_Driver
C:   00002118  A$LCD_Driver$795                   LCD_Driver
C:   0000211A  A$LCD_Driver$796                   LCD_Driver
C:   0000211C  A$LCD_Driver$797                   LCD_Driver
ASxxxx Linker V03.00 + NoICE + sdld,  page 23.
Hexadecimal  [32-Bits]

Area                                    Addr        Size        Decimal Bytes (Attributes)
--------------------------------        ----        ----        ------- ----- ------------
CSEG                                0000209B    00002059 =        8281. bytes (REL,CON,CODE)

      Value  Global                              Global Defined In Module
      -----  --------------------------------   ------------------------
C:   0000211E  A$LCD_Driver$798                   LCD_Driver
C:   00002120  A$LCD_Driver$799                   LCD_Driver
C:   00002122  A$LCD_Driver$802                   LCD_Driver
C:   00002122  C$LCD_Driver.c$97$2_0$73           LCD_Driver
C:   00002123  A$LCD_Driver$803                   LCD_Driver
C:   00002126  A$LCD_Driver$804                   LCD_Driver
C:   00002127  A$LCD_Driver$805                   LCD_Driver
C:   00002129  A$LCD_Driver$807                   LCD_Driver
C:   0000212C  A$LCD_Driver$808                   LCD_Driver
C:   0000212D  A$LCD_Driver$809                   LCD_Driver
C:   0000212E  A$LCD_Driver$810                   LCD_Driver
C:   0000212F  A$LCD_Driver$811                   LCD_Driver
C:   00002130  A$LCD_Driver$812                   LCD_Driver
C:   00002131  A$LCD_Driver$813                   LCD_Driver
C:   00002132  A$LCD_Driver$814                   LCD_Driver
C:   00002133  A$LCD_Driver$815                   LCD_Driver
C:   00002134  A$LCD_Driver$818                   LCD_Driver
C:   00002134  C$LCD_Driver.c$99$1_0$72           LCD_Driver
C:   00002135  A$LCD_Driver$819                   LCD_Driver
C:   00002138  A$LCD_Driver$820                   LCD_Driver
C:   00002139  A$LCD_Driver$822                   LCD_Driver
C:   0000213B  A$LCD_Driver$823                   LCD_Driver
C:   0000213D  A$LCD_Driver$828                   LCD_Driver
C:   0000213D  C$LCD_Driver.c$100$1_0$72          LCD_Driver
C:   0000213D  XG$putstr$0$0                      LCD_Driver
C:   0000213E  A$LCD_Driver$844                   LCD_Driver
C:   0000213E  C$LCD_Driver.c$103$1_0$75          LCD_Driver
C:   0000213E  C$LCD_Driver.c$108$1_0$75          LCD_Driver
C:   0000213E  G$lcdbusywait$0$0                  LCD_Driver
C:   0000213E  _lcdbusywait                       LCD_Driver
C:   00002140  A$LCD_Driver$845                   LCD_Driver
C:   00002142  A$LCD_Driver$849                   LCD_Driver
C:   00002142  C$LCD_Driver.c$109$2_0$76          LCD_Driver
C:   00002145  A$LCD_Driver$850                   LCD_Driver
C:   00002146  A$LCD_Driver$851                   LCD_Driver
C:   00002147  A$LCD_Driver$852                   LCD_Driver
C:   00002148  A$LCD_Driver$853                   LCD_Driver
C:   00002149  A$LCD_Driver$854                   LCD_Driver
C:   0000214A  A$LCD_Driver$855                   LCD_Driver
C:   0000214C  A$LCD_Driver$856                   LCD_Driver
C:   0000214E  A$LCD_Driver$857                   LCD_Driver
C:   0000214F  A$LCD_Driver$858                   LCD_Driver
C:   00002150  A$LCD_Driver$861                   LCD_Driver
C:   00002150  C$LCD_Driver.c$110$2_0$76          LCD_Driver
C:   00002151  A$LCD_Driver$862                   LCD_Driver
C:   00002154  A$LCD_Driver$863                   LCD_Driver
C:   00002155  A$LCD_Driver$867                   LCD_Driver
C:   00002155  C$LCD_Driver.c$113$2_0$76          LCD_Driver
C:   00002156  A$LCD_Driver$868                   LCD_Driver
C:   00002157  A$LCD_Driver$869                   LCD_Driver
C:   00002159  A$LCD_Driver$872                   LCD_Driver
ASxxxx Linker V03.00 + NoICE + sdld,  page 24.
Hexadecimal  [32-Bits]

Area                                    Addr        Size        Decimal Bytes (Attributes)
--------------------------------        ----        ----        ------- ----- ------------
CSEG                                0000209B    00002059 =        8281. bytes (REL,CON,CODE)

      Value  Global                              Global Defined In Module
      -----  --------------------------------   ------------------------
C:   00002159  C$LCD_Driver.c$115$1_0$75          LCD_Driver
C:   0000215A  A$LCD_Driver$873                   LCD_Driver
C:   0000215D  A$LCD_Driver$879                   LCD_Driver
C:   0000215D  C$LCD_Driver.c$116$1_0$75          LCD_Driver
C:   0000215D  XG$lcdbusywait$0$0                 LCD_Driver
C:   0000215E  A$LCD_Driver$892                   LCD_Driver
C:   0000215E  C$LCD_Driver.c$119$1_0$78          LCD_Driver
C:   0000215E  G$lcd_cmd$0$0                      LCD_Driver
C:   0000215E  _lcd_cmd                           LCD_Driver
C:   00002160  A$LCD_Driver$893                   LCD_Driver
C:   00002163  A$LCD_Driver$894                   LCD_Driver
C:   00002164  A$LCD_Driver$897                   LCD_Driver
C:   00002164  C$LCD_Driver.c$121$1_0$78          LCD_Driver
C:   00002167  A$LCD_Driver$900                   LCD_Driver
C:   00002167  C$LCD_Driver.c$122$1_0$78          LCD_Driver
C:   0000216A  A$LCD_Driver$901                   LCD_Driver
C:   0000216B  A$LCD_Driver$902                   LCD_Driver
C:   0000216C  A$LCD_Driver$903                   LCD_Driver
C:   0000216D  A$LCD_Driver$904                   LCD_Driver
C:   0000216E  A$LCD_Driver$905                   LCD_Driver
C:   0000216F  A$LCD_Driver$906                   LCD_Driver
C:   00002172  A$LCD_Driver$907                   LCD_Driver
C:   00002173  A$LCD_Driver$908                   LCD_Driver
C:   00002175  A$LCD_Driver$909                   LCD_Driver
C:   00002177  A$LCD_Driver$910                   LCD_Driver
C:   00002178  A$LCD_Driver$915                   LCD_Driver
C:   00002178  C$LCD_Driver.c$123$1_0$78          LCD_Driver
C:   00002178  XG$lcd_cmd$0$0                     LCD_Driver
C:   00002179  A$LCD_Driver$928                   LCD_Driver
C:   00002179  C$LCD_Driver.c$126$1_0$80          LCD_Driver
C:   00002179  G$lcdputch$0$0                     LCD_Driver
C:   00002179  _lcdputch                          LCD_Driver
C:   0000217B  A$LCD_Driver$929                   LCD_Driver
C:   0000217E  A$LCD_Driver$930                   LCD_Driver
C:   0000217F  A$LCD_Driver$933                   LCD_Driver
C:   0000217F  C$LCD_Driver.c$128$1_0$80          LCD_Driver
C:   00002182  A$LCD_Driver$936                   LCD_Driver
C:   00002182  C$LCD_Driver.c$129$1_0$80          LCD_Driver
C:   00002185  A$LCD_Driver$937                   LCD_Driver
C:   00002186  A$LCD_Driver$938                   LCD_Driver
C:   00002187  A$LCD_Driver$939                   LCD_Driver
C:   00002188  A$LCD_Driver$940                   LCD_Driver
C:   00002189  A$LCD_Driver$941                   LCD_Driver
C:   0000218A  A$LCD_Driver$942                   LCD_Driver
C:   0000218D  A$LCD_Driver$943                   LCD_Driver
C:   0000218E  A$LCD_Driver$944                   LCD_Driver
C:   00002190  A$LCD_Driver$945                   LCD_Driver
C:   00002192  A$LCD_Driver$946                   LCD_Driver
C:   00002193  A$LCD_Driver$949                   LCD_Driver
C:   00002193  C$LCD_Driver.c$132$1_0$80          LCD_Driver
C:   00002196  A$LCD_Driver$950                   LCD_Driver
ASxxxx Linker V03.00 + NoICE + sdld,  page 25.
Hexadecimal  [32-Bits]

Area                                    Addr        Size        Decimal Bytes (Attributes)
--------------------------------        ----        ----        ------- ----- ------------
CSEG                                0000209B    00002059 =        8281. bytes (REL,CON,CODE)

      Value  Global                              Global Defined In Module
      -----  --------------------------------   ------------------------
C:   00002197  A$LCD_Driver$951                   LCD_Driver
C:   00002198  A$LCD_Driver$952                   LCD_Driver
C:   00002199  A$LCD_Driver$955                   LCD_Driver
C:   00002199  C$LCD_Driver.c$133$1_0$80          LCD_Driver
C:   0000219A  A$LCD_Driver$956                   LCD_Driver
C:   0000219B  A$LCD_Driver$957                   LCD_Driver
C:   0000219E  A$LCD_Driver$959                   LCD_Driver
C:   000021A0  A$LCD_Driver$962                   LCD_Driver
C:   000021A0  C$LCD_Driver.c$134$2_0$81          LCD_Driver
C:   000021A3  A$LCD_Driver$963                   LCD_Driver
C:   000021A4  A$LCD_Driver$964                   LCD_Driver
C:   000021A5  A$LCD_Driver$967                   LCD_Driver
C:   000021A5  C$LCD_Driver.c$135$2_0$81          LCD_Driver
C:   000021A8  A$LCD_Driver$968                   LCD_Driver
C:   000021A9  A$LCD_Driver$969                   LCD_Driver
C:   000021AA  A$LCD_Driver$970                   LCD_Driver
C:   000021AB  A$LCD_Driver$973                   LCD_Driver
C:   000021AB  C$LCD_Driver.c$136$2_0$81          LCD_Driver
C:   000021AC  A$LCD_Driver$974                   LCD_Driver
C:   000021AD  A$LCD_Driver$975                   LCD_Driver
C:   000021B0  A$LCD_Driver$977                   LCD_Driver
C:   000021B2  A$LCD_Driver$978                   LCD_Driver
C:   000021B5  A$LCD_Driver$979                   LCD_Driver
C:   000021B6  A$LCD_Driver$980                   LCD_Driver
C:   000021B7  A$LCD_Driver$986                   LCD_Driver
C:   000021B7  C$LCD_Driver.c$138$1_0$80          LCD_Driver
C:   000021B7  XG$lcdputch$0$0                    LCD_Driver
C:   000021B8  A$LCD_Driver$1001                  LCD_Driver
C:   000021B8  C$LCD_Driver.c$140$1_0$83          LCD_Driver
C:   000021B8  C$LCD_Driver.c$143$1_0$83          LCD_Driver
C:   000021B8  G$lcd_read_address$0$0             LCD_Driver
C:   000021B8  _lcd_read_address                  LCD_Driver
C:   000021BB  A$LCD_Driver$1004                  LCD_Driver
C:   000021BB  C$LCD_Driver.c$144$1_0$83          LCD_Driver
C:   000021BE  A$LCD_Driver$1005                  LCD_Driver
C:   000021BF  A$LCD_Driver$1006                  LCD_Driver
C:   000021C0  A$LCD_Driver$1007                  LCD_Driver
C:   000021C1  A$LCD_Driver$1008                  LCD_Driver
C:   000021C2  A$LCD_Driver$1009                  LCD_Driver
C:   000021C3  A$LCD_Driver$1010                  LCD_Driver
C:   000021C5  A$LCD_Driver$1011                  LCD_Driver
C:   000021C7  A$LCD_Driver$1012                  LCD_Driver
C:   000021C8  A$LCD_Driver$1013                  LCD_Driver
C:   000021C9  A$LCD_Driver$1014                  LCD_Driver
C:   000021CC  A$LCD_Driver$1017                  LCD_Driver
C:   000021CC  C$LCD_Driver.c$145$1_0$83          LCD_Driver
C:   000021CE  A$LCD_Driver$1022                  LCD_Driver
C:   000021CE  C$LCD_Driver.c$146$1_0$83          LCD_Driver
C:   000021CE  XG$lcd_read_address$0$0            LCD_Driver
C:   000021CF  A$LCD_Driver$1035                  LCD_Driver
C:   000021CF  C$LCD_Driver.c$148$1_0$85          LCD_Driver
ASxxxx Linker V03.00 + NoICE + sdld,  page 26.
Hexadecimal  [32-Bits]

Area                                    Addr        Size        Decimal Bytes (Attributes)
--------------------------------        ----        ----        ------- ----- ------------
CSEG                                0000209B    00002059 =        8281. bytes (REL,CON,CODE)

      Value  Global                              Global Defined In Module
      -----  --------------------------------   ------------------------
C:   000021CF  G$lcdgotoaddr$0$0                  LCD_Driver
C:   000021CF  _lcdgotoaddr                       LCD_Driver
C:   000021D1  A$LCD_Driver$1036                  LCD_Driver
C:   000021D4  A$LCD_Driver$1037                  LCD_Driver
C:   000021D5  A$LCD_Driver$1040                  LCD_Driver
C:   000021D5  C$LCD_Driver.c$150$1_0$85          LCD_Driver
C:   000021D6  A$LCD_Driver$1041                  LCD_Driver
C:   000021D8  A$LCD_Driver$1042                  LCD_Driver
C:   000021DA  A$LCD_Driver$1043                  LCD_Driver
C:   000021DD  A$LCD_Driver$1046                  LCD_Driver
C:   000021DD  C$LCD_Driver.c$151$1_0$85          LCD_Driver
C:   000021E0  A$LCD_Driver$1051                  LCD_Driver
C:   000021E0  C$LCD_Driver.c$152$1_0$85          LCD_Driver
C:   000021E0  XG$lcdgotoaddr$0$0                 LCD_Driver
C:   000021E1  A$LCD_Driver$1066                  LCD_Driver
C:   000021E1  C$LCD_Driver.c$155$1_0$87          LCD_Driver
C:   000021E1  G$lcdgotoxy$0$0                    LCD_Driver
C:   000021E1  _lcdgotoxy                         LCD_Driver
C:   000021E3  A$LCD_Driver$1067                  LCD_Driver
C:   000021E6  A$LCD_Driver$1068                  LCD_Driver
C:   000021E7  A$LCD_Driver$1071                  LCD_Driver
C:   000021E7  C$LCD_Driver.c$158$1_0$87          LCD_Driver
C:   000021E8  A$LCD_Driver$1072                  LCD_Driver
C:   000021E9  A$LCD_Driver$1073                  LCD_Driver
C:   000021EC  A$LCD_Driver$1074                  LCD_Driver
C:   000021ED  A$LCD_Driver$1077                  LCD_Driver
C:   000021ED  C$LCD_Driver.c$159$1_0$87          LCD_Driver
C:   000021F0  A$LCD_Driver$1078                  LCD_Driver
C:   000021F1  A$LCD_Driver$1079                  LCD_Driver
C:   000021F2  A$LCD_Driver$1080                  LCD_Driver
C:   000021F5  A$LCD_Driver$1081                  LCD_Driver
C:   000021F6  A$LCD_Driver$1084                  LCD_Driver
C:   000021F6  C$LCD_Driver.c$162$1_0$87          LCD_Driver
C:   000021F7  A$LCD_Driver$1085                  LCD_Driver
C:   000021F9  A$LCD_Driver$1086                  LCD_Driver
C:   000021FB  A$LCD_Driver$1087                  LCD_Driver
C:   000021FE  A$LCD_Driver$1088                  LCD_Driver
C:   00002200  A$LCD_Driver$1089                  LCD_Driver
C:   00002201  A$LCD_Driver$1093                  LCD_Driver
C:   00002201  C$LCD_Driver.c$163$1_0$87          LCD_Driver
C:   00002202  A$LCD_Driver$1094                  LCD_Driver
C:   00002204  A$LCD_Driver$1095                  LCD_Driver
C:   00002206  A$LCD_Driver$1096                  LCD_Driver
C:   00002209  A$LCD_Driver$1097                  LCD_Driver
C:   0000220B  A$LCD_Driver$1098                  LCD_Driver
C:   0000220C  A$LCD_Driver$1102                  LCD_Driver
C:   0000220C  C$LCD_Driver.c$165$1_0$87          LCD_Driver
C:   0000220F  A$LCD_Driver$1103                  LCD_Driver
C:   00002210  A$LCD_Driver$1104                  LCD_Driver
C:   00002213  A$LCD_Driver$1105                  LCD_Driver
C:   00002214  A$LCD_Driver$1106                  LCD_Driver
ASxxxx Linker V03.00 + NoICE + sdld,  page 27.
Hexadecimal  [32-Bits]

Area                                    Addr        Size        Decimal Bytes (Attributes)
--------------------------------        ----        ----        ------- ----- ------------
CSEG                                0000209B    00002059 =        8281. bytes (REL,CON,CODE)

      Value  Global                              Global Defined In Module
      -----  --------------------------------   ------------------------
C:   00002215  A$LCD_Driver$1107                  LCD_Driver
C:   00002218  A$LCD_Driver$1108                  LCD_Driver
C:   00002219  A$LCD_Driver$1109                  LCD_Driver
C:   0000221A  A$LCD_Driver$1112                  LCD_Driver
C:   0000221A  C$LCD_Driver.c$166$1_0$87          LCD_Driver
C:   0000221C  A$LCD_Driver$1113                  LCD_Driver
C:   0000221F  A$LCD_Driver$1118                  LCD_Driver
C:   0000221F  C$LCD_Driver.c$167$1_0$87          LCD_Driver
C:   0000221F  XG$lcdgotoxy$0$0                   LCD_Driver
C:   00002220  A$LCD_Driver$1135                  LCD_Driver
C:   00002220  C$LCD_Driver.c$170$1_0$89          LCD_Driver
C:   00002220  G$lcdputstr$0$0                    LCD_Driver
C:   00002220  _lcdputstr                         LCD_Driver
C:   00002222  A$LCD_Driver$1136                  LCD_Driver
C:   00002224  A$LCD_Driver$1137                  LCD_Driver
C:   00002226  A$LCD_Driver$1138                  LCD_Driver
C:   00002229  A$LCD_Driver$1139                  LCD_Driver
C:   0000222A  A$LCD_Driver$1140                  LCD_Driver
C:   0000222B  A$LCD_Driver$1141                  LCD_Driver
C:   0000222C  A$LCD_Driver$1142                  LCD_Driver
C:   0000222D  A$LCD_Driver$1143                  LCD_Driver
C:   0000222E  A$LCD_Driver$1144                  LCD_Driver
C:   0000222F  A$LCD_Driver$1145                  LCD_Driver
C:   00002230  A$LCD_Driver$1148                  LCD_Driver
C:   00002230  C$LCD_Driver.c$172$2_0$89          LCD_Driver
C:   00002233  A$LCD_Driver$1149                  LCD_Driver
C:   00002234  A$LCD_Driver$1150                  LCD_Driver
C:   00002235  A$LCD_Driver$1153                  LCD_Driver
C:   00002235  C$LCD_Driver.c$173$2_0$89          LCD_Driver
C:   00002238  A$LCD_Driver$1154                  LCD_Driver
C:   00002239  A$LCD_Driver$1157                  LCD_Driver
C:   00002239  C$LCD_Driver.c$176$1_0$89          LCD_Driver
C:   0000223C  A$LCD_Driver$1158                  LCD_Driver
C:   0000223E  A$LCD_Driver$1161                  LCD_Driver
C:   0000223E  C$LCD_Driver.c$179$1_0$89          LCD_Driver
C:   00002240  A$LCD_Driver$1163                  LCD_Driver
C:   00002243  A$LCD_Driver$1165                  LCD_Driver
C:   00002245  A$LCD_Driver$1168                  LCD_Driver
C:   00002245  C$LCD_Driver.c$180$3_0$91          LCD_Driver
C:   00002246  A$LCD_Driver$1169                  LCD_Driver
C:   00002249  A$LCD_Driver$1170                  LCD_Driver
C:   0000224A  A$LCD_Driver$1171                  LCD_Driver
C:   0000224B  A$LCD_Driver$1172                  LCD_Driver
C:   0000224C  A$LCD_Driver$1173                  LCD_Driver
C:   0000224D  A$LCD_Driver$1174                  LCD_Driver
C:   0000224E  A$LCD_Driver$1175                  LCD_Driver
C:   00002250  A$LCD_Driver$1178                  LCD_Driver
C:   00002250  C$LCD_Driver.c$181$3_0$91          LCD_Driver
C:   00002252  A$LCD_Driver$1179                  LCD_Driver
C:   00002254  A$LCD_Driver$1180                  LCD_Driver
C:   00002256  A$LCD_Driver$1181                  LCD_Driver
ASxxxx Linker V03.00 + NoICE + sdld,  page 28.
Hexadecimal  [32-Bits]

Area                                    Addr        Size        Decimal Bytes (Attributes)
--------------------------------        ----        ----        ------- ----- ------------
CSEG                                0000209B    00002059 =        8281. bytes (REL,CON,CODE)

      Value  Global                              Global Defined In Module
      -----  --------------------------------   ------------------------
C:   00002257  A$LCD_Driver$1182                  LCD_Driver
C:   00002258  A$LCD_Driver$1183                  LCD_Driver
C:   00002259  A$LCD_Driver$1184                  LCD_Driver
C:   0000225A  A$LCD_Driver$1185                  LCD_Driver
C:   0000225B  A$LCD_Driver$1186                  LCD_Driver
C:   0000225D  A$LCD_Driver$1187                  LCD_Driver
C:   0000225F  A$LCD_Driver$1188                  LCD_Driver
C:   00002260  A$LCD_Driver$1189                  LCD_Driver
C:   00002261  A$LCD_Driver$1190                  LCD_Driver
C:   00002262  A$LCD_Driver$1191                  LCD_Driver
C:   00002263  A$LCD_Driver$1192                  LCD_Driver
C:   00002265  A$LCD_Driver$1193                  LCD_Driver
C:   00002267  A$LCD_Driver$1194                  LCD_Driver
C:   0000226A  A$LCD_Driver$1195                  LCD_Driver
C:   0000226C  A$LCD_Driver$1196                  LCD_Driver
C:   0000226E  A$LCD_Driver$1199                  LCD_Driver
C:   0000226E  C$LCD_Driver.c$182$4_0$92          LCD_Driver
C:   00002271  A$LCD_Driver$1200                  LCD_Driver
C:   00002272  A$LCD_Driver$1201                  LCD_Driver
C:   00002273  A$LCD_Driver$1204                  LCD_Driver
C:   00002273  C$LCD_Driver.c$183$4_0$92          LCD_Driver
C:   00002276  A$LCD_Driver$1205                  LCD_Driver
C:   00002277  A$LCD_Driver$1206                  LCD_Driver
C:   00002278  A$LCD_Driver$1207                  LCD_Driver
C:   00002279  A$LCD_Driver$1208                  LCD_Driver
C:   0000227A  A$LCD_Driver$1211                  LCD_Driver
C:   0000227A  C$LCD_Driver.c$184$4_0$92          LCD_Driver
C:   0000227C  A$LCD_Driver$1215                  LCD_Driver
C:   0000227C  C$LCD_Driver.c$179$2_0$90          LCD_Driver
C:   0000227D  A$LCD_Driver$1218                  LCD_Driver
C:   0000227D  C$LCD_Driver.c$188$1_0$89          LCD_Driver
C:   0000227F  A$LCD_Driver$1220                  LCD_Driver
C:   00002282  A$LCD_Driver$1221                  LCD_Driver
C:   00002283  A$LCD_Driver$1222                  LCD_Driver
C:   00002284  A$LCD_Driver$1223                  LCD_Driver
C:   00002285  A$LCD_Driver$1224                  LCD_Driver
C:   00002286  A$LCD_Driver$1225                  LCD_Driver
C:   00002287  A$LCD_Driver$1226                  LCD_Driver
C:   00002288  A$LCD_Driver$1227                  LCD_Driver
C:   00002289  A$LCD_Driver$1228                  LCD_Driver
C:   0000228A  A$LCD_Driver$1230                  LCD_Driver
C:   0000228C  A$LCD_Driver$1231                  LCD_Driver
C:   0000228E  A$LCD_Driver$1232                  LCD_Driver
C:   00002290  A$LCD_Driver$1233                  LCD_Driver
C:   00002293  A$LCD_Driver$1234                  LCD_Driver
C:   00002295  A$LCD_Driver$1237                  LCD_Driver
C:   00002295  C$LCD_Driver.c$190$2_0$93          LCD_Driver
C:   00002298  A$LCD_Driver$1238                  LCD_Driver
C:   00002299  A$LCD_Driver$1239                  LCD_Driver
C:   0000229A  A$LCD_Driver$1240                  LCD_Driver
C:   0000229D  A$LCD_Driver$1242                  LCD_Driver
ASxxxx Linker V03.00 + NoICE + sdld,  page 29.
Hexadecimal  [32-Bits]

Area                                    Addr        Size        Decimal Bytes (Attributes)
--------------------------------        ----        ----        ------- ----- ------------
CSEG                                0000209B    00002059 =        8281. bytes (REL,CON,CODE)

      Value  Global                              Global Defined In Module
      -----  --------------------------------   ------------------------
C:   0000229F  A$LCD_Driver$1245                  LCD_Driver
C:   0000229F  C$LCD_Driver.c$191$3_0$94          LCD_Driver
C:   000022A2  A$LCD_Driver$1246                  LCD_Driver
C:   000022A3  A$LCD_Driver$1247                  LCD_Driver
C:   000022A4  A$LCD_Driver$1250                  LCD_Driver
C:   000022A4  C$LCD_Driver.c$192$3_0$94          LCD_Driver
C:   000022A7  A$LCD_Driver$1251                  LCD_Driver
C:   000022A8  A$LCD_Driver$1252                  LCD_Driver
C:   000022AA  A$LCD_Driver$1253                  LCD_Driver
C:   000022AB  A$LCD_Driver$1256                  LCD_Driver
C:   000022AB  C$LCD_Driver.c$195$3_0$94          LCD_Driver
C:   000022AC  A$LCD_Driver$1257                  LCD_Driver
C:   000022AD  A$LCD_Driver$1258                  LCD_Driver
C:   000022B0  A$LCD_Driver$1260                  LCD_Driver
C:   000022B2  A$LCD_Driver$1263                  LCD_Driver
C:   000022B2  C$LCD_Driver.c$196$4_0$95          LCD_Driver
C:   000022B5  A$LCD_Driver$1264                  LCD_Driver
C:   000022B6  A$LCD_Driver$1265                  LCD_Driver
C:   000022B7  A$LCD_Driver$1269                  LCD_Driver
C:   000022B7  C$LCD_Driver.c$200$3_0$94          LCD_Driver
C:   000022BA  A$LCD_Driver$1270                  LCD_Driver
C:   000022BB  A$LCD_Driver$1271                  LCD_Driver
C:   000022BC  A$LCD_Driver$1272                  LCD_Driver
C:   000022BF  A$LCD_Driver$1273                  LCD_Driver
C:   000022C0  A$LCD_Driver$1274                  LCD_Driver
C:   000022C1  A$LCD_Driver$1275                  LCD_Driver
C:   000022C3  A$LCD_Driver$1276                  LCD_Driver
C:   000022C5  A$LCD_Driver$1277                  LCD_Driver
C:   000022C7  A$LCD_Driver$1278                  LCD_Driver
C:   000022C9  A$LCD_Driver$1279                  LCD_Driver
C:   000022CC  A$LCD_Driver$1280                  LCD_Driver
C:   000022CE  A$LCD_Driver$1281                  LCD_Driver
C:   000022D0  A$LCD_Driver$1282                  LCD_Driver
C:   000022D2  A$LCD_Driver$1286                  LCD_Driver
C:   000022D2  C$LCD_Driver.c$204$2_0$93          LCD_Driver
C:   000022D4  A$LCD_Driver$1287                  LCD_Driver
C:   000022D6  A$LCD_Driver$1288                  LCD_Driver
C:   000022D8  A$LCD_Driver$1289                  LCD_Driver
C:   000022DB  A$LCD_Driver$1290                  LCD_Driver
C:   000022DC  A$LCD_Driver$1291                  LCD_Driver
C:   000022DD  A$LCD_Driver$1292                  LCD_Driver
C:   000022DF  A$LCD_Driver$1293                  LCD_Driver
C:   000022E1  A$LCD_Driver$1294                  LCD_Driver
C:   000022E4  A$LCD_Driver$1295                  LCD_Driver
C:   000022E5  A$LCD_Driver$1296                  LCD_Driver
C:   000022E6  A$LCD_Driver$1297                  LCD_Driver
C:   000022E7  A$LCD_Driver$1298                  LCD_Driver
C:   000022E8  A$LCD_Driver$1299                  LCD_Driver
C:   000022E9  A$LCD_Driver$1300                  LCD_Driver
C:   000022EA  A$LCD_Driver$1301                  LCD_Driver
C:   000022EB  A$LCD_Driver$1302                  LCD_Driver
ASxxxx Linker V03.00 + NoICE + sdld,  page 30.
Hexadecimal  [32-Bits]

Area                                    Addr        Size        Decimal Bytes (Attributes)
--------------------------------        ----        ----        ------- ----- ------------
CSEG                                0000209B    00002059 =        8281. bytes (REL,CON,CODE)

      Value  Global                              Global Defined In Module
      -----  --------------------------------   ------------------------
C:   000022EC  A$LCD_Driver$1303                  LCD_Driver
C:   000022EE  A$LCD_Driver$1304                  LCD_Driver
C:   000022F0  A$LCD_Driver$1305                  LCD_Driver
C:   000022F2  A$LCD_Driver$1306                  LCD_Driver
C:   000022F4  A$LCD_Driver$1307                  LCD_Driver
C:   000022F7  A$LCD_Driver$1308                  LCD_Driver
C:   000022F9  A$LCD_Driver$1309                  LCD_Driver
C:   000022FB  A$LCD_Driver$1310                  LCD_Driver
C:   000022FD  A$LCD_Driver$1313                  LCD_Driver
C:   000022FD  C$LCD_Driver.c$205$2_0$93          LCD_Driver
C:   00002300  A$LCD_Driver$1314                  LCD_Driver
C:   00002301  A$LCD_Driver$1315                  LCD_Driver
C:   00002303  A$LCD_Driver$1316                  LCD_Driver
C:   00002304  A$LCD_Driver$1317                  LCD_Driver
C:   00002307  A$LCD_Driver$1319                  LCD_Driver
C:   0000230A  A$LCD_Driver$1320                  LCD_Driver
C:   0000230B  A$LCD_Driver$1321                  LCD_Driver
C:   0000230C  A$LCD_Driver$1322                  LCD_Driver
C:   0000230D  A$LCD_Driver$1323                  LCD_Driver
C:   0000230E  A$LCD_Driver$1324                  LCD_Driver
C:   0000230F  A$LCD_Driver$1325                  LCD_Driver
C:   00002310  A$LCD_Driver$1326                  LCD_Driver
C:   00002311  A$LCD_Driver$1327                  LCD_Driver
C:   00002312  A$LCD_Driver$1332                  LCD_Driver
C:   00002312  C$LCD_Driver.c$207$1_0$89          LCD_Driver
C:   00002312  XG$lcdputstr$0$0                   LCD_Driver
C:   00002313  A$LCD_Driver$1354                  LCD_Driver
C:   00002313  C$LCD_Driver.c$209$1_0$97          LCD_Driver
C:   00002313  G$lcdputstr_wordwrap$0$0           LCD_Driver
C:   00002313  _lcdputstr_wordwrap                LCD_Driver
C:   00002315  A$LCD_Driver$1355                  LCD_Driver
C:   00002317  A$LCD_Driver$1356                  LCD_Driver
C:   00002319  A$LCD_Driver$1357                  LCD_Driver
C:   0000231C  A$LCD_Driver$1358                  LCD_Driver
C:   0000231D  A$LCD_Driver$1359                  LCD_Driver
C:   0000231E  A$LCD_Driver$1360                  LCD_Driver
C:   0000231F  A$LCD_Driver$1361                  LCD_Driver
C:   00002320  A$LCD_Driver$1362                  LCD_Driver
C:   00002321  A$LCD_Driver$1363                  LCD_Driver
C:   00002322  A$LCD_Driver$1364                  LCD_Driver
C:   00002323  A$LCD_Driver$1367                  LCD_Driver
C:   00002323  C$LCD_Driver.c$211$2_0$97          LCD_Driver
C:   00002326  A$LCD_Driver$1368                  LCD_Driver
C:   00002327  A$LCD_Driver$1369                  LCD_Driver
C:   00002328  A$LCD_Driver$1372                  LCD_Driver
C:   00002328  C$LCD_Driver.c$212$2_0$97          LCD_Driver
C:   0000232B  A$LCD_Driver$1373                  LCD_Driver
C:   0000232C  A$LCD_Driver$1376                  LCD_Driver
C:   0000232C  C$LCD_Driver.c$215$1_0$97          LCD_Driver
C:   0000232F  A$LCD_Driver$1377                  LCD_Driver
C:   00002331  A$LCD_Driver$1380                  LCD_Driver
ASxxxx Linker V03.00 + NoICE + sdld,  page 31.
Hexadecimal  [32-Bits]

Area                                    Addr        Size        Decimal Bytes (Attributes)
--------------------------------        ----        ----        ------- ----- ------------
CSEG                                0000209B    00002059 =        8281. bytes (REL,CON,CODE)

      Value  Global                              Global Defined In Module
      -----  --------------------------------   ------------------------
C:   00002331  C$LCD_Driver.c$218$1_1$97          LCD_Driver
C:   00002333  A$LCD_Driver$1382                  LCD_Driver
C:   00002336  A$LCD_Driver$1384                  LCD_Driver
C:   00002338  A$LCD_Driver$1387                  LCD_Driver
C:   00002338  C$LCD_Driver.c$219$3_0$99          LCD_Driver
C:   00002339  A$LCD_Driver$1388                  LCD_Driver
C:   0000233C  A$LCD_Driver$1389                  LCD_Driver
C:   0000233D  A$LCD_Driver$1390                  LCD_Driver
C:   0000233E  A$LCD_Driver$1391                  LCD_Driver
C:   0000233F  A$LCD_Driver$1392                  LCD_Driver
C:   00002340  A$LCD_Driver$1393                  LCD_Driver
C:   00002341  A$LCD_Driver$1394                  LCD_Driver
C:   00002343  A$LCD_Driver$1397                  LCD_Driver
C:   00002343  C$LCD_Driver.c$220$3_0$99          LCD_Driver
C:   00002345  A$LCD_Driver$1398                  LCD_Driver
C:   00002347  A$LCD_Driver$1399                  LCD_Driver
C:   00002349  A$LCD_Driver$1400                  LCD_Driver
C:   0000234A  A$LCD_Driver$1401                  LCD_Driver
C:   0000234B  A$LCD_Driver$1402                  LCD_Driver
C:   0000234C  A$LCD_Driver$1403                  LCD_Driver
C:   0000234D  A$LCD_Driver$1404                  LCD_Driver
C:   0000234E  A$LCD_Driver$1405                  LCD_Driver
C:   00002350  A$LCD_Driver$1406                  LCD_Driver
C:   00002352  A$LCD_Driver$1407                  LCD_Driver
C:   00002353  A$LCD_Driver$1408                  LCD_Driver
C:   00002354  A$LCD_Driver$1409                  LCD_Driver
C:   00002355  A$LCD_Driver$1410                  LCD_Driver
C:   00002356  A$LCD_Driver$1411                  LCD_Driver
C:   00002358  A$LCD_Driver$1412                  LCD_Driver
C:   0000235A  A$LCD_Driver$1413                  LCD_Driver
C:   0000235D  A$LCD_Driver$1414                  LCD_Driver
C:   0000235F  A$LCD_Driver$1415                  LCD_Driver
C:   00002361  A$LCD_Driver$1418                  LCD_Driver
C:   00002361  C$LCD_Driver.c$221$4_0$100         LCD_Driver
C:   00002364  A$LCD_Driver$1419                  LCD_Driver
C:   00002365  A$LCD_Driver$1420                  LCD_Driver
C:   00002366  A$LCD_Driver$1423                  LCD_Driver
C:   00002366  C$LCD_Driver.c$222$4_0$100         LCD_Driver
C:   00002369  A$LCD_Driver$1424                  LCD_Driver
C:   0000236A  A$LCD_Driver$1425                  LCD_Driver
C:   0000236B  A$LCD_Driver$1426                  LCD_Driver
C:   0000236C  A$LCD_Driver$1427                  LCD_Driver
C:   0000236D  A$LCD_Driver$1430                  LCD_Driver
C:   0000236D  C$LCD_Driver.c$223$4_0$100         LCD_Driver
C:   0000236F  A$LCD_Driver$1434                  LCD_Driver
C:   0000236F  C$LCD_Driver.c$218$2_0$98          LCD_Driver
C:   00002370  A$LCD_Driver$1435                  LCD_Driver
C:   00002372  A$LCD_Driver$1439                  LCD_Driver
C:   00002372  C$LCD_Driver.c$227$2_0$101         LCD_Driver
C:   00002375  A$LCD_Driver$1440                  LCD_Driver
C:   00002376  A$LCD_Driver$1441                  LCD_Driver
ASxxxx Linker V03.00 + NoICE + sdld,  page 32.
Hexadecimal  [32-Bits]

Area                                    Addr        Size        Decimal Bytes (Attributes)
--------------------------------        ----        ----        ------- ----- ------------
CSEG                                0000209B    00002059 =        8281. bytes (REL,CON,CODE)

      Value  Global                              Global Defined In Module
      -----  --------------------------------   ------------------------
C:   00002377  A$LCD_Driver$1442                  LCD_Driver
C:   00002378  A$LCD_Driver$1443                  LCD_Driver
C:   00002379  A$LCD_Driver$1444                  LCD_Driver
C:   0000237A  A$LCD_Driver$1445                  LCD_Driver
C:   0000237B  A$LCD_Driver$1446                  LCD_Driver
C:   0000237C  A$LCD_Driver$1447                  LCD_Driver
C:   0000237D  A$LCD_Driver$1448                  LCD_Driver
C:   00002380  A$LCD_Driver$1449                  LCD_Driver
C:   00002381  A$LCD_Driver$1450                  LCD_Driver
C:   00002382  A$LCD_Driver$1451                  LCD_Driver
C:   00002383  A$LCD_Driver$1452                  LCD_Driver
C:   00002384  A$LCD_Driver$1453                  LCD_Driver
C:   00002385  A$LCD_Driver$1454                  LCD_Driver
C:   00002386  A$LCD_Driver$1455                  LCD_Driver
C:   00002387  A$LCD_Driver$1456                  LCD_Driver
C:   00002388  A$LCD_Driver$1460                  LCD_Driver
C:   00002388  C$LCD_Driver.c$229$1_1$97          LCD_Driver
C:   0000238A  A$LCD_Driver$1461                  LCD_Driver
C:   0000238C  A$LCD_Driver$1462                  LCD_Driver
C:   0000238E  A$LCD_Driver$1463                  LCD_Driver
C:   00002391  A$LCD_Driver$1464                  LCD_Driver
C:   00002392  A$LCD_Driver$1465                  LCD_Driver
C:   00002394  A$LCD_Driver$1466                  LCD_Driver
C:   00002397  A$LCD_Driver$1470                  LCD_Driver
C:   00002397  C$LCD_Driver.c$231$2_1$102         LCD_Driver
C:   0000239A  A$LCD_Driver$1471                  LCD_Driver
C:   0000239C  A$LCD_Driver$1473                  LCD_Driver
C:   0000239E  A$LCD_Driver$1474                  LCD_Driver
C:   0000239F  A$LCD_Driver$1475                  LCD_Driver
C:   000023A0  A$LCD_Driver$1476                  LCD_Driver
C:   000023A1  A$LCD_Driver$1477                  LCD_Driver
C:   000023A2  A$LCD_Driver$1478                  LCD_Driver
C:   000023A3  A$LCD_Driver$1479                  LCD_Driver
C:   000023A5  A$LCD_Driver$1480                  LCD_Driver
C:   000023A7  A$LCD_Driver$1481                  LCD_Driver
C:   000023A9  A$LCD_Driver$1482                  LCD_Driver
C:   000023AB  A$LCD_Driver$1483                  LCD_Driver
C:   000023AE  A$LCD_Driver$1484                  LCD_Driver
C:   000023B0  A$LCD_Driver$1485                  LCD_Driver
C:   000023B3  A$LCD_Driver$1490                  LCD_Driver
C:   000023B3  C$LCD_Driver.c$232$3_1$103         LCD_Driver
C:   000023B6  A$LCD_Driver$1491                  LCD_Driver
C:   000023B7  A$LCD_Driver$1492                  LCD_Driver
C:   000023B8  A$LCD_Driver$1493                  LCD_Driver
C:   000023B9  A$LCD_Driver$1494                  LCD_Driver
C:   000023BA  A$LCD_Driver$1495                  LCD_Driver
C:   000023BB  A$LCD_Driver$1496                  LCD_Driver
C:   000023BC  A$LCD_Driver$1497                  LCD_Driver
C:   000023BE  A$LCD_Driver$1498                  LCD_Driver
C:   000023BF  A$LCD_Driver$1499                  LCD_Driver
C:   000023C0  A$LCD_Driver$1500                  LCD_Driver
ASxxxx Linker V03.00 + NoICE + sdld,  page 33.
Hexadecimal  [32-Bits]

Area                                    Addr        Size        Decimal Bytes (Attributes)
--------------------------------        ----        ----        ------- ----- ------------
CSEG                                0000209B    00002059 =        8281. bytes (REL,CON,CODE)

      Value  Global                              Global Defined In Module
      -----  --------------------------------   ------------------------
C:   000023C1  A$LCD_Driver$1501                  LCD_Driver
C:   000023C2  A$LCD_Driver$1502                  LCD_Driver
C:   000023C4  A$LCD_Driver$1503                  LCD_Driver
C:   000023C6  A$LCD_Driver$1504                  LCD_Driver
C:   000023C8  A$LCD_Driver$1505                  LCD_Driver
C:   000023CB  A$LCD_Driver$1506                  LCD_Driver
C:   000023CC  A$LCD_Driver$1507                  LCD_Driver
C:   000023CF  A$LCD_Driver$1508                  LCD_Driver
C:   000023D1  A$LCD_Driver$1509                  LCD_Driver
C:   000023D3  A$LCD_Driver$1510                  LCD_Driver
C:   000023D5  A$LCD_Driver$1512                  LCD_Driver
C:   000023D7  A$LCD_Driver$1513                  LCD_Driver
C:   000023D9  A$LCD_Driver$1515                  LCD_Driver
C:   000023DA  A$LCD_Driver$1516                  LCD_Driver
C:   000023DB  A$LCD_Driver$1517                  LCD_Driver
C:   000023DC  A$LCD_Driver$1520                  LCD_Driver
C:   000023DC  C$LCD_Driver.c$235$3_1$103         LCD_Driver
C:   000023DF  A$LCD_Driver$1521                  LCD_Driver
C:   000023E0  A$LCD_Driver$1522                  LCD_Driver
C:   000023E1  A$LCD_Driver$1523                  LCD_Driver
C:   000023E3  A$LCD_Driver$1524                  LCD_Driver
C:   000023E5  A$LCD_Driver$1525                  LCD_Driver
C:   000023E7  A$LCD_Driver$1526                  LCD_Driver
C:   000023E8  A$LCD_Driver$1527                  LCD_Driver
C:   000023E9  A$LCD_Driver$1528                  LCD_Driver
C:   000023EA  A$LCD_Driver$1529                  LCD_Driver
C:   000023EB  A$LCD_Driver$1530                  LCD_Driver
C:   000023EC  A$LCD_Driver$1531                  LCD_Driver
C:   000023ED  A$LCD_Driver$1532                  LCD_Driver
C:   000023EE  A$LCD_Driver$1533                  LCD_Driver
C:   000023F0  A$LCD_Driver$1534                  LCD_Driver
C:   000023F1  A$LCD_Driver$1535                  LCD_Driver
C:   000023F3  A$LCD_Driver$1536                  LCD_Driver
C:   000023F5  A$LCD_Driver$1537                  LCD_Driver
C:   000023F8  A$LCD_Driver$1538                  LCD_Driver
C:   000023FA  A$LCD_Driver$1539                  LCD_Driver
C:   000023FC  A$LCD_Driver$1542                  LCD_Driver
C:   000023FC  C$LCD_Driver.c$236$4_1$104         LCD_Driver
C:   000023FF  A$LCD_Driver$1543                  LCD_Driver
C:   00002400  A$LCD_Driver$1544                  LCD_Driver
C:   00002401  A$LCD_Driver$1547                  LCD_Driver
C:   00002401  C$LCD_Driver.c$237$4_1$104         LCD_Driver
C:   00002404  A$LCD_Driver$1548                  LCD_Driver
C:   00002405  A$LCD_Driver$1549                  LCD_Driver
C:   00002407  A$LCD_Driver$1550                  LCD_Driver
C:   00002408  A$LCD_Driver$1553                  LCD_Driver
C:   00002408  C$LCD_Driver.c$240$4_1$104         LCD_Driver
C:   00002409  A$LCD_Driver$1554                  LCD_Driver
C:   0000240A  A$LCD_Driver$1555                  LCD_Driver
C:   0000240D  A$LCD_Driver$1557                  LCD_Driver
C:   0000240F  A$LCD_Driver$1560                  LCD_Driver
ASxxxx Linker V03.00 + NoICE + sdld,  page 34.
Hexadecimal  [32-Bits]

Area                                    Addr        Size        Decimal Bytes (Attributes)
--------------------------------        ----        ----        ------- ----- ------------
CSEG                                0000209B    00002059 =        8281. bytes (REL,CON,CODE)

      Value  Global                              Global Defined In Module
      -----  --------------------------------   ------------------------
C:   0000240F  C$LCD_Driver.c$241$5_1$105         LCD_Driver
C:   00002412  A$LCD_Driver$1561                  LCD_Driver
C:   00002413  A$LCD_Driver$1562                  LCD_Driver
C:   00002414  A$LCD_Driver$1566                  LCD_Driver
C:   00002414  C$LCD_Driver.c$245$4_1$104         LCD_Driver
C:   00002417  A$LCD_Driver$1567                  LCD_Driver
C:   00002418  A$LCD_Driver$1568                  LCD_Driver
C:   00002419  A$LCD_Driver$1569                  LCD_Driver
C:   0000241C  A$LCD_Driver$1570                  LCD_Driver
C:   0000241D  A$LCD_Driver$1571                  LCD_Driver
C:   0000241E  A$LCD_Driver$1572                  LCD_Driver
C:   00002420  A$LCD_Driver$1573                  LCD_Driver
C:   00002422  A$LCD_Driver$1574                  LCD_Driver
C:   00002424  A$LCD_Driver$1575                  LCD_Driver
C:   00002426  A$LCD_Driver$1576                  LCD_Driver
C:   00002429  A$LCD_Driver$1577                  LCD_Driver
C:   0000242B  A$LCD_Driver$1578                  LCD_Driver
C:   0000242D  A$LCD_Driver$1579                  LCD_Driver
C:   0000242F  A$LCD_Driver$1583                  LCD_Driver
C:   0000242F  C$LCD_Driver.c$249$5_1$106         LCD_Driver
C:   00002432  A$LCD_Driver$1584                  LCD_Driver
[...]
C:   0000318D  C$LCD_Driver.c$793$3_1$207         LCD_Driver
C:   00003190  A$LCD_Driver$4370                  LCD_Driver
C:   00003193  A$LCD_Driver$4371                  LCD_Driver
C:   00003196  A$LCD_Driver$4374                  LCD_Driver
C:   00003196  C$LCD_Driver.c$794$3_1$207         LCD_Driver
C:   00003199  A$LCD_Driver$4375                  LCD_Driver
C:   0000319B  A$LCD_Driver$4376                  LCD_Driver
C:   0000319D  A$LCD_Driver$4377                  LCD_Driver
C:   000031A0  A$LCD_Driver$4378                  LCD_Driver
C:   000031A1  A$LCD_Driver$4379                  LCD_Driver
C:   000031A2  A$LCD_Driver$4380                  LCD_Driver
C:   000031A3  A$LCD_Driver$4381                  LCD_Driver
C:   000031A4  A$LCD_Driver$4382                  LCD_Driver
C:   000031A5  A$LCD_Driver$4385                  LCD_Driver
C:   000031A5  C$LCD_Driver.c$796$3_1$207         LCD_Driver
C:   000031A8  A$LCD_Driver$4386                  LCD_Driver
C:   000031A9  A$LCD_Driver$4387                  LCD_Driver
C:   000031AA  A$LCD_Driver$4388                  LCD_Driver
C:   000031AB  A$LCD_Driver$4389                  LCD_Driver
C:   000031AC  A$LCD_Driver$4390                  LCD_Driver
C:   000031AF  A$LCD_Driver$4391                  LCD_Driver
C:   000031B0  A$LCD_Driver$4392                  LCD_Driver
C:   000031B1  A$LCD_Driver$4393                  LCD_Driver
C:   000031B3  A$LCD_Driver$4394                  LCD_Driver
C:   000031B6  A$LCD_Driver$4397                  LCD_Driver
C:   000031B6  C$LCD_Driver.c$797$3_1$207         LCD_Driver
C:   000031B9  A$LCD_Driver$4398                  LCD_Driver
C:   000031BC  A$LCD_Driver$4399                  LCD_Driver
C:   000031BF  A$LCD_Driver$4402                  LCD_Driver
C:   000031BF  C$LCD_Driver.c$798$3_1$207         LCD_Driver
C:   000031C2  A$LCD_Driver$4408                  LCD_Driver
C:   000031C2  C$LCD_Driver.c$800$3_1$207         LCD_Driver
C:   000031C2  C$LCD_Driver.c$801$3_1$207         LCD_Driver
C:   000031C5  A$LCD_Driver$4411                  LCD_Driver
C:   000031C5  C$LCD_Driver.c$802$3_1$207         LCD_Driver
C:   000031C8  A$LCD_Driver$4417                  LCD_Driver
C:   000031C8  C$LCD_Driver.c$804$3_1$207         LCD_Driver
C:   000031C8  C$LCD_Driver.c$805$3_1$207         LCD_Driver
C:   000031CB  A$LCD_Driver$4420                  LCD_Driver
C:   000031CB  C$LCD_Driver.c$806$3_1$207         LCD_Driver
C:   000031CE  A$LCD_Driver$4426                  LCD_Driver
C:   000031CE  C$LCD_Driver.c$808$3_1$207         LCD_Driver
C:   000031CE  C$LCD_Driver.c$809$3_1$207         LCD_Driver
C:   000031D1  A$LCD_Driver$4429                  LCD_Driver
C:   000031D1  C$LCD_Driver.c$810$3_1$207         LCD_Driver
C:   000031D4  A$LCD_Driver$4435                  LCD_Driver
C:   000031D4  C$LCD_Driver.c$812$3_1$207         LCD_Driver
C:   000031D4  C$LCD_Driver.c$813$3_1$207         LCD_Driver
ASxxxx Linker V03.00 + NoICE + sdld,  page 77.
Hexadecimal  [32-Bits]

Area                                    Addr        Size        Decimal Bytes (Attributes)
--------------------------------        ----        ----        ------- ----- ------------
CSEG                                0000209B    00002059 =        8281. bytes (REL,CON,CODE)

      Value  Global                              Global Defined In Module
      -----  --------------------------------   ------------------------
C:   000031D7  A$LCD_Driver$4436                  LCD_Driver
C:   000031DA  A$LCD_Driver$4437                  LCD_Driver
C:   000031DD  A$LCD_Driver$4440                  LCD_Driver
C:   000031DD  C$LCD_Driver.c$814$3_1$207         LCD_Driver
C:   000031E0  A$LCD_Driver$4441                  LCD_Driver
C:   000031E2  A$LCD_Driver$4442                  LCD_Driver
C:   000031E3  A$LCD_Driver$4443                  LCD_Driver
C:   000031E6  A$LCD_Driver$4444                  LCD_Driver
C:   000031E9  A$LCD_Driver$4445                  LCD_Driver
C:   000031EC  A$LCD_Driver$4448                  LCD_Driver
C:   000031EC  C$LCD_Driver.c$816$3_1$207         LCD_Driver
C:   000031EF  A$LCD_Driver$4449                  LCD_Driver
C:   000031F0  A$LCD_Driver$4450                  LCD_Driver
C:   000031F1  A$LCD_Driver$4451                  LCD_Driver
C:   000031F4  A$LCD_Driver$4453                  LCD_Driver
C:   000031F6  A$LCD_Driver$4454                  LCD_Driver
C:   000031F7  A$LCD_Driver$4455                  LCD_Driver
C:   000031F9  A$LCD_Driver$4456                  LCD_Driver
C:   000031FB  A$LCD_Driver$4460                  LCD_Driver
C:   000031FB  C$LCD_Driver.c$817$4_1$208         LCD_Driver
C:   000031FE  A$LCD_Driver$4461                  LCD_Driver
C:   00003201  A$LCD_Driver$4462                  LCD_Driver
C:   00003204  A$LCD_Driver$4465                  LCD_Driver
C:   00003204  C$LCD_Driver.c$818$4_1$208         LCD_Driver
C:   00003207  A$LCD_Driver$4469                  LCD_Driver
C:   00003207  C$LCD_Driver.c$821$3_1$207         LCD_Driver
C:   0000320A  A$LCD_Driver$4470                  LCD_Driver
C:   0000320D  A$LCD_Driver$4471                  LCD_Driver
C:   00003210  A$LCD_Driver$4474                  LCD_Driver
C:   00003210  C$LCD_Driver.c$822$3_1$207         LCD_Driver
C:   00003213  A$LCD_Driver$4475                  LCD_Driver
C:   00003215  A$LCD_Driver$4476                  LCD_Driver
C:   00003218  A$LCD_Driver$4477                  LCD_Driver
C:   0000321B  A$LCD_Driver$4478                  LCD_Driver
C:   0000321C  A$LCD_Driver$4479                  LCD_Driver
C:   0000321E  A$LCD_Driver$4480                  LCD_Driver
C:   0000321F  A$LCD_Driver$4481                  LCD_Driver
C:   00003220  A$LCD_Driver$4484                  LCD_Driver
C:   00003220  C$LCD_Driver.c$823$3_1$207         LCD_Driver
C:   00003223  A$LCD_Driver$4485                  LCD_Driver
C:   00003226  A$LCD_Driver$4486                  LCD_Driver
C:   00003229  A$LCD_Driver$4489                  LCD_Driver
C:   00003229  C$LCD_Driver.c$824$3_1$207         LCD_Driver
C:   0000322C  A$LCD_Driver$4490                  LCD_Driver
C:   0000322E  A$LCD_Driver$4491                  LCD_Driver
C:   00003230  A$LCD_Driver$4492                  LCD_Driver
C:   00003233  A$LCD_Driver$4493                  LCD_Driver
C:   00003234  A$LCD_Driver$4494                  LCD_Driver
C:   00003235  A$LCD_Driver$4495                  LCD_Driver
C:   00003236  A$LCD_Driver$4496                  LCD_Driver
C:   00003237  A$LCD_Driver$4497                  LCD_Driver
ASxxxx Linker V03.00 + NoICE + sdld,  page 78.
Hexadecimal  [32-Bits]

Area                                    Addr        Size        Decimal Bytes (Attributes)
--------------------------------        ----        ----        ------- ----- ------------
CSEG                                0000209B    00002059 =        8281. bytes (REL,CON,CODE)

      Value  Global                              Global Defined In Module
      -----  --------------------------------   ------------------------
C:   00003238  A$LCD_Driver$4500                  LCD_Driver
C:   00003238  C$LCD_Driver.c$826$3_1$207         LCD_Driver
C:   0000323B  A$LCD_Driver$4501                  LCD_Driver
C:   0000323C  A$LCD_Driver$4502                  LCD_Driver
C:   0000323D  A$LCD_Driver$4503                  LCD_Driver
C:   0000323E  A$LCD_Driver$4504                  LCD_Driver
C:   0000323F  A$LCD_Driver$4505                  LCD_Driver
C:   00003242  A$LCD_Driver$4506                  LCD_Driver
C:   00003243  A$LCD_Driver$4507                  LCD_Driver
C:   00003245  A$LCD_Driver$4508                  LCD_Driver
C:   00003246  A$LCD_Driver$4509                  LCD_Driver
C:   00003249  A$LCD_Driver$4510                  LCD_Driver
C:   0000324A  A$LCD_Driver$4511                  LCD_Driver
C:   0000324B  A$LCD_Driver$4512                  LCD_Driver
C:   0000324E  A$LCD_Driver$4513                  LCD_Driver
C:   0000324F  A$LCD_Driver$4514                  LCD_Driver
C:   00003250  A$LCD_Driver$4515                  LCD_Driver
C:   00003252  A$LCD_Driver$4516                  LCD_Driver
C:   00003255  A$LCD_Driver$4521                  LCD_Driver
C:   00003255  C$LCD_Driver.c$827$3_1$207         LCD_Driver
C:   00003255  C$LCD_Driver.c$829$3_1$207         LCD_Driver
C:   00003257  A$LCD_Driver$4525                  LCD_Driver
C:   00003257  C$LCD_Driver.c$830$3_1$207         LCD_Driver
C:   0000325A  A$LCD_Driver$4530                  LCD_Driver
C:   0000325A  C$LCD_Driver.c$831$3_1$207         LCD_Driver
C:   0000325A  C$LCD_Driver.c$833$3_1$207         LCD_Driver
C:   0000325C  A$LCD_Driver$4534                  LCD_Driver
C:   0000325C  C$LCD_Driver.c$834$3_1$207         LCD_Driver
C:   0000325F  A$LCD_Driver$4539                  LCD_Driver
C:   0000325F  C$LCD_Driver.c$835$3_1$207         LCD_Driver
C:   0000325F  C$LCD_Driver.c$837$3_1$207         LCD_Driver
C:   00003261  A$LCD_Driver$4543                  LCD_Driver
C:   00003261  C$LCD_Driver.c$838$3_1$207         LCD_Driver
C:   00003264  A$LCD_Driver$4548                  LCD_Driver
C:   00003264  C$LCD_Driver.c$839$3_1$207         LCD_Driver
C:   00003264  C$LCD_Driver.c$841$3_1$207         LCD_Driver
C:   00003266  A$LCD_Driver$4552                  LCD_Driver
C:   00003266  C$LCD_Driver.c$842$3_1$207         LCD_Driver
C:   00003269  A$LCD_Driver$4557                  LCD_Driver
C:   00003269  C$LCD_Driver.c$843$3_1$207         LCD_Driver
C:   00003269  C$LCD_Driver.c$845$3_1$207         LCD_Driver
C:   0000326B  A$LCD_Driver$4561                  LCD_Driver
C:   0000326B  C$LCD_Driver.c$846$3_1$207         LCD_Driver
C:   0000326E  A$LCD_Driver$4566                  LCD_Driver
C:   0000326E  C$LCD_Driver.c$847$3_1$207         LCD_Driver
C:   0000326E  C$LCD_Driver.c$849$3_1$207         LCD_Driver
C:   00003270  A$LCD_Driver$4570                  LCD_Driver
C:   00003270  C$LCD_Driver.c$850$3_1$207         LCD_Driver
C:   00003272  A$LCD_Driver$4571                  LCD_Driver
C:   00003274  A$LCD_Driver$4572                  LCD_Driver
C:   00003276  A$LCD_Driver$4573                  LCD_Driver
ASxxxx Linker V03.00 + NoICE + sdld,  page 79.
Hexadecimal  [32-Bits]

Area                                    Addr        Size        Decimal Bytes (Attributes)
--------------------------------        ----        ----        ------- ----- ------------
CSEG                                0000209B    00002059 =        8281. bytes (REL,CON,CODE)

      Value  Global                              Global Defined In Module
      -----  --------------------------------   ------------------------
C:   00003278  A$LCD_Driver$4574                  LCD_Driver
C:   0000327A  A$LCD_Driver$4575                  LCD_Driver
C:   0000327C  A$LCD_Driver$4576                  LCD_Driver
C:   0000327F  A$LCD_Driver$4577                  LCD_Driver
C:   00003281  A$LCD_Driver$4578                  LCD_Driver
C:   00003283  A$LCD_Driver$4579                  LCD_Driver
C:   00003285  A$LCD_Driver$4582                  LCD_Driver
C:   00003285  C$LCD_Driver.c$851$3_1$207         LCD_Driver
C:   00003288  A$LCD_Driver$4588                  LCD_Driver
C:   00003288  C$LCD_Driver.c$853$2_1$204         LCD_Driver
C:   00003288  C$LCD_Driver.c$855$2_1$204         LCD_Driver
C:   0000328B  A$LCD_Driver$4589                  LCD_Driver
C:   0000328E  A$LCD_Driver$4590                  LCD_Driver
C:   00003291  A$LCD_Driver$4591                  LCD_Driver
C:   00003294  A$LCD_Driver$4596                  LCD_Driver
C:   00003294  C$LCD_Driver.c$857$1_1$202         LCD_Driver
C:   00003294  XG$main$0$0                        LCD_Driver
C:   00003295  FLCD_Driver$__str_1$0_0$0          LCD_Driver
C:   00003295  FLCD_Driver$__str_10$0_0$0         LCD_Driver
C:   00003295  FLCD_Driver$__str_11$0_0$0         LCD_Driver
C:   00003295  FLCD_Driver$__str_12$0_0$0         LCD_Driver
C:   00003295  FLCD_Driver$__str_13$0_0$0         LCD_Driver
C:   00003295  FLCD_Driver$__str_14$0_0$0         LCD_Driver
C:   00003295  FLCD_Driver$__str_15$0_0$0         LCD_Driver
C:   00003295  FLCD_Driver$__str_16$0_0$0         LCD_Driver
C:   00003295  FLCD_Driver$__str_17$0_0$0         LCD_Driver
C:   00003295  FLCD_Driver$__str_18$0_0$0         LCD_Driver
C:   00003295  FLCD_Driver$__str_19$0_0$0         LCD_Driver
C:   00003295  FLCD_Driver$__str_2$0_0$0          LCD_Driver
C:   00003295  FLCD_Driver$__str_20$0_0$0         LCD_Driver
C:   00003295  FLCD_Driver$__str_21$0_0$0         LCD_Driver
C:   00003295  FLCD_Driver$__str_22$0_0$0         LCD_Driver
C:   00003295  FLCD_Driver$__str_23$0_0$0         LCD_Driver
C:   00003295  FLCD_Driver$__str_24$0_0$0         LCD_Driver
C:   00003295  FLCD_Driver$__str_25$0_0$0         LCD_Driver
C:   00003295  FLCD_Driver$__str_26$0_0$0         LCD_Driver
C:   00003295  FLCD_Driver$__str_27$0_0$0         LCD_Driver
C:   00003295  FLCD_Driver$__str_28$0_0$0         LCD_Driver
C:   00003295  FLCD_Driver$__str_29$0_0$0         LCD_Driver
C:   00003295  FLCD_Driver$__str_3$0_0$0          LCD_Driver
C:   00003295  FLCD_Driver$__str_30$0_0$0         LCD_Driver
C:   00003295  FLCD_Driver$__str_31$0_0$0         LCD_Driver
C:   00003295  FLCD_Driver$__str_32$0_0$0         LCD_Driver
C:   00003295  FLCD_Driver$__str_33$0_0$0         LCD_Driver
C:   00003295  FLCD_Driver$__str_34$0_0$0         LCD_Driver
C:   00003295  FLCD_Driver$__str_35$0_0$0         LCD_Driver
C:   00003295  FLCD_Driver$__str_36$0_0$0         LCD_Driver
C:   00003295  FLCD_Driver$__str_37$0_0$0         LCD_Driver
C:   00003295  FLCD_Driver$__str_38$0_0$0         LCD_Driver
C:   00003295  FLCD_Driver$__str_39$0_0$0         LCD_Driver
C:   00003295  FLCD_Driver$__str_4$0_0$0          LCD_Driver
ASxxxx Linker V03.00 + NoICE + sdld,  page 80.
Hexadecimal  [32-Bits]

Area                                    Addr        Size        Decimal Bytes (Attributes)
--------------------------------        ----        ----        ------- ----- ------------
CSEG                                0000209B    00002059 =        8281. bytes (REL,CON,CODE)

      Value  Global                              Global Defined In Module
      -----  --------------------------------   ------------------------
C:   00003295  FLCD_Driver$__str_40$0_0$0         LCD_Driver
C:   00003295  FLCD_Driver$__str_41$0_0$0         LCD_Driver
C:   00003295  FLCD_Driver$__str_42$0_0$0         LCD_Driver
C:   00003295  FLCD_Driver$__str_43$0_0$0         LCD_Driver
C:   00003295  FLCD_Driver$__str_44$0_0$0         LCD_Driver
C:   00003295  FLCD_Driver$__str_5$0_0$0          LCD_Driver
C:   00003295  FLCD_Driver$__str_6$0_0$0          LCD_Driver
C:   00003295  FLCD_Driver$__str_7$0_0$0          LCD_Driver
C:   00003295  FLCD_Driver$__str_8$0_0$0          LCD_Driver
C:   00003295  FLCD_Driver$__str_9$0_0$0          LCD_Driver
C:   00003295  __divuint                          _divuint
C:   00003322  _atoi                              atoi
C:   00003446  __gptrput                          _gptrput
C:   00003461  __mulint                           _mulint
C:   00003481  __moduint                          _moduint
C:   0000359D  _vsprintf                          sprintf
C:   000035FE  _sprintf                           sprintf
C:   00003669  _vprintf                           vprintf
C:   000036A8  _printf                            vprintf
C:   000037AE  __print_format                     printf_large
C:   000040BC  _strlen                            _strlen
C:   000040D4  __gptrget                          _gptrget
C:   000040F0  __sdcc_external_startup            _startup

ASxxxx Linker V03.00 + NoICE + sdld,  page 81.
Hexadecimal  [32-Bits]

Area                                    Addr        Size        Decimal Bytes (Attributes)
--------------------------------        ----        ----        ------- ----- ------------
CONST                               000040F4    0000048D =        1165. bytes (REL,CON,CODE)

      Value  Global                              Global Defined In Module
      -----  --------------------------------   ------------------------
C:   000040F4  G$row_addresses$0_0$0              LCD_Driver
C:   000040F4  _row_addresses                     LCD_Driver
C:   000040F8  FLCD_Driver$__str_0$0_0$0          LCD_Driver
ASxxxx Linker V03.00 + NoICE + sdld,  page 82.
Hexadecimal  [32-Bits]

Area                                    Addr        Size        Decimal Bytes (Attributes)
--------------------------------        ----        ----        ------- ----- ------------
XINIT                               00004581    0000003E =          62. bytes (REL,CON,CODE)

      Value  Global                              Global Defined In Module
      -----  --------------------------------   ------------------------
C:   00004581  FLCD_Driver$__xinit_system_clock   LCD_Driver
C:   00004589  FLCD_Driver$__xinit_timer_do_som   LCD_Driver
C:   0000458A  FLCD_Driver$__xinit_cursor_backu   LCD_Driver
C:   0000458D  FLCD_Driver$__xinit_current_row$   LCD_Driver
C:   0000458E  FLCD_Driver$__xinit_current_col$   LCD_Driver
C:   0000458F  FLCD_Driver$__xinit_lcd_cmd_ptr$   LCD_Driver
C:   00004591  FLCD_Driver$__xinit_lcdputch_ptr   LCD_Driver
C:   00004593  FLCD_Driver$__xinit_lcd_status_p   LCD_Driver
C:   00004595  FLCD_Driver$__xinit_lcd_read_ptr   LCD_Driver
C:   00004597  FLCD_Driver$__xinit_custom_char_   LCD_Driver
C:   0000459F  FLCD_Driver$__xinit_custom_char_   LCD_Driver
C:   000045A7  FLCD_Driver$__xinit_custom_char_   LCD_Driver
C:   000045AF  FLCD_Driver$__xinit_custom_char_   LCD_Driver
C:   000045B7  FLCD_Driver$__xinit_custom_char_   LCD_Driver

ASxxxx Linker V03.00 + NoICE + sdld,  page 83.

Files Linked                              [ module(s) ]

build/obj/LCD_Driver.rel                  [  ]


Libraries Linked                          [ object file ]

C:\Program Files\SDCC\bin\..\lib\large/libint.lib
                                          [ _divuint.rel ]
C:\Program Files\SDCC\bin\..\lib\large/mcs51.lib
                                          [ crtclear.rel ]
C:\Program Files\SDCC\bin\..\lib\large/libsdcc.lib
                                          [ atoi.rel ]
C:\Program Files\SDCC\bin\..\lib\large/mcs51.lib
                                          [ crtxinit.rel ]
C:\Program Files\SDCC\bin\..\lib\large/libsdcc.lib
                                          [ _gptrput.rel ]
C:\Program Files\SDCC\bin\..\lib\large/libint.lib
                                          [ _mulint.rel ]
C:\Program Files\SDCC\bin\..\lib\large/libint.lib
                                          [ _moduint.rel ]
C:\Program Files\SDCC\bin\..\lib\large/mcs51.lib
                                          [ crtxclear.rel ]
C:\Program Files\SDCC\bin\..\lib\large/libsdcc.lib
                                          [ sprintf.rel ]
C:\Program Files\SDCC\bin\..\lib\large/libsdcc.lib
                                          [ _bp.rel ]
C:\Program Files\SDCC\bin\..\lib\large/libsdcc.lib
                                          [ vprintf.rel ]
C:\Program Files\SDCC\bin\..\lib\large/libsdcc.lib
                                          [ printf_large.rel ]
C:\Program Files\SDCC\bin\..\lib\large/mcs51.lib
                                          [ crtpagesfr.rel ]
C:\Program Files\SDCC\bin\..\lib\large/libsdcc.lib
                                          [ _strlen.rel ]
C:\Program Files\SDCC\bin\..\lib\large/mcs51.lib
                                          [ gptr_cmp.rel ]
C:\Program Files\SDCC\bin\..\lib\large/mcs51.lib
                                          [ crtstart.rel ]
C:\Program Files\SDCC\bin\..\lib\large/libsdcc.lib
                                          [ _gptrget.rel ]
C:\Program Files\SDCC\bin\..\lib\large/libsdcc.lib
                                          [ _startup.rel ]

ASxxxx Linker V03.00 + NoICE + sdld,  page 84.

User Base Address Definitions

HOME = 0x2000
XSEG = 0x0400
PSEG = 0x0400
ISEG = 0x0000
BSEG = 0x0000

